INFO:root:Building index_type='hnsw'
INFO:root:Indexing time = 0.4952967166900635 seconds
INFO:root:Metrics: {'node_links': 32, 'ef_construction': 30, 'recall': 0.9719229999999288, 'qps': 4307.095193973133, 'latency_p50': 0.2276897430419922, 'latency_p95': 0.3223419189453125, 'latency_p99': 0.377655029296875, 'latency_p999': 0.46325349807739385, 'distance_computations': 1497.9124}
INFO:root:Metrics: {'node_links': 32, 'ef_construction': 30, 'recall': 0.9896019999999613, 'qps': 2680.82787731084, 'latency_p50': 0.37217140197753906, 'latency_p95': 0.506174564361572, 'latency_p99': 0.5624294281005859, 'latency_p999': 0.6384928226470963, 'distance_computations': 4367.8993, 'distance_type': 'l2', 'ef_search': 100}
INFO:root:Metrics: {'node_links': 32, 'ef_construction': 30, 'recall': 0.9938459999999668, 'qps': 1968.054512191059, 'latency_p50': 0.5074739456176758, 'latency_p95': 0.693094730377197, 'latency_p99': 0.7689046859741212, 'latency_p999': 0.8459093570709229, 'distance_computations': 8596.2792, 'distance_type': 'l2', 'ef_search': 200}
INFO:root:Metrics: {'node_links': 32, 'ef_construction': 30, 'recall': 0.996296999999973, 'qps': 1311.6956146038497, 'latency_p50': 0.7596015930175781, 'latency_p95': 1.0471343994140625, 'latency_p99': 1.1591982841491701, 'latency_p999': 1.2831702232360842, 'distance_computations': 15509.3764, 'distance_type': 'l2', 'ef_search': 300}
INFO:root:Metrics: {'node_links': 32, 'ef_construction': 30, 'recall': 0.9979649999999796, 'qps': 743.4423530070719, 'latency_p50': 1.3463497161865234, 'latency_p95': 1.839649677276611, 'latency_p99': 2.033712863922119, 'latency_p999': 2.1970274448394775, 'distance_computations': 29017.3627, 'distance_type': 'l2', 'ef_search': 500}
INFO:root:Metrics: {'node_links': 32, 'ef_construction': 30, 'recall': 0.9993239999999907, 'qps': 287.55381310849106, 'latency_p50': 3.5043954849243164, 'latency_p95': 4.534482955932617, 'latency_p99': 4.912188053131105, 'latency_p999': 5.271938562393194, 'distance_computations': 68105.4155, 'distance_type': 'l2', 'ef_search': 1000}
INFO:root:Building index_type='hnsw'
INFO:root:Indexing time = 0.5394072532653809 seconds
INFO:root:Metrics: {'node_links': 32, 'ef_construction': 40, 'recall': 0.9791559999999355, 'qps': 4400.078511685328, 'latency_p50': 0.2276897430419922, 'latency_p95': 0.30422210693359375, 'latency_p99': 0.3407025337219239, 'latency_p999': 0.41032028198242226, 'distance_computations': 1593.9882, 'distance_type': 'l2', 'ef_search': 3000}
INFO:root:Metrics: {'node_links': 32, 'ef_construction': 40, 'recall': 0.9932309999999659, 'qps': 2645.6949041011417, 'latency_p50': 0.37789344787597656, 'latency_p95': 0.5133152008056641, 'latency_p99': 0.5657672882080078, 'latency_p999': 0.6413462162017822, 'distance_computations': 4660.0916, 'distance_type': 'l2', 'ef_search': 100}
INFO:root:Metrics: {'node_links': 32, 'ef_construction': 40, 'recall': 0.9961989999999723, 'qps': 1947.2694079453327, 'latency_p50': 0.5123615264892578, 'latency_p95': 0.7030963897705078, 'latency_p99': 0.7765316963195801, 'latency_p999': 0.8680820465087891, 'distance_computations': 9186.3986, 'distance_type': 'l2', 'ef_search': 200}
INFO:root:Metrics: {'node_links': 32, 'ef_construction': 40, 'recall': 0.9978489999999796, 'qps': 1303.6167147354734, 'latency_p50': 0.7660388946533203, 'latency_p95': 1.0585784912109375, 'latency_p99': 1.165874004364014, 'latency_p999': 1.2915189266204845, 'distance_computations': 16603.7859, 'distance_type': 'l2', 'ef_search': 300}
INFO:root:Metrics: {'node_links': 32, 'ef_construction': 40, 'recall': 0.998937999999987, 'qps': 742.3927165402065, 'latency_p50': 1.3499259948730469, 'latency_p95': 1.848471164703369, 'latency_p99': 2.034935951232911, 'latency_p999': 2.2065694332122816, 'distance_computations': 31132.9075, 'distance_type': 'l2', 'ef_search': 500}
INFO:root:Metrics: {'node_links': 32, 'ef_construction': 40, 'recall': 0.9996599999999944, 'qps': 289.43714090727565, 'latency_p50': 3.4754276275634766, 'latency_p95': 4.500877857208252, 'latency_p99': 4.87494707107544, 'latency_p999': 5.251914024353034, 'distance_computations': 73335.6543, 'distance_type': 'l2', 'ef_search': 1000}
INFO:root:Building index_type='hnsw'
INFO:root:Indexing time = 0.6419391632080078 seconds
INFO:root:Metrics: {'node_links': 32, 'ef_construction': 50, 'recall': 0.98263699999994, 'qps': 4240.752538478703, 'latency_p50': 0.2357959747314453, 'latency_p95': 0.3170967102050781, 'latency_p99': 0.3543043136596683, 'latency_p999': 0.41341924667358426, 'distance_computations': 1660.9995, 'distance_type': 'l2', 'ef_search': 3000}
INFO:root:Metrics: {'node_links': 32, 'ef_construction': 50, 'recall': 0.9949669999999705, 'qps': 2546.694361326665, 'latency_p50': 0.3921985626220703, 'latency_p95': 0.5359888076782223, 'latency_p99': 0.5953311920166016, 'latency_p999': 0.661616325378419, 'distance_computations': 4866.562, 'distance_type': 'l2', 'ef_search': 100}
INFO:root:Metrics: {'node_links': 32, 'ef_construction': 50, 'recall': 0.9973059999999785, 'qps': 1868.6724970903795, 'latency_p50': 0.5333423614501953, 'latency_p95': 0.7371902465820312, 'latency_p99': 0.8158874511718754, 'latency_p999': 0.9114758968353275, 'distance_computations': 9604.987, 'distance_type': 'l2', 'ef_search': 200}
INFO:root:Metrics: {'node_links': 32, 'ef_construction': 50, 'recall': 0.9985979999999847, 'qps': 1253.7470689733302, 'latency_p50': 0.7970333099365234, 'latency_p95': 1.104593276977539, 'latency_p99': 1.230480670928955, 'latency_p999': 1.3568432331085212, 'distance_computations': 17381.5036, 'distance_type': 'l2', 'ef_search': 300}
INFO:root:Metrics: {'node_links': 32, 'ef_construction': 50, 'recall': 0.9993279999999906, 'qps': 715.7553344694372, 'latency_p50': 1.4014244079589844, 'latency_p95': 1.927411556243896, 'latency_p99': 2.134337425231934, 'latency_p999': 2.3241174221038845, 'distance_computations': 32643.317, 'distance_type': 'l2', 'ef_search': 500}
INFO:root:Metrics: {'node_links': 32, 'ef_construction': 50, 'recall': 0.9997769999999963, 'qps': 280.3811913125619, 'latency_p50': 3.589630126953125, 'latency_p95': 4.665863513946533, 'latency_p99': 5.063538551330566, 'latency_p999': 5.460505485534669, 'distance_computations': 77112.8544, 'distance_type': 'l2', 'ef_search': 1000}
INFO:root:Building index_type='hnsw'
INFO:root:Indexing time = 1.1463470458984375 seconds
INFO:root:Metrics: {'node_links': 32, 'ef_construction': 100, 'recall': 0.9888829999999483, 'qps': 3800.2827082182453, 'latency_p50': 0.26416778564453125, 'latency_p95': 0.35643577575683594, 'latency_p99': 0.3948211669921875, 'latency_p999': 0.43439936637878435, 'distance_computations': 1829.516, 'distance_type': 'l2', 'ef_search': 3000}
INFO:root:Metrics: {'node_links': 32, 'ef_construction': 100, 'recall': 0.9975789999999819, 'qps': 2278.670306987008, 'latency_p50': 0.4398822784423828, 'latency_p95': 0.6062984466552734, 'latency_p99': 0.666627883911133, 'latency_p999': 0.7398226261138936, 'distance_computations': 5375.9088, 'distance_type': 'l2', 'ef_search': 100}
INFO:root:Metrics: {'node_links': 32, 'ef_construction': 100, 'recall': 0.99891899999999, 'qps': 1676.1787780055724, 'latency_p50': 0.5972385406494141, 'latency_p95': 0.8323192596435547, 'latency_p99': 0.9176826477050783, 'latency_p999': 1.019479036331177, 'distance_computations': 10629.5065, 'distance_type': 'l2', 'ef_search': 200}
INFO:root:Metrics: {'node_links': 32, 'ef_construction': 100, 'recall': 0.9995239999999945, 'qps': 1129.852535299339, 'latency_p50': 0.8866786956787109, 'latency_p95': 1.238596439361572, 'latency_p99': 1.3771152496337893, 'latency_p999': 1.5192079544067392, 'distance_computations': 19276.2062, 'distance_type': 'l2', 'ef_search': 300}
INFO:root:Metrics: {'node_links': 32, 'ef_construction': 100, 'recall': 0.9998499999999977, 'qps': 651.0541718526808, 'latency_p50': 1.544952392578125, 'latency_p95': 2.1414875984191895, 'latency_p99': 2.370598316192627, 'latency_p999': 2.579932689666749, 'distance_computations': 36318.2936, 'distance_type': 'l2', 'ef_search': 500}
INFO:root:Metrics: {'node_links': 32, 'ef_construction': 100, 'recall': 0.9999579999999992, 'qps': 258.8039059058189, 'latency_p50': 3.8934946060180664, 'latency_p95': 5.079519748687744, 'latency_p99': 5.502979755401612, 'latency_p999': 5.960015773773199, 'distance_computations': 86336.3352, 'distance_type': 'l2', 'ef_search': 1000}
INFO:root:Building index_type='hnsw'
INFO:root:Indexing time = 2.0909881591796875 seconds
INFO:root:Metrics: {'node_links': 32, 'ef_construction': 200, 'recall': 0.9914559999999562, 'qps': 3347.7904189255696, 'latency_p50': 0.301361083984375, 'latency_p95': 0.40435791015625, 'latency_p99': 0.44798851013183594, 'latency_p999': 0.48852109909057645, 'distance_computations': 1937.8966, 'distance_type': 'l2', 'ef_search': 3000}
INFO:root:Metrics: {'node_links': 32, 'ef_construction': 200, 'recall': 0.9985079999999867, 'qps': 1994.3799081120635, 'latency_p50': 0.5044937133789062, 'latency_p95': 0.6942868232727049, 'latency_p99': 0.7660460472106935, 'latency_p999': 0.8394720554351807, 'distance_computations': 5708.1815, 'distance_type': 'l2', 'ef_search': 100}
INFO:root:Metrics: {'node_links': 32, 'ef_construction': 200, 'recall': 0.9994639999999941, 'qps': 1467.8424419992286, 'latency_p50': 0.6853342056274414, 'latency_p95': 0.9527325630187986, 'latency_p99': 1.0528659820556643, 'latency_p999': 1.1606237888336186, 'distance_computations': 11303.4541, 'distance_type': 'l2', 'ef_search': 200}
INFO:root:Metrics: {'node_links': 32, 'ef_construction': 200, 'recall': 0.9998079999999978, 'qps': 990.9865508252543, 'latency_p50': 1.0142326354980469, 'latency_p95': 1.4209747314453125, 'latency_p99': 1.575472354888916, 'latency_p999': 1.7328317165374767, 'distance_computations': 20531.8585, 'distance_type': 'l2', 'ef_search': 300}
INFO:root:Metrics: {'node_links': 32, 'ef_construction': 200, 'recall': 0.9999609999999993, 'qps': 572.3076914680074, 'latency_p50': 1.764535903930664, 'latency_p95': 2.4600267410278316, 'latency_p99': 2.71439790725708, 'latency_p999': 2.9530558586120614, 'distance_computations': 38773.9632, 'distance_type': 'l2', 'ef_search': 500}
INFO:root:Metrics: {'node_links': 32, 'ef_construction': 200, 'recall': 0.9999919999999998, 'qps': 229.41145338938895, 'latency_p50': 4.410386085510254, 'latency_p95': 5.7747602462768555, 'latency_p99': 6.257398128509523, 'latency_p999': 6.757742166519166, 'distance_computations': 92584.6617, 'distance_type': 'l2', 'ef_search': 1000}
INFO:root:Building index_type='hnsw'
INFO:root:Indexing time = 2.961148500442505 seconds
INFO:root:Metrics: {'node_links': 32, 'ef_construction': 300, 'recall': 0.9921779999999577, 'qps': 3402.1258095077415, 'latency_p50': 0.29730796813964844, 'latency_p95': 0.392913818359375, 'latency_p99': 0.4324913024902344, 'latency_p999': 0.48089098930358903, 'distance_computations': 1988.8154, 'distance_type': 'l2', 'ef_search': 3000}
INFO:root:Metrics: {'node_links': 32, 'ef_construction': 300, 'recall': 0.9987819999999883, 'qps': 2041.436403181626, 'latency_p50': 0.49507617950439453, 'latency_p95': 0.6699562072753906, 'latency_p99': 0.7369565963745118, 'latency_p999': 0.8065743446350107, 'distance_computations': 5861.9534, 'distance_type': 'l2', 'ef_search': 100}
INFO:root:Metrics: {'node_links': 32, 'ef_construction': 300, 'recall': 0.9995699999999953, 'qps': 1498.912063123282, 'latency_p50': 0.6730556488037109, 'latency_p95': 0.9207844734191892, 'latency_p99': 1.018524169921875, 'latency_p999': 1.1146097183227546, 'distance_computations': 11613.1327, 'distance_type': 'l2', 'ef_search': 200}
INFO:root:Metrics: {'node_links': 32, 'ef_construction': 300, 'recall': 0.9998639999999989, 'qps': 1013.6256307573883, 'latency_p50': 0.9951591491699219, 'latency_p95': 1.3742446899414062, 'latency_p99': 1.5215873718261719, 'latency_p999': 1.6739399433135993, 'distance_computations': 21106.1044, 'distance_type': 'l2', 'ef_search': 300}
INFO:root:Metrics: {'node_links': 32, 'ef_construction': 300, 'recall': 0.9999779999999995, 'qps': 587.1872813869384, 'latency_p50': 1.7218589782714844, 'latency_p95': 2.361083030700683, 'latency_p99': 2.6045012474060063, 'latency_p999': 2.839575767517092, 'distance_computations': 39893.104, 'distance_type': 'l2', 'ef_search': 500}
INFO:root:Metrics: {'node_links': 32, 'ef_construction': 300, 'recall': 0.9999969999999999, 'qps': 238.1480086844251, 'latency_p50': 4.252076148986816, 'latency_p95': 5.507755279541015, 'latency_p99': 5.9562134742736825, 'latency_p999': 6.428728580474855, 'distance_computations': 95448.8988, 'distance_type': 'l2', 'ef_search': 1000}
/cluster/home/emmanueq/code/flatnav/venv/lib/python3.11/site-packages/numpy/core/getlimits.py:549: UserWarning: The value of the smallest subnormal for <class 'numpy.float64'> type is zero.
  setattr(self, word, getattr(machar, word).flat[0])
/cluster/home/emmanueq/code/flatnav/venv/lib/python3.11/site-packages/numpy/core/getlimits.py:89: UserWarning: The value of the smallest subnormal for <class 'numpy.float64'> type is zero.
  return self._float_to_str(self.smallest_subnormal)
