INFO:root:Building index_type='flatnav'
INFO:root:Using HNSW heuristic pruning
INFO:root:Indexing time = 0.898395299911499 seconds
INFO:root:
==================================================
INFO:root:POST-BUILD INDEX STATISTICS
INFO:root:==================================================
INFO:root:Average out-degree: 9.61 / 16
INFO:root:Total edges used: 576,521
INFO:root:Edge utilization: 60.1%
INFO:root:==================================================

INFO:root:Metrics: {'node_links': 16, 'ef_construction': 30, 'recall': 0.9561899999999237, 'qps': 5541.6175171125005, 'latency_p50': 0.18024444580078125, 'latency_p95': 0.23294687271118147, 'latency_p99': 0.27489900588989263, 'latency_p999': 0.3578727245330824, 'distance_computations': 0.0}
INFO:root:Metrics: {'node_links': 16, 'ef_construction': 30, 'recall': 0.9821049999999414, 'qps': 3300.638084981729, 'latency_p50': 0.30231475830078125, 'latency_p95': 0.3962516784667969, 'latency_p99': 0.44393777847290045, 'latency_p999': 0.5314366817474369, 'distance_computations': 0.0, 'distance_type': 'l2', 'ef_search': 100}
INFO:root:Metrics: {'node_links': 16, 'ef_construction': 30, 'recall': 0.9886649999999486, 'qps': 2394.7959158271406, 'latency_p50': 0.41675567626953125, 'latency_p95': 0.5505084991455078, 'latency_p99': 0.6079697608947754, 'latency_p999': 0.7019064426422124, 'distance_computations': 0.0, 'distance_type': 'l2', 'ef_search': 200}
INFO:root:Metrics: {'node_links': 16, 'ef_construction': 30, 'recall': 0.9926539999999527, 'qps': 1575.173105324086, 'latency_p50': 0.63323974609375, 'latency_p95': 0.8385181427001953, 'latency_p99': 0.9203124046325687, 'latency_p999': 1.00636911392212, 'distance_computations': 0.0, 'distance_type': 'l2', 'ef_search': 300}
INFO:root:Metrics: {'node_links': 16, 'ef_construction': 30, 'recall': 0.9955499999999583, 'qps': 870.3976030066011, 'latency_p50': 1.1491775512695312, 'latency_p95': 1.5113472938537595, 'latency_p99': 1.647727489471436, 'latency_p999': 1.7821855545043959, 'distance_computations': 0.0, 'distance_type': 'l2', 'ef_search': 500}
INFO:root:Metrics: {'node_links': 16, 'ef_construction': 30, 'recall': 0.9979589999999733, 'qps': 324.0694010228416, 'latency_p50': 3.1043291091918945, 'latency_p95': 3.8940906524658203, 'latency_p99': 4.1721701622009295, 'latency_p999': 4.453675746917728, 'distance_computations': 0.0, 'distance_type': 'l2', 'ef_search': 1000}
INFO:root:Building index_type='flatnav'
INFO:root:Using HNSW heuristic pruning
INFO:root:Indexing time = 0.9551312923431396 seconds
INFO:root:
==================================================
INFO:root:POST-BUILD INDEX STATISTICS
INFO:root:==================================================
INFO:root:Average out-degree: 10.08 / 16
INFO:root:Total edges used: 604,934
INFO:root:Edge utilization: 63.0%
INFO:root:==================================================

INFO:root:Metrics: {'node_links': 16, 'ef_construction': 40, 'recall': 0.9644479999999201, 'qps': 5429.580186912113, 'latency_p50': 0.1844167709350586, 'latency_p95': 0.2391338348388672, 'latency_p99': 0.2734661102294922, 'latency_p999': 0.33236122131347773, 'distance_computations': 0.0, 'distance_type': 'l2', 'ef_search': 3000}
INFO:root:Metrics: {'node_links': 16, 'ef_construction': 40, 'recall': 0.9875079999999447, 'qps': 3222.3240937543837, 'latency_p50': 0.31006336212158203, 'latency_p95': 0.408172607421875, 'latency_p99': 0.45156717300415045, 'latency_p999': 0.5185644626617439, 'distance_computations': 0.0, 'distance_type': 'l2', 'ef_search': 100}
INFO:root:Metrics: {'node_links': 16, 'ef_construction': 40, 'recall': 0.9924189999999555, 'qps': 2334.7587652036386, 'latency_p50': 0.4279613494873047, 'latency_p95': 0.5657792091369627, 'latency_p99': 0.6189465522766116, 'latency_p999': 0.677586317062378, 'distance_computations': 0.0, 'distance_type': 'l2', 'ef_search': 200}
INFO:root:Metrics: {'node_links': 16, 'ef_construction': 40, 'recall': 0.9953109999999628, 'qps': 1535.9309093578981, 'latency_p50': 0.6496906280517578, 'latency_p95': 0.8654594421386719, 'latency_p99': 0.9450936317443848, 'latency_p999': 1.030449628829957, 'distance_computations': 0.0, 'distance_type': 'l2', 'ef_search': 300}
INFO:root:Metrics: {'node_links': 16, 'ef_construction': 40, 'recall': 0.9972009999999691, 'qps': 848.6823461877267, 'latency_p50': 1.1790990829467773, 'latency_p95': 1.5566587448120113, 'latency_p99': 1.704695224761963, 'latency_p999': 1.8370156288146973, 'distance_computations': 0.0, 'distance_type': 'l2', 'ef_search': 500}
INFO:root:Metrics: {'node_links': 16, 'ef_construction': 40, 'recall': 0.9985209999999788, 'qps': 317.0368763884428, 'latency_p50': 3.173351287841797, 'latency_p95': 3.9949417114257812, 'latency_p99': 4.28849220275879, 'latency_p999': 4.5805170536041295, 'distance_computations': 0.0, 'distance_type': 'l2', 'ef_search': 1000}
INFO:root:Building index_type='flatnav'
INFO:root:Using HNSW heuristic pruning
INFO:root:Indexing time = 1.0013203620910645 seconds
INFO:root:
==================================================
INFO:root:POST-BUILD INDEX STATISTICS
INFO:root:==================================================
INFO:root:Average out-degree: 10.36 / 16
INFO:root:Total edges used: 621,458
INFO:root:Edge utilization: 64.7%
INFO:root:==================================================

INFO:root:Metrics: {'node_links': 16, 'ef_construction': 50, 'recall': 0.9677369999999149, 'qps': 5328.439417786322, 'latency_p50': 0.1881122589111328, 'latency_p95': 0.24366378784179688, 'latency_p99': 0.2741813659667969, 'latency_p999': 0.3397467136383057, 'distance_computations': 0.0, 'distance_type': 'l2', 'ef_search': 3000}
INFO:root:Metrics: {'node_links': 16, 'ef_construction': 50, 'recall': 0.9900879999999482, 'qps': 3158.989199736303, 'latency_p50': 0.316619873046875, 'latency_p95': 0.41747093200683594, 'latency_p99': 0.4580068588256837, 'latency_p999': 0.5238134860992447, 'distance_computations': 0.0, 'distance_type': 'l2', 'ef_search': 100}
INFO:root:Metrics: {'node_links': 16, 'ef_construction': 50, 'recall': 0.9943939999999609, 'qps': 2291.429973752627, 'latency_p50': 0.4360675811767578, 'latency_p95': 0.5776882171630859, 'latency_p99': 0.634438991546631, 'latency_p999': 0.6961853504180915, 'distance_computations': 0.0, 'distance_type': 'l2', 'ef_search': 200}
INFO:root:Metrics: {'node_links': 16, 'ef_construction': 50, 'recall': 0.9968889999999685, 'qps': 1510.3284539048504, 'latency_p50': 0.661015510559082, 'latency_p95': 0.8814334869384766, 'latency_p99': 0.9651327133178714, 'latency_p999': 1.0564382076263439, 'distance_computations': 0.0, 'distance_type': 'l2', 'ef_search': 300}
INFO:root:Metrics: {'node_links': 16, 'ef_construction': 50, 'recall': 0.9982129999999763, 'qps': 835.4859880291144, 'latency_p50': 1.1981725692749023, 'latency_p95': 1.585745811462402, 'latency_p99': 1.7316436767578127, 'latency_p999': 1.8670635223388687, 'distance_computations': 0.0, 'distance_type': 'l2', 'ef_search': 500}
INFO:root:Metrics: {'node_links': 16, 'ef_construction': 50, 'recall': 0.9989969999999834, 'qps': 312.9376888406443, 'latency_p50': 3.216981887817383, 'latency_p95': 4.053843021392822, 'latency_p99': 4.3595218658447275, 'latency_p999': 4.679686307907105, 'distance_computations': 0.0, 'distance_type': 'l2', 'ef_search': 1000}
INFO:root:Building index_type='flatnav'
INFO:root:Using HNSW heuristic pruning
INFO:root:Indexing time = 1.0813887119293213 seconds
INFO:root:
==================================================
INFO:root:POST-BUILD INDEX STATISTICS
INFO:root:==================================================
INFO:root:Average out-degree: 10.87 / 16
INFO:root:Total edges used: 652,126
INFO:root:Edge utilization: 67.9%
INFO:root:==================================================

INFO:root:Metrics: {'node_links': 16, 'ef_construction': 100, 'recall': 0.971938999999913, 'qps': 5183.782930671743, 'latency_p50': 0.19359588623046875, 'latency_p95': 0.2486824989318846, 'latency_p99': 0.274658203125, 'latency_p999': 0.31256723403930675, 'distance_computations': 0.0, 'distance_type': 'l2', 'ef_search': 3000}
INFO:root:Metrics: {'node_links': 16, 'ef_construction': 100, 'recall': 0.9921379999999467, 'qps': 3055.3407842113998, 'latency_p50': 0.32782554626464844, 'latency_p95': 0.42891502380371094, 'latency_p99': 0.4730224609375, 'latency_p999': 0.5140311717987062, 'distance_computations': 0.0, 'distance_type': 'l2', 'ef_search': 100}
INFO:root:Metrics: {'node_links': 16, 'ef_construction': 100, 'recall': 0.9956129999999579, 'qps': 2213.3955501836554, 'latency_p50': 0.45180320739746094, 'latency_p95': 0.5965232849121094, 'latency_p99': 0.6585216522216799, 'latency_p999': 0.7138259410858155, 'distance_computations': 0.0, 'distance_type': 'l2', 'ef_search': 200}
INFO:root:Metrics: {'node_links': 16, 'ef_construction': 100, 'recall': 0.9973009999999655, 'qps': 1457.0192581822255, 'latency_p50': 0.6852149963378906, 'latency_p95': 0.9155392646789549, 'latency_p99': 1.0066103935241701, 'latency_p999': 1.0912444591522221, 'distance_computations': 0.0, 'distance_type': 'l2', 'ef_search': 300}
INFO:root:Metrics: {'node_links': 16, 'ef_construction': 100, 'recall': 0.9980869999999704, 'qps': 806.2294220001986, 'latency_p50': 1.2428760528564453, 'latency_p95': 1.6429424285888672, 'latency_p99': 1.800541877746582, 'latency_p999': 1.940969705581666, 'distance_computations': 0.0, 'distance_type': 'l2', 'ef_search': 500}
INFO:root:Metrics: {'node_links': 16, 'ef_construction': 100, 'recall': 0.9983519999999733, 'qps': 303.44581007267954, 'latency_p50': 3.3147335052490234, 'latency_p95': 4.1878342628479, 'latency_p99': 4.510641098022461, 'latency_p999': 4.83870530128479, 'distance_computations': 0.0, 'distance_type': 'l2', 'ef_search': 1000}
INFO:root:Building index_type='flatnav'
INFO:root:Using HNSW heuristic pruning
INFO:root:Indexing time = 1.4203283786773682 seconds
INFO:root:
==================================================
INFO:root:POST-BUILD INDEX STATISTICS
INFO:root:==================================================
INFO:root:Average out-degree: 11.11 / 16
INFO:root:Total edges used: 666,698
INFO:root:Edge utilization: 69.4%
INFO:root:==================================================

INFO:root:Metrics: {'node_links': 16, 'ef_construction': 200, 'recall': 0.9729799999999086, 'qps': 5076.277216295824, 'latency_p50': 0.1971721649169922, 'latency_p95': 0.25343894958496094, 'latency_p99': 0.2808570861816406, 'latency_p999': 0.32496666908264205, 'distance_computations': 0.0, 'distance_type': 'l2', 'ef_search': 3000}
INFO:root:Metrics: {'node_links': 16, 'ef_construction': 200, 'recall': 0.9923949999999382, 'qps': 2987.2017581762666, 'latency_p50': 0.33473968505859375, 'latency_p95': 0.4382133483886719, 'latency_p99': 0.4804253578186038, 'latency_p999': 0.5211844444274906, 'distance_computations': 0.0, 'distance_type': 'l2', 'ef_search': 100}
INFO:root:Metrics: {'node_links': 16, 'ef_construction': 200, 'recall': 0.9956129999999497, 'qps': 2162.1986099936753, 'latency_p50': 0.46181678771972656, 'latency_p95': 0.6101131439208984, 'latency_p99': 0.6690025329589844, 'latency_p999': 0.7314686775207521, 'distance_computations': 0.0, 'distance_type': 'l2', 'ef_search': 200}
INFO:root:Metrics: {'node_links': 16, 'ef_construction': 200, 'recall': 0.9970769999999584, 'qps': 1422.450895171916, 'latency_p50': 0.7015466690063477, 'latency_p95': 0.9365081787109375, 'latency_p99': 1.0275888442993164, 'latency_p999': 1.1143805980682397, 'distance_computations': 0.0, 'distance_type': 'l2', 'ef_search': 300}
INFO:root:Metrics: {'node_links': 16, 'ef_construction': 200, 'recall': 0.9976499999999622, 'qps': 788.2459658084285, 'latency_p50': 1.2700557708740234, 'latency_p95': 1.6825199127197266, 'latency_p99': 1.8422651290893555, 'latency_p999': 1.999856472015381, 'distance_computations': 0.0, 'distance_type': 'l2', 'ef_search': 500}
INFO:root:Metrics: {'node_links': 16, 'ef_construction': 200, 'recall': 0.9977849999999635, 'qps': 297.84593604687245, 'latency_p50': 3.3800601959228516, 'latency_p95': 4.264366626739502, 'latency_p99': 4.597911834716797, 'latency_p999': 4.877568006515503, 'distance_computations': 0.0, 'distance_type': 'l2', 'ef_search': 1000}
INFO:root:Building index_type='flatnav'
INFO:root:Using HNSW heuristic pruning
INFO:root:Indexing time = 1.840498924255371 seconds
INFO:root:
==================================================
INFO:root:POST-BUILD INDEX STATISTICS
INFO:root:==================================================
INFO:root:Average out-degree: 11.20 / 16
INFO:root:Total edges used: 671,802
INFO:root:Edge utilization: 70.0%
INFO:root:==================================================

INFO:root:Metrics: {'node_links': 16, 'ef_construction': 300, 'recall': 0.9733479999999094, 'qps': 4861.827578520532, 'latency_p50': 0.20599365234375, 'latency_p95': 0.26297569274902344, 'latency_p99': 0.28872966766357433, 'latency_p999': 0.3387932777404786, 'distance_computations': 0.0, 'distance_type': 'l2', 'ef_search': 3000}
INFO:root:Metrics: {'node_links': 16, 'ef_construction': 300, 'recall': 0.9926709999999414, 'qps': 2869.27762038788, 'latency_p50': 0.34928321838378906, 'latency_p95': 0.4539608955383299, 'latency_p99': 0.49853563308715826, 'latency_p999': 0.5443098545074463, 'distance_computations': 0.0, 'distance_type': 'l2', 'ef_search': 100}
INFO:root:Metrics: {'node_links': 16, 'ef_construction': 300, 'recall': 0.9957969999999523, 'qps': 2081.0867387571534, 'latency_p50': 0.4799365997314453, 'latency_p95': 0.6313323974609375, 'latency_p99': 0.6945133209228516, 'latency_p999': 0.7543568611145021, 'distance_computations': 0.0, 'distance_type': 'l2', 'ef_search': 200}
INFO:root:Metrics: {'node_links': 16, 'ef_construction': 300, 'recall': 0.9972179999999594, 'qps': 1370.9860175772249, 'latency_p50': 0.7280111312866211, 'latency_p95': 0.9660840034484861, 'latency_p99': 1.0626482963562016, 'latency_p999': 1.1508488655090336, 'distance_computations': 0.0, 'distance_type': 'l2', 'ef_search': 300}
INFO:root:Metrics: {'node_links': 16, 'ef_construction': 300, 'recall': 0.9977119999999635, 'qps': 761.3738770935016, 'latency_p50': 1.314997673034668, 'latency_p95': 1.7390847206115714, 'latency_p99': 1.906657218933106, 'latency_p999': 2.0373086929321333, 'distance_computations': 0.0, 'distance_type': 'l2', 'ef_search': 500}
INFO:root:Metrics: {'node_links': 16, 'ef_construction': 300, 'recall': 0.9978229999999647, 'qps': 288.95816554157284, 'latency_p50': 3.4875869750976562, 'latency_p95': 4.391694068908691, 'latency_p99': 4.728319644927979, 'latency_p999': 5.063561677932745, 'distance_computations': 0.0, 'distance_type': 'l2', 'ef_search': 1000}
/cluster/home/emmanueq/code/flatnav/venv/lib/python3.11/site-packages/numpy/core/getlimits.py:549: UserWarning: The value of the smallest subnormal for <class 'numpy.float64'> type is zero.
  setattr(self, word, getattr(machar, word).flat[0])
/cluster/home/emmanueq/code/flatnav/venv/lib/python3.11/site-packages/numpy/core/getlimits.py:89: UserWarning: The value of the smallest subnormal for <class 'numpy.float64'> type is zero.
  return self._float_to_str(self.smallest_subnormal)
/cluster/home/emmanueq/code/flatnav/experiments/plotting/plot.py:189: RuntimeWarning: Mean of empty slice.
  return -np.log(np.array(y_values)).mean()
/cluster/home/emmanueq/code/flatnav/venv/lib/python3.11/site-packages/numpy/core/_methods.py:129: RuntimeWarning: invalid value encountered in scalar divide
  ret = ret.dtype.type(ret / rcount)
