INFO:root:Building index_type='flatnav'
INFO:root:Indexing time = 1.1161103248596191 seconds
INFO:root:Metrics: {'node_links': 32, 'ef_construction': 30, 'recall': 0.9710439999999227, 'qps': 5286.832078484481, 'latency_p50': 0.18668174743652344, 'latency_p95': 0.2522468566894531, 'latency_p99': 0.2968406677246096, 'latency_p999': 0.37646579742431696, 'distance_computations': 0.0}
INFO:root:Metrics: {'node_links': 32, 'ef_construction': 30, 'recall': 0.9885459999999484, 'qps': 3199.3861041220193, 'latency_p50': 0.31113624572753906, 'latency_p95': 0.42319297790527344, 'latency_p99': 0.4792213439941406, 'latency_p999': 0.5476484298706057, 'distance_computations': 0.0, 'distance_type': 'l2', 'ef_search': 100}
INFO:root:Metrics: {'node_links': 32, 'ef_construction': 30, 'recall': 0.9925849999999553, 'qps': 2332.7517634803426, 'latency_p50': 0.4253387451171875, 'latency_p95': 0.5831718444824219, 'latency_p99': 0.6551790237426759, 'latency_p999': 0.7405338287353527, 'distance_computations': 0.0, 'distance_type': 'l2', 'ef_search': 200}
INFO:root:Metrics: {'node_links': 32, 'ef_construction': 30, 'recall': 0.9951789999999606, 'qps': 1538.4182575371253, 'latency_p50': 0.644683837890625, 'latency_p95': 0.8864402770996094, 'latency_p99': 0.9853863716125488, 'latency_p999': 1.0776550769805915, 'distance_computations': 0.0, 'distance_type': 'l2', 'ef_search': 300}
INFO:root:Metrics: {'node_links': 32, 'ef_construction': 30, 'recall': 0.9969859999999661, 'qps': 846.8311408241916, 'latency_p50': 1.172780990600586, 'latency_p95': 1.6019344329833984, 'latency_p99': 1.7626404762268069, 'latency_p999': 1.9259481430053718, 'distance_computations': 0.0, 'distance_type': 'l2', 'ef_search': 500}
INFO:root:Metrics: {'node_links': 32, 'ef_construction': 30, 'recall': 0.9985639999999782, 'qps': 312.5939521195628, 'latency_p50': 3.2129287719726562, 'latency_p95': 4.12822961807251, 'latency_p99': 4.476816654205323, 'latency_p999': 4.816541194915773, 'distance_computations': 0.0, 'distance_type': 'l2', 'ef_search': 1000}
INFO:root:Memory: index=188.4MB, search=25.5MB
INFO:root:Building index_type='flatnav'
INFO:root:Indexing time = 1.0762455463409424 seconds
INFO:root:Metrics: {'node_links': 32, 'ef_construction': 40, 'recall': 0.9779099999999308, 'qps': 5216.410628368999, 'latency_p50': 0.19073486328125, 'latency_p95': 0.25272369384765625, 'latency_p99': 0.28610467910766607, 'latency_p999': 0.3430910110473646, 'distance_computations': 0.0, 'distance_type': 'l2', 'ef_search': 3000}
INFO:root:Metrics: {'node_links': 32, 'ef_construction': 40, 'recall': 0.9919759999999515, 'qps': 3127.0320227664834, 'latency_p50': 0.31769275665283203, 'latency_p95': 0.43010711669921875, 'latency_p99': 0.48327684402465826, 'latency_p999': 0.5514693260192886, 'distance_computations': 0.0, 'distance_type': 'l2', 'ef_search': 100}
INFO:root:Metrics: {'node_links': 32, 'ef_construction': 40, 'recall': 0.9949769999999577, 'qps': 2284.4623808886818, 'latency_p50': 0.43392181396484375, 'latency_p95': 0.5929470062255859, 'latency_p99': 0.6647133827209473, 'latency_p999': 0.7360000610351567, 'distance_computations': 0.0, 'distance_type': 'l2', 'ef_search': 200}
INFO:root:Metrics: {'node_links': 32, 'ef_construction': 40, 'recall': 0.9966609999999627, 'qps': 1506.8208700185648, 'latency_p50': 0.6582736968994141, 'latency_p95': 0.9057641029357908, 'latency_p99': 1.0073232650756836, 'latency_p999': 1.1086521148681652, 'distance_computations': 0.0, 'distance_type': 'l2', 'ef_search': 300}
INFO:root:Metrics: {'node_links': 32, 'ef_construction': 40, 'recall': 0.9977559999999701, 'qps': 832.6645599834654, 'latency_p50': 1.192331314086914, 'latency_p95': 1.6274571418762205, 'latency_p99': 1.7938637733459473, 'latency_p999': 1.938350677490236, 'distance_computations': 0.0, 'distance_type': 'l2', 'ef_search': 500}
INFO:root:Metrics: {'node_links': 32, 'ef_construction': 40, 'recall': 0.9985749999999775, 'qps': 309.7707218786089, 'latency_p50': 3.2470226287841797, 'latency_p95': 4.165410995483398, 'latency_p99': 4.519960880279542, 'latency_p999': 4.847527742385864, 'distance_computations': 0.0, 'distance_type': 'l2', 'ef_search': 1000}
INFO:root:Memory: index=187.0MB, search=-1.5MB
INFO:root:Building index_type='flatnav'
INFO:root:Indexing time = 1.1202409267425537 seconds
INFO:root:Metrics: {'node_links': 32, 'ef_construction': 50, 'recall': 0.9819659999999367, 'qps': 5035.253221626202, 'latency_p50': 0.1976490020751953, 'latency_p95': 0.26345252990722656, 'latency_p99': 0.29778718948364263, 'latency_p999': 0.341894388198853, 'distance_computations': 0.0, 'distance_type': 'l2', 'ef_search': 3000}
INFO:root:Metrics: {'node_links': 32, 'ef_construction': 50, 'recall': 0.9942019999999613, 'qps': 3012.216330688367, 'latency_p50': 0.33020973205566406, 'latency_p95': 0.4496693611145018, 'latency_p99': 0.5042600631713868, 'latency_p999': 0.5636236667633061, 'distance_computations': 0.0, 'distance_type': 'l2', 'ef_search': 100}
INFO:root:Metrics: {'node_links': 32, 'ef_construction': 50, 'recall': 0.9965079999999678, 'qps': 2202.0435940479833, 'latency_p50': 0.4495382308959961, 'latency_p95': 0.6210923194885252, 'latency_p99': 0.6914186477661134, 'latency_p999': 0.7641346454620368, 'distance_computations': 0.0, 'distance_type': 'l2', 'ef_search': 200}
INFO:root:Metrics: {'node_links': 32, 'ef_construction': 50, 'recall': 0.9977909999999734, 'qps': 1453.9334941926777, 'latency_p50': 0.681757926940918, 'latency_p95': 0.9443759918212891, 'latency_p99': 1.0564398765563967, 'latency_p999': 1.1618149280548098, 'distance_computations': 0.0, 'distance_type': 'l2', 'ef_search': 300}
INFO:root:Metrics: {'node_links': 32, 'ef_construction': 50, 'recall': 0.998509999999978, 'qps': 806.3342596918285, 'latency_p50': 1.2307167053222656, 'latency_p95': 1.689910888671875, 'latency_p99': 1.8601775169372567, 'latency_p999': 2.0170285701751722, 'distance_computations': 0.0, 'distance_type': 'l2', 'ef_search': 500}
INFO:root:Metrics: {'node_links': 32, 'ef_construction': 50, 'recall': 0.9989369999999826, 'qps': 301.6590115032786, 'latency_p50': 3.3369064331054688, 'latency_p95': 4.285144805908202, 'latency_p99': 4.6663856506347665, 'latency_p999': 5.007510900497437, 'distance_computations': 0.0, 'distance_type': 'l2', 'ef_search': 1000}
INFO:root:Memory: index=186.7MB, search=1.0MB
INFO:root:Building index_type='flatnav'
INFO:root:Indexing time = 1.2455637454986572 seconds
INFO:root:Metrics: {'node_links': 32, 'ef_construction': 100, 'recall': 0.9878709999999377, 'qps': 4573.323688688484, 'latency_p50': 0.21839141845703125, 'latency_p95': 0.2932548522949219, 'latency_p99': 0.32711029052734375, 'latency_p999': 0.3647849559783945, 'distance_computations': 0.0, 'distance_type': 'l2', 'ef_search': 3000}
INFO:root:Metrics: {'node_links': 32, 'ef_construction': 100, 'recall': 0.9963299999999624, 'qps': 2741.2230523940207, 'latency_p50': 0.36334991455078125, 'latency_p95': 0.49948692321777344, 'latency_p99': 0.5576682090759278, 'latency_p999': 0.6132194995880141, 'distance_computations': 0.0, 'distance_type': 'l2', 'ef_search': 100}
INFO:root:Metrics: {'node_links': 32, 'ef_construction': 100, 'recall': 0.9976649999999687, 'qps': 2004.5386079177742, 'latency_p50': 0.4954338073730469, 'latency_p95': 0.6895184516906736, 'latency_p99': 0.7717633247375488, 'latency_p999': 0.8559246063232426, 'distance_computations': 0.0, 'distance_type': 'l2', 'ef_search': 200}
INFO:root:Metrics: {'node_links': 32, 'ef_construction': 100, 'recall': 0.9982679999999733, 'qps': 1329.8169611408025, 'latency_p50': 0.7448196411132812, 'latency_p95': 1.046895980834961, 'latency_p99': 1.1644673347473151, 'latency_p999': 1.2834084033966067, 'distance_computations': 0.0, 'distance_type': 'l2', 'ef_search': 300}
INFO:root:Metrics: {'node_links': 32, 'ef_construction': 100, 'recall': 0.9986059999999763, 'qps': 742.8733473439412, 'latency_p50': 1.3365745544433594, 'latency_p95': 1.849448680877685, 'latency_p99': 2.043485641479492, 'latency_p999': 2.242099761962893, 'distance_computations': 0.0, 'distance_type': 'l2', 'ef_search': 500}
INFO:root:Metrics: {'node_links': 32, 'ef_construction': 100, 'recall': 0.9987159999999774, 'qps': 281.58168773778675, 'latency_p50': 3.57973575592041, 'latency_p95': 4.616796970367431, 'latency_p99': 5.040891170501709, 'latency_p999': 5.387571096420293, 'distance_computations': 0.0, 'distance_type': 'l2', 'ef_search': 1000}
INFO:root:Memory: index=186.9MB, search=0.1MB
INFO:root:Building index_type='flatnav'
INFO:root:Indexing time = 1.5200684070587158 seconds
INFO:root:Metrics: {'node_links': 32, 'ef_construction': 200, 'recall': 0.9892819999999317, 'qps': 4228.218114676005, 'latency_p50': 0.23698806762695312, 'latency_p95': 0.3142356872558594, 'latency_p99': 0.35119056701660156, 'latency_p999': 0.3829014301300051, 'distance_computations': 0.0, 'distance_type': 'l2', 'ef_search': 3000}
INFO:root:Metrics: {'node_links': 32, 'ef_construction': 200, 'recall': 0.996139999999952, 'qps': 2524.8300603718117, 'latency_p50': 0.3948211669921875, 'latency_p95': 0.5407452583312986, 'latency_p99': 0.6048703193664551, 'latency_p999': 0.6628048419952395, 'distance_computations': 0.0, 'distance_type': 'l2', 'ef_search': 100}
INFO:root:Metrics: {'node_links': 32, 'ef_construction': 200, 'recall': 0.9970719999999575, 'qps': 1845.708216529095, 'latency_p50': 0.5395412445068359, 'latency_p95': 0.7476806640625, 'latency_p99': 0.8373308181762696, 'latency_p999': 0.9214925765991221, 'distance_computations': 0.0, 'distance_type': 'l2', 'ef_search': 200}
INFO:root:Metrics: {'node_links': 32, 'ef_construction': 200, 'recall': 0.9974179999999605, 'qps': 1226.2772100736313, 'latency_p50': 0.8106231689453125, 'latency_p95': 1.1322617530822752, 'latency_p99': 1.2629032135009766, 'latency_p999': 1.3828337192535411, 'distance_computations': 0.0, 'distance_type': 'l2', 'ef_search': 300}
INFO:root:Metrics: {'node_links': 32, 'ef_construction': 200, 'recall': 0.9975709999999619, 'qps': 689.1440826497599, 'latency_p50': 1.4462471008300781, 'latency_p95': 1.992940902709961, 'latency_p99': 2.1991777420043945, 'latency_p999': 2.3975419998168954, 'distance_computations': 0.0, 'distance_type': 'l2', 'ef_search': 500}
INFO:root:Metrics: {'node_links': 32, 'ef_construction': 200, 'recall': 0.9976079999999623, 'qps': 264.85225668266827, 'latency_p50': 3.818631172180176, 'latency_p95': 4.910469055175781, 'latency_p99': 5.343265533447267, 'latency_p999': 5.679407835006722, 'distance_computations': 0.0, 'distance_type': 'l2', 'ef_search': 1000}
INFO:root:Memory: index=186.6MB, search=0.2MB
INFO:root:Building index_type='flatnav'
INFO:root:Indexing time = 2.008173942565918 seconds
INFO:root:Metrics: {'node_links': 32, 'ef_construction': 300, 'recall': 0.990031999999932, 'qps': 4104.739407085281, 'latency_p50': 0.244140625, 'latency_p95': 0.3244996070861815, 'latency_p99': 0.36049127578735357, 'latency_p999': 0.40030789375305237, 'distance_computations': 0.0, 'distance_type': 'l2', 'ef_search': 3000}
INFO:root:Metrics: {'node_links': 32, 'ef_construction': 300, 'recall': 0.9964909999999545, 'qps': 2445.9697958037336, 'latency_p50': 0.4086494445800781, 'latency_p95': 0.5578994750976562, 'latency_p99': 0.6210947036743167, 'latency_p999': 0.6856956481933602, 'distance_computations': 0.0, 'distance_type': 'l2', 'ef_search': 100}
INFO:root:Metrics: {'node_links': 32, 'ef_construction': 300, 'recall': 0.9972829999999593, 'qps': 1786.960268152426, 'latency_p50': 0.5578994750976562, 'latency_p95': 0.7708072662353516, 'latency_p99': 0.8604645729064944, 'latency_p999': 0.9579660892486572, 'distance_computations': 0.0, 'distance_type': 'l2', 'ef_search': 200}
INFO:root:Metrics: {'node_links': 32, 'ef_construction': 300, 'recall': 0.9975769999999619, 'qps': 1187.3826999612502, 'latency_p50': 0.8387565612792969, 'latency_p95': 1.1668205261230469, 'latency_p99': 1.3012981414794924, 'latency_p999': 1.4321815967559817, 'distance_computations': 0.0, 'distance_type': 'l2', 'ef_search': 300}
INFO:root:Metrics: {'node_links': 32, 'ef_construction': 300, 'recall': 0.9976889999999625, 'qps': 668.4496542410287, 'latency_p50': 1.4910697937011719, 'latency_p95': 2.051138877868652, 'latency_p99': 2.264041900634766, 'latency_p999': 2.4714574813842796, 'distance_computations': 0.0, 'distance_type': 'l2', 'ef_search': 500}
INFO:root:Metrics: {'node_links': 32, 'ef_construction': 300, 'recall': 0.9977079999999627, 'qps': 258.38411387750716, 'latency_p50': 3.9151906967163086, 'latency_p95': 5.031120777130127, 'latency_p99': 5.473380088806152, 'latency_p999': 5.847948789596561, 'distance_computations': 0.0, 'distance_type': 'l2', 'ef_search': 1000}
INFO:root:Memory: index=187.0MB, search=-0.5MB
/cluster/home/emmanueq/code/flatnav/venv/lib/python3.11/site-packages/numpy/core/getlimits.py:549: UserWarning: The value of the smallest subnormal for <class 'numpy.float64'> type is zero.
  setattr(self, word, getattr(machar, word).flat[0])
/cluster/home/emmanueq/code/flatnav/venv/lib/python3.11/site-packages/numpy/core/getlimits.py:89: UserWarning: The value of the smallest subnormal for <class 'numpy.float64'> type is zero.
  return self._float_to_str(self.smallest_subnormal)
/cluster/home/emmanueq/code/flatnav/experiments/plotting/plot.py:189: RuntimeWarning: Mean of empty slice.
  return -np.log(np.array(y_values)).mean()
/cluster/home/emmanueq/code/flatnav/venv/lib/python3.11/site-packages/numpy/core/_methods.py:129: RuntimeWarning: invalid value encountered in scalar divide
  ret = ret.dtype.type(ret / rcount)
