INFO:root:Building index_type='hnsw'
INFO:root:Indexing time = 2.320585250854492 seconds
INFO:root:Metrics: {'node_links': 32, 'ef_construction': 30, 'recall': 0.5227950000000059, 'qps': 4135.16167714497, 'latency_p50': 0.2384185791015625, 'latency_p95': 0.3533363342285156, 'latency_p99': 0.4017353057861328, 'latency_p999': 0.4653935432434083, 'distance_computations': 2031.1881}
INFO:root:Memory: index=361.1MB, search=53.6MB, construction_time=2.32s
INFO:root:Building index_type='hnsw'
INFO:root:Indexing time = 2.461160898208618 seconds
INFO:root:Metrics: {'node_links': 32, 'ef_construction': 40, 'recall': 0.5769450000000007, 'qps': 4552.949878412267, 'latency_p50': 0.21839141845703125, 'latency_p95': 0.31566619873046875, 'latency_p99': 0.361924171447754, 'latency_p999': 0.4084141254425055, 'distance_computations': 2175.7616, 'distance_type': 'angular', 'ef_search': 100}
INFO:root:Memory: index=331.5MB, search=1.3MB, construction_time=2.46s
INFO:root:Building index_type='hnsw'
INFO:root:Indexing time = 3.031153678894043 seconds
INFO:root:Metrics: {'node_links': 32, 'ef_construction': 50, 'recall': 0.6051890000000009, 'qps': 4353.583328956538, 'latency_p50': 0.22792816162109375, 'latency_p95': 0.3287911415100096, 'latency_p99': 0.3769421577453614, 'latency_p999': 0.4222416877746587, 'distance_computations': 2282.4743, 'distance_type': 'angular', 'ef_search': 100}
INFO:root:Memory: index=328.1MB, search=1.8MB, construction_time=3.03s
INFO:root:Building index_type='hnsw'
INFO:root:Indexing time = 5.478248834609985 seconds
INFO:root:Metrics: {'node_links': 32, 'ef_construction': 100, 'recall': 0.6558669999999983, 'qps': 3860.310691070701, 'latency_p50': 0.2579689025878906, 'latency_p95': 0.36263465881347656, 'latency_p99': 0.41389703750610357, 'latency_p999': 0.4634885787963873, 'distance_computations': 2586.4995, 'distance_type': 'angular', 'ef_search': 100}
INFO:root:Memory: index=325.7MB, search=-0.9MB, construction_time=5.48s
INFO:root:Building index_type='hnsw'
INFO:root:Indexing time = 9.753375768661499 seconds
INFO:root:Metrics: {'node_links': 32, 'ef_construction': 200, 'recall': 0.6785429999999953, 'qps': 3617.0006716923294, 'latency_p50': 0.27489662170410156, 'latency_p95': 0.37479400634765625, 'latency_p99': 0.43249368667602545, 'latency_p999': 0.5085499286651618, 'distance_computations': 2755.4809, 'distance_type': 'angular', 'ef_search': 100}
INFO:root:Memory: index=325.6MB, search=1.6MB, construction_time=9.75s
INFO:root:Building index_type='hnsw'
INFO:root:Indexing time = 13.795283317565918 seconds
INFO:root:Metrics: {'node_links': 32, 'ef_construction': 300, 'recall': 0.6870799999999987, 'qps': 3536.1855652980494, 'latency_p50': 0.2796649932861328, 'latency_p95': 0.3810048103332518, 'latency_p99': 0.4353547096252442, 'latency_p999': 0.5044939517974854, 'distance_computations': 2807.3986, 'distance_type': 'angular', 'ef_search': 100}
INFO:root:Memory: index=323.5MB, search=0.0MB, construction_time=13.80s
/cluster/home/emmanueq/code/flatnav/venv/lib/python3.11/site-packages/numpy/core/getlimits.py:549: UserWarning: The value of the smallest subnormal for <class 'numpy.float64'> type is zero.
  setattr(self, word, getattr(machar, word).flat[0])
/cluster/home/emmanueq/code/flatnav/venv/lib/python3.11/site-packages/numpy/core/getlimits.py:89: UserWarning: The value of the smallest subnormal for <class 'numpy.float64'> type is zero.
  return self._float_to_str(self.smallest_subnormal)
Traceback (most recent call last):
  File "/cluster/home/emmanueq/code/flatnav/experiments/run-benchmark.py", line 669, in <module>
    run_experiment()
  File "/cluster/home/emmanueq/code/flatnav/experiments/run-benchmark.py", line 660, in run_experiment
    plot_all_metrics(
  File "/cluster/home/emmanueq/code/flatnav/experiments/run-benchmark.py", line 599, in plot_all_metrics
    experiment_runs[experiment_key] = [
                                      ^
  File "/cluster/home/emmanueq/code/flatnav/experiments/run-benchmark.py", line 600, in <listcomp>
    (experiment_key, run[x_metric], run[y_metric]) for run in metrics
                                    ~~~^^^^^^^^^^
KeyError: 'latency_p999'
make: *** [Makefile:548: nytimes-bench-hnsw] Error 1
