2026-01-04 16:46:31,350 - INFO - Loading dataset from ../data/gist-960-euclidean/gist-960-euclidean.train.npy
2026-01-04 16:46:34,460 - INFO - Dataset shape: (1000000, 960)
2026-01-04 16:46:34,461 - INFO - Output file: ../metrics/indegree_stats_gist.json
2026-01-04 16:46:34,461 - INFO - Parameters:
2026-01-04 16:46:34,461 - INFO -   Dataset: gist
2026-01-04 16:46:34,461 - INFO -   Metric: l2
2026-01-04 16:46:34,461 - INFO -   M values: [32]
2026-01-04 16:46:34,461 - INFO -   ef_construction values: [100, 200, 400]
2026-01-04 16:46:34,461 - INFO -   Use HNSW base layer: False
2026-01-04 16:46:34,461 - INFO -   Hub percentile: 10.0%
2026-01-04 16:46:34,461 - INFO - ================================================================================
2026-01-04 16:46:34,461 - INFO - Run 1/3: gist_flatnav-native_M32_ef100
2026-01-04 16:46:34,461 - INFO -   M=32, ef_construction=100
2026-01-04 16:46:34,461 - INFO - ================================================================================
2026-01-04 16:48:54,866 - INFO - FlatNav indexing time = 140.40 seconds
2026-01-04 16:48:54,866 - INFO - 
Computing in-degree distribution...
2026-01-04 16:48:55,009 - INFO - ================================================================================
2026-01-04 16:48:55,010 - INFO - In-Degree Distribution
2026-01-04 16:48:55,010 - INFO - ================================================================================
2026-01-04 16:48:55,010 - INFO - In-Degree       Percentage      Bar
2026-01-04 16:48:55,010 - INFO - --------------------------------------------------------------------------------
2026-01-04 16:48:55,010 - INFO - 0                   3.8788%    █
2026-01-04 16:48:55,010 - INFO - 1                   8.4708%    ████
2026-01-04 16:48:55,010 - INFO - 2                   9.2426%    ████
2026-01-04 16:48:55,010 - INFO - 3                   8.8642%    ████
2026-01-04 16:48:55,010 - INFO - 4                   8.1029%    ████
2026-01-04 16:48:55,010 - INFO - 5                   7.1944%    ███
2026-01-04 16:48:55,010 - INFO - 6                   6.3245%    ███
2026-01-04 16:48:55,010 - INFO - 7                   5.4815%    ██
2026-01-04 16:48:55,010 - INFO - 8                   4.7536%    ██
2026-01-04 16:48:55,010 - INFO - 9                   4.1303%    ██
2026-01-04 16:48:55,010 - INFO - 10                  3.6055%    █
2026-01-04 16:48:55,010 - INFO - 11                  3.1461%    █
2026-01-04 16:48:55,010 - INFO - 12                  2.7536%    █
2026-01-04 16:48:55,010 - INFO - 13                  2.4136%    █
2026-01-04 16:48:55,010 - INFO - 14                  2.1305%    █
2026-01-04 16:48:55,010 - INFO - 15                  1.8747%    
2026-01-04 16:48:55,010 - INFO - 16                  1.7240%    
2026-01-04 16:48:55,010 - INFO - 17                  1.4737%    
2026-01-04 16:48:55,010 - INFO - 18                  1.3103%    
2026-01-04 16:48:55,010 - INFO - 19                  1.1724%    
2026-01-04 16:48:55,010 - INFO - 20                  1.0353%    
2026-01-04 16:48:55,010 - INFO - 21                  0.9160%    
2026-01-04 16:48:55,010 - INFO - 22                  0.8332%    
2026-01-04 16:48:55,010 - INFO - 23                  0.7374%    
2026-01-04 16:48:55,010 - INFO - 24                  0.6674%    
2026-01-04 16:48:55,010 - INFO - 25                  0.6134%    
2026-01-04 16:48:55,010 - INFO - 26                  0.5376%    
2026-01-04 16:48:55,010 - INFO - 27                  0.4837%    
2026-01-04 16:48:55,010 - INFO - 28                  0.4372%    
2026-01-04 16:48:55,010 - INFO - 29                  0.4035%    
2026-01-04 16:48:55,011 - INFO - ... (295 more entries)
2026-01-04 16:48:55,011 - INFO - ================================================================================
2026-01-04 16:48:55,011 - INFO - Total unique in-degree values: 325
2026-01-04 16:48:55,011 - INFO - ================================================================================
2026-01-04 16:48:55,011 - INFO - 
Computing hub statistics...
2026-01-04 16:48:55,331 - INFO - ================================================================================
2026-01-04 16:48:55,332 - INFO - Hub Node Statistics
2026-01-04 16:48:55,332 - INFO - ================================================================================
2026-01-04 16:48:55,332 - INFO - Hub Percentile: 10.0%
2026-01-04 16:48:55,332 - INFO - --------------------------------------------------------------------------------
2026-01-04 16:48:55,332 - INFO - NODE CLASSIFICATION:
2026-01-04 16:48:55,332 - INFO -   Number of Hubs: 100007 (10.0%)
2026-01-04 16:48:55,332 - INFO -   Number of Regular Nodes: 899993 (90.0%)
2026-01-04 16:48:55,332 - INFO -   Hub Threshold (min in-degree): 22
2026-01-04 16:48:55,332 - INFO - --------------------------------------------------------------------------------
2026-01-04 16:48:55,332 - INFO - IN-DEGREE STATISTICS:
2026-01-04 16:48:55,332 - INFO -   Average Hub In-Degree: 37.13
2026-01-04 16:48:55,332 - INFO -   Average Regular In-Degree: 6.72
2026-01-04 16:48:55,332 - INFO -   Overall Average In-Degree: 9.76
2026-01-04 16:48:55,332 - INFO -   Median In-Degree: 6.00
2026-01-04 16:48:55,332 - INFO -   Max In-Degree: 1595
2026-01-04 16:48:55,332 - INFO -   Min In-Degree: 0
2026-01-04 16:48:55,332 - INFO - --------------------------------------------------------------------------------
2026-01-04 16:48:55,332 - INFO - CONNECTIVITY PATTERNS:
2026-01-04 16:48:55,332 - INFO -   Hub → Hub: 10.45%
2026-01-04 16:48:55,332 - INFO -   Hub → Regular: 17.77%
2026-01-04 16:48:55,332 - INFO -   Regular → Hub: 27.59%
2026-01-04 16:48:55,332 - INFO -   Regular → Regular: 44.20%
2026-01-04 16:48:55,332 - INFO - ================================================================================
2026-01-04 16:48:55,333 - INFO - Added new entry for gist_flatnav-native_M32_ef100
2026-01-04 16:48:55,335 - INFO - Saved to ../metrics/indegree_stats_gist.json
2026-01-04 16:48:55,343 - INFO - Completed gist_flatnav-native_M32_ef100

2026-01-04 16:48:55,343 - INFO - ================================================================================
2026-01-04 16:48:55,343 - INFO - Run 2/3: gist_flatnav-native_M32_ef200
2026-01-04 16:48:55,343 - INFO -   M=32, ef_construction=200
2026-01-04 16:48:55,343 - INFO - ================================================================================
2026-01-04 16:53:23,778 - INFO - FlatNav indexing time = 268.43 seconds
2026-01-04 16:53:23,779 - INFO - 
Computing in-degree distribution...
2026-01-04 16:53:23,929 - INFO - ================================================================================
2026-01-04 16:53:23,929 - INFO - In-Degree Distribution
2026-01-04 16:53:23,929 - INFO - ================================================================================
2026-01-04 16:53:23,930 - INFO - In-Degree       Percentage      Bar
2026-01-04 16:53:23,930 - INFO - --------------------------------------------------------------------------------
2026-01-04 16:53:23,930 - INFO - 0                   2.5487%    █
2026-01-04 16:53:23,930 - INFO - 1                   5.3190%    ██
2026-01-04 16:53:23,930 - INFO - 2                   6.1512%    ███
2026-01-04 16:53:23,930 - INFO - 3                   6.4244%    ███
2026-01-04 16:53:23,930 - INFO - 4                   6.2734%    ███
2026-01-04 16:53:23,930 - INFO - 5                   6.0466%    ███
2026-01-04 16:53:23,930 - INFO - 6                   5.6894%    ██
2026-01-04 16:53:23,930 - INFO - 7                   5.2951%    ██
2026-01-04 16:53:23,930 - INFO - 8                   4.8006%    ██
2026-01-04 16:53:23,930 - INFO - 9                   4.4505%    ██
2026-01-04 16:53:23,930 - INFO - 10                  4.0255%    ██
2026-01-04 16:53:23,930 - INFO - 11                  3.6906%    █
2026-01-04 16:53:23,930 - INFO - 12                  3.4000%    █
2026-01-04 16:53:23,930 - INFO - 13                  3.1350%    █
2026-01-04 16:53:23,930 - INFO - 14                  2.9110%    █
2026-01-04 16:53:23,930 - INFO - 15                  2.7341%    █
2026-01-04 16:53:23,930 - INFO - 16                  2.5977%    █
2026-01-04 16:53:23,930 - INFO - 17                  2.2965%    █
2026-01-04 16:53:23,930 - INFO - 18                  2.0627%    █
2026-01-04 16:53:23,930 - INFO - 19                  1.7796%    
2026-01-04 16:53:23,930 - INFO - 20                  1.5983%    
2026-01-04 16:53:23,930 - INFO - 21                  1.4308%    
2026-01-04 16:53:23,930 - INFO - 22                  1.2813%    
2026-01-04 16:53:23,930 - INFO - 23                  1.1471%    
2026-01-04 16:53:23,930 - INFO - 24                  1.0451%    
2026-01-04 16:53:23,930 - INFO - 25                  0.9638%    
2026-01-04 16:53:23,930 - INFO - 26                  0.8380%    
2026-01-04 16:53:23,930 - INFO - 27                  0.7586%    
2026-01-04 16:53:23,930 - INFO - 28                  0.6947%    
2026-01-04 16:53:23,930 - INFO - 29                  0.6438%    
2026-01-04 16:53:23,930 - INFO - ... (285 more entries)
2026-01-04 16:53:23,930 - INFO - ================================================================================
2026-01-04 16:53:23,930 - INFO - Total unique in-degree values: 315
2026-01-04 16:53:23,930 - INFO - ================================================================================
2026-01-04 16:53:23,930 - INFO - 
Computing hub statistics...
2026-01-04 16:53:24,275 - INFO - ================================================================================
2026-01-04 16:53:24,275 - INFO - Hub Node Statistics
2026-01-04 16:53:24,275 - INFO - ================================================================================
2026-01-04 16:53:24,275 - INFO - Hub Percentile: 10.0%
2026-01-04 16:53:24,275 - INFO - --------------------------------------------------------------------------------
2026-01-04 16:53:24,275 - INFO - NODE CLASSIFICATION:
2026-01-04 16:53:24,275 - INFO -   Number of Hubs: 100640 (10.0%)
2026-01-04 16:53:24,276 - INFO -   Number of Regular Nodes: 899360 (90.0%)
2026-01-04 16:53:24,276 - INFO -   Hub Threshold (min in-degree): 27
2026-01-04 16:53:24,276 - INFO - --------------------------------------------------------------------------------
2026-01-04 16:53:24,276 - INFO - IN-DEGREE STATISTICS:
2026-01-04 16:53:24,276 - INFO -   Average Hub In-Degree: 42.55
2026-01-04 16:53:24,276 - INFO -   Average Regular In-Degree: 9.17
2026-01-04 16:53:24,276 - INFO -   Overall Average In-Degree: 12.53
2026-01-04 16:53:24,276 - INFO -   Median In-Degree: 9.00
2026-01-04 16:53:24,276 - INFO -   Max In-Degree: 1440
2026-01-04 16:53:24,276 - INFO -   Min In-Degree: 0
2026-01-04 16:53:24,276 - INFO - --------------------------------------------------------------------------------
2026-01-04 16:53:24,276 - INFO - CONNECTIVITY PATTERNS:
2026-01-04 16:53:24,276 - INFO -   Hub → Hub: 7.70%
2026-01-04 16:53:24,276 - INFO -   Hub → Regular: 14.85%
2026-01-04 16:53:24,276 - INFO -   Regular → Hub: 26.47%
2026-01-04 16:53:24,276 - INFO -   Regular → Regular: 50.98%
2026-01-04 16:53:24,276 - INFO - ================================================================================
2026-01-04 16:53:24,277 - INFO - Added new entry for gist_flatnav-native_M32_ef200
2026-01-04 16:53:24,279 - INFO - Saved to ../metrics/indegree_stats_gist.json
2026-01-04 16:53:24,288 - INFO - Completed gist_flatnav-native_M32_ef200

2026-01-04 16:53:24,288 - INFO - ================================================================================
2026-01-04 16:53:24,288 - INFO - Run 3/3: gist_flatnav-native_M32_ef400
2026-01-04 16:53:24,288 - INFO -   M=32, ef_construction=400
2026-01-04 16:53:24,288 - INFO - ================================================================================
2026-01-04 17:02:03,236 - INFO - FlatNav indexing time = 518.94 seconds
2026-01-04 17:02:03,236 - INFO - 
Computing in-degree distribution...
2026-01-04 17:02:03,390 - INFO - ================================================================================
2026-01-04 17:02:03,390 - INFO - In-Degree Distribution
2026-01-04 17:02:03,390 - INFO - ================================================================================
2026-01-04 17:02:03,390 - INFO - In-Degree       Percentage      Bar
2026-01-04 17:02:03,390 - INFO - --------------------------------------------------------------------------------
2026-01-04 17:02:03,390 - INFO - 0                   1.6562%    
2026-01-04 17:02:03,390 - INFO - 1                   3.3274%    █
2026-01-04 17:02:03,390 - INFO - 2                   4.0016%    ██
2026-01-04 17:02:03,390 - INFO - 3                   4.4203%    ██
2026-01-04 17:02:03,390 - INFO - 4                   4.5830%    ██
2026-01-04 17:02:03,390 - INFO - 5                   4.6717%    ██
2026-01-04 17:02:03,390 - INFO - 6                   4.6353%    ██
2026-01-04 17:02:03,390 - INFO - 7                   4.5128%    ██
2026-01-04 17:02:03,390 - INFO - 8                   4.3678%    ██
2026-01-04 17:02:03,390 - INFO - 9                   4.2000%    ██
2026-01-04 17:02:03,390 - INFO - 10                  4.0243%    ██
2026-01-04 17:02:03,390 - INFO - 11                  3.8741%    █
2026-01-04 17:02:03,390 - INFO - 12                  3.6973%    █
2026-01-04 17:02:03,390 - INFO - 13                  3.6014%    █
2026-01-04 17:02:03,390 - INFO - 14                  3.6149%    █
2026-01-04 17:02:03,390 - INFO - 15                  3.6354%    █
2026-01-04 17:02:03,390 - INFO - 16                  3.6237%    █
2026-01-04 17:02:03,390 - INFO - 17                  3.2246%    █
2026-01-04 17:02:03,390 - INFO - 18                  2.8444%    █
2026-01-04 17:02:03,390 - INFO - 19                  2.4843%    █
2026-01-04 17:02:03,390 - INFO - 20                  2.1985%    █
2026-01-04 17:02:03,390 - INFO - 21                  1.9857%    
2026-01-04 17:02:03,390 - INFO - 22                  1.7858%    
2026-01-04 17:02:03,390 - INFO - 23                  1.5974%    
2026-01-04 17:02:03,390 - INFO - 24                  1.4325%    
2026-01-04 17:02:03,391 - INFO - 25                  1.3006%    
2026-01-04 17:02:03,391 - INFO - 26                  1.1611%    
2026-01-04 17:02:03,391 - INFO - 27                  1.0624%    
2026-01-04 17:02:03,391 - INFO - 28                  0.9599%    
2026-01-04 17:02:03,391 - INFO - 29                  0.8910%    
2026-01-04 17:02:03,391 - INFO - ... (273 more entries)
2026-01-04 17:02:03,391 - INFO - ================================================================================
2026-01-04 17:02:03,391 - INFO - Total unique in-degree values: 303
2026-01-04 17:02:03,391 - INFO - ================================================================================
2026-01-04 17:02:03,391 - INFO - 
Computing hub statistics...
2026-01-04 17:02:03,747 - INFO - ================================================================================
2026-01-04 17:02:03,747 - INFO - Hub Node Statistics
2026-01-04 17:02:03,747 - INFO - ================================================================================
2026-01-04 17:02:03,747 - INFO - Hub Percentile: 10.0%
2026-01-04 17:02:03,747 - INFO - --------------------------------------------------------------------------------
2026-01-04 17:02:03,747 - INFO - NODE CLASSIFICATION:
2026-01-04 17:02:03,747 - INFO -   Number of Hubs: 106246 (10.0%)
2026-01-04 17:02:03,747 - INFO -   Number of Regular Nodes: 893754 (90.0%)
2026-01-04 17:02:03,747 - INFO -   Hub Threshold (min in-degree): 30
2026-01-04 17:02:03,747 - INFO - --------------------------------------------------------------------------------
2026-01-04 17:02:03,747 - INFO - IN-DEGREE STATISTICS:
2026-01-04 17:02:03,747 - INFO -   Average Hub In-Degree: 45.17
2026-01-04 17:02:03,747 - INFO -   Average Regular In-Degree: 11.51
2026-01-04 17:02:03,747 - INFO -   Overall Average In-Degree: 15.09
2026-01-04 17:02:03,747 - INFO -   Median In-Degree: 12.00
2026-01-04 17:02:03,747 - INFO -   Max In-Degree: 1349
2026-01-04 17:02:03,747 - INFO -   Min In-Degree: 0
2026-01-04 17:02:03,747 - INFO - --------------------------------------------------------------------------------
2026-01-04 17:02:03,747 - INFO - CONNECTIVITY PATTERNS:
2026-01-04 17:02:03,747 - INFO -   Hub → Hub: 6.63%
2026-01-04 17:02:03,747 - INFO -   Hub → Regular: 13.47%
2026-01-04 17:02:03,747 - INFO -   Regular → Hub: 25.18%
2026-01-04 17:02:03,747 - INFO -   Regular → Regular: 54.73%
2026-01-04 17:02:03,747 - INFO - ================================================================================
2026-01-04 17:02:03,748 - INFO - Added new entry for gist_flatnav-native_M32_ef400
2026-01-04 17:02:03,751 - INFO - Saved to ../metrics/indegree_stats_gist.json
2026-01-04 17:02:03,759 - INFO - Completed gist_flatnav-native_M32_ef400

2026-01-04 17:02:03,759 - INFO - Analysis complete!
