Makefile:593: warning: overriding recipe for target 'deep-image-bench-flatnav-base'
Makefile:303: warning: ignoring old recipe for target 'deep-image-bench-flatnav-base'
Makefile:607: warning: overriding recipe for target 'gist-bench-flatnav-base'
Makefile:392: warning: ignoring old recipe for target 'gist-bench-flatnav-base'
INFO:root:Building index_type='flatnav'
INFO:root:Indexing time = 72.46719169616699 seconds
INFO:root:Metrics: {'node_links': 32, 'ef_construction': 30, 'recall': 0.746731999999991, 'qps': 5288.926718240683, 'latency_p50': 0.18739700317382812, 'latency_p95': 0.23055076599121094, 'latency_p99': 0.25940179824829107, 'latency_p999': 1.014236211776734, 'distance_computations': 0.0}
INFO:root:Metrics: {'node_links': 32, 'ef_construction': 30, 'recall': 0.8398179999999716, 'qps': 3014.0347980092715, 'latency_p50': 0.3333091735839844, 'latency_p95': 0.40341615676879866, 'latency_p99': 0.4346418380737306, 'latency_p999': 1.1596701145172124, 'distance_computations': 0.0, 'distance_type': 'l2', 'ef_search': 100}
INFO:root:Metrics: {'node_links': 32, 'ef_construction': 30, 'recall': 0.8805429999999609, 'qps': 2130.3536684403257, 'latency_p50': 0.4737377166748047, 'latency_p95': 0.5712509155273438, 'latency_p99': 0.6144070625305176, 'latency_p999': 1.3156046867370628, 'distance_computations': 0.0, 'distance_type': 'l2', 'ef_search': 200}
INFO:root:Metrics: {'node_links': 32, 'ef_construction': 30, 'recall': 0.9189199999999531, 'qps': 1356.87810993397, 'latency_p50': 0.7464885711669922, 'latency_p95': 0.9024262428283689, 'latency_p99': 0.9620261192321778, 'latency_p999': 1.5754840373992949, 'distance_computations': 0.0, 'distance_type': 'l2', 'ef_search': 300}
INFO:root:Metrics: {'node_links': 32, 'ef_construction': 30, 'recall': 0.9527949999999379, 'qps': 745.9555563649691, 'latency_p50': 1.340627670288086, 'latency_p95': 1.64031982421875, 'latency_p99': 1.780521869659424, 'latency_p999': 7.665014505386469, 'distance_computations': 0.0, 'distance_type': 'l2', 'ef_search': 500}
INFO:root:Metrics: {'node_links': 32, 'ef_construction': 30, 'recall': 0.9798479999999309, 'qps': 246.91499746653787, 'latency_p50': 3.919243812561035, 'latency_p95': 5.309593677520752, 'latency_p99': 5.724689960479737, 'latency_p999': 43.99044609069903, 'distance_computations': 0.0, 'distance_type': 'l2', 'ef_search': 1000}
INFO:root:Memory: index=5449.8MB, search=23.1MB, construction_time=72.53s
INFO:root:Building index_type='flatnav'
INFO:root:Indexing time = 79.72734045982361 seconds
INFO:root:Metrics: {'node_links': 32, 'ef_construction': 40, 'recall': 0.7831949999999885, 'qps': 5407.721548053742, 'latency_p50': 0.18405914306640625, 'latency_p95': 0.2257823944091797, 'latency_p99': 0.25439739227294933, 'latency_p999': 0.9145779609680185, 'distance_computations': 0.0, 'distance_type': 'l2', 'ef_search': 3000}
INFO:root:Metrics: {'node_links': 32, 'ef_construction': 40, 'recall': 0.8717329999999691, 'qps': 3060.816362869457, 'latency_p50': 0.32901763916015625, 'latency_p95': 0.39887428283691406, 'latency_p99': 0.43129920959472656, 'latency_p999': 1.0459482669830333, 'distance_computations': 0.0, 'distance_type': 'l2', 'ef_search': 100}
INFO:root:Metrics: {'node_links': 32, 'ef_construction': 40, 'recall': 0.9087269999999568, 'qps': 2150.449272378958, 'latency_p50': 0.47087669372558594, 'latency_p95': 0.5679130554199219, 'latency_p99': 0.6101250648498537, 'latency_p999': 1.2249984741210946, 'distance_computations': 0.0, 'distance_type': 'l2', 'ef_search': 200}
INFO:root:Metrics: {'node_links': 32, 'ef_construction': 40, 'recall': 0.9414909999999449, 'qps': 1363.582293037824, 'latency_p50': 0.7452964782714844, 'latency_p95': 0.9019374847412109, 'latency_p99': 0.9567928314208989, 'latency_p999': 1.493693828582764, 'distance_computations': 0.0, 'distance_type': 'l2', 'ef_search': 300}
INFO:root:Metrics: {'node_links': 32, 'ef_construction': 40, 'recall': 0.9687149999999319, 'qps': 729.93057425884, 'latency_p50': 1.3937950134277344, 'latency_p95': 1.6970634460449219, 'latency_p99': 1.793415546417237, 'latency_p999': 2.250671625137329, 'distance_computations': 0.0, 'distance_type': 'l2', 'ef_search': 500}
INFO:root:Metrics: {'node_links': 32, 'ef_construction': 40, 'recall': 0.9881339999999389, 'qps': 264.99723014567655, 'latency_p50': 3.8404464721679688, 'latency_p95': 4.704010486602783, 'latency_p99': 4.935266971588136, 'latency_p999': 5.168451309204104, 'distance_computations': 0.0, 'distance_type': 'l2', 'ef_search': 1000}
INFO:root:Memory: index=5440.3MB, search=0.5MB, construction_time=79.79s
INFO:root:Building index_type='flatnav'
INFO:root:Indexing time = 95.98825407028198 seconds
INFO:root:Metrics: {'node_links': 32, 'ef_construction': 50, 'recall': 0.8030639999999835, 'qps': 5282.772193875527, 'latency_p50': 0.1888275146484375, 'latency_p95': 0.22912025451660156, 'latency_p99': 0.2548694610595703, 'latency_p999': 0.905756950378419, 'distance_computations': 0.0, 'distance_type': 'l2', 'ef_search': 3000}
INFO:root:Metrics: {'node_links': 32, 'ef_construction': 50, 'recall': 0.8884269999999557, 'qps': 3000.451608920267, 'latency_p50': 0.33652782440185547, 'latency_p95': 0.4062771797180174, 'latency_p99': 0.43630838394165045, 'latency_p999': 1.052379846572876, 'distance_computations': 0.0, 'distance_type': 'l2', 'ef_search': 100}
INFO:root:Metrics: {'node_links': 32, 'ef_construction': 50, 'recall': 0.9224789999999492, 'qps': 2110.8382530652243, 'latency_p50': 0.4813671112060547, 'latency_p95': 0.5786418914794922, 'latency_p99': 0.6124997138977051, 'latency_p999': 1.1754117012023941, 'distance_computations': 0.0, 'distance_type': 'l2', 'ef_search': 200}
INFO:root:Metrics: {'node_links': 32, 'ef_construction': 50, 'recall': 0.9521499999999352, 'qps': 1339.5136410506072, 'latency_p50': 0.7607936859130859, 'latency_p95': 0.9186387062072752, 'latency_p99': 0.9708404541015625, 'latency_p999': 1.474859476089478, 'distance_computations': 0.0, 'distance_type': 'l2', 'ef_search': 300}
INFO:root:Metrics: {'node_links': 32, 'ef_construction': 50, 'recall': 0.9754919999999334, 'qps': 711.483412408457, 'latency_p50': 1.4330148696899414, 'latency_p95': 1.7457008361816406, 'latency_p99': 1.837267875671387, 'latency_p999': 2.213270902633673, 'distance_computations': 0.0, 'distance_type': 'l2', 'ef_search': 500}
INFO:root:Metrics: {'node_links': 32, 'ef_construction': 50, 'recall': 0.9910599999999403, 'qps': 258.4147839509558, 'latency_p50': 3.936767578125, 'latency_p95': 4.85994815826416, 'latency_p99': 5.099067687988281, 'latency_p999': 5.3563153743743905, 'distance_computations': 0.0, 'distance_type': 'l2', 'ef_search': 1000}
INFO:root:Memory: index=5326.0MB, search=-0.0MB, construction_time=96.05s
INFO:root:Building index_type='flatnav'
INFO:root:Indexing time = 184.59002137184143 seconds
INFO:root:Metrics: {'node_links': 32, 'ef_construction': 100, 'recall': 0.8395969999999786, 'qps': 3979.939295616985, 'latency_p50': 0.22745132446289062, 'latency_p95': 0.274658203125, 'latency_p99': 0.6213760375976575, 'latency_p999': 8.316491603851702, 'distance_computations': 0.0, 'distance_type': 'l2', 'ef_search': 3000}
INFO:root:Metrics: {'node_links': 32, 'ef_construction': 100, 'recall': 0.9187499999999558, 'qps': 2580.3157341773485, 'latency_p50': 0.3914833068847656, 'latency_p95': 0.46372413635253906, 'latency_p99': 0.4987740516662598, 'latency_p999': 1.1775517463684086, 'distance_computations': 0.0, 'distance_type': 'l2', 'ef_search': 100}
INFO:root:Metrics: {'node_links': 32, 'ef_construction': 100, 'recall': 0.9481029999999415, 'qps': 1830.6534361131016, 'latency_p50': 0.5550384521484375, 'latency_p95': 0.6613850593566892, 'latency_p99': 0.6983327865600587, 'latency_p999': 1.366953372955391, 'distance_computations': 0.0, 'distance_type': 'l2', 'ef_search': 200}
INFO:root:Metrics: {'node_links': 32, 'ef_construction': 100, 'recall': 0.9710709999999326, 'qps': 1173.2982820258612, 'latency_p50': 0.8704662322998047, 'latency_p95': 1.0466575622558594, 'latency_p99': 1.102449893951416, 'latency_p999': 1.665594577789307, 'distance_computations': 0.0, 'distance_type': 'l2', 'ef_search': 300}
INFO:root:Metrics: {'node_links': 32, 'ef_construction': 100, 'recall': 0.9870989999999407, 'qps': 631.672469906279, 'latency_p50': 1.6068220138549805, 'latency_p95': 1.9648075103759766, 'latency_p99': 2.07639217376709, 'latency_p999': 4.027269840240993, 'distance_computations': 0.0, 'distance_type': 'l2', 'ef_search': 500}
INFO:root:Metrics: {'node_links': 32, 'ef_construction': 100, 'recall': 0.9959929999999576, 'qps': 237.7817215086557, 'latency_p50': 4.27556037902832, 'latency_p95': 5.347537994384765, 'latency_p99': 5.643370151519776, 'latency_p999': 5.972866773605348, 'distance_computations': 0.0, 'distance_type': 'l2', 'ef_search': 1000}
INFO:root:Memory: index=5344.9MB, search=0.9MB, construction_time=184.65s
INFO:root:Building index_type='flatnav'
INFO:root:Indexing time = 323.30102801322937 seconds
INFO:root:Metrics: {'node_links': 32, 'ef_construction': 200, 'recall': 0.8530119999999786, 'qps': 4704.326893149644, 'latency_p50': 0.21386146545410156, 'latency_p95': 0.25177001953125, 'latency_p99': 0.27751922607421875, 'latency_p999': 0.9219670295715336, 'distance_computations': 0.0, 'distance_type': 'l2', 'ef_search': 3000}
INFO:root:Metrics: {'node_links': 32, 'ef_construction': 200, 'recall': 0.9297899999999497, 'qps': 2635.639342228799, 'latency_p50': 0.38623809814453125, 'latency_p95': 0.4527568817138672, 'latency_p99': 0.48280000686645513, 'latency_p999': 1.076957702636723, 'distance_computations': 0.0, 'distance_type': 'l2', 'ef_search': 100}
INFO:root:Metrics: {'node_links': 32, 'ef_construction': 200, 'recall': 0.9572229999999403, 'qps': 1851.1233593379513, 'latency_p50': 0.5517005920410156, 'latency_p95': 0.6513595581054688, 'latency_p99': 0.6845045089721681, 'latency_p999': 1.2486083507537862, 'distance_computations': 0.0, 'distance_type': 'l2', 'ef_search': 200}
INFO:root:Metrics: {'node_links': 32, 'ef_construction': 200, 'recall': 0.9776909999999384, 'qps': 1176.6296324505183, 'latency_p50': 0.8702278137207031, 'latency_p95': 1.038563251495361, 'latency_p99': 1.093394756317139, 'latency_p999': 1.5773777961730957, 'distance_computations': 0.0, 'distance_type': 'l2', 'ef_search': 300}
INFO:root:Metrics: {'node_links': 32, 'ef_construction': 200, 'recall': 0.9910199999999473, 'qps': 629.8538990529105, 'latency_p50': 1.6241073608398438, 'latency_p95': 1.9774556159973142, 'latency_p99': 2.07352876663208, 'latency_p999': 2.4111499786376998, 'distance_computations': 0.0, 'distance_type': 'l2', 'ef_search': 500}
INFO:root:Metrics: {'node_links': 32, 'ef_construction': 200, 'recall': 0.9972829999999654, 'qps': 228.99562020565276, 'latency_p50': 4.443883895874023, 'latency_p95': 5.569708347320557, 'latency_p99': 5.856754779815675, 'latency_p999': 6.162424564361576, 'distance_computations': 0.0, 'distance_type': 'l2', 'ef_search': 1000}
INFO:root:Memory: index=5401.5MB, search=0.0MB, construction_time=323.36s
INFO:root:Building index_type='flatnav'
[2026-01-08T15:20:40.250] error: *** JOB 23886848 ON idun-04-25 CANCELLED AT 2026-01-08T15:20:40 DUE to SIGNAL Terminated ***
