INFO:root:Building index_type='hnsw'
INFO:root:Indexing time = 19.847198009490967 seconds
INFO:root:Metrics: {'node_links': 32, 'ef_construction': 30, 'recall': 0.5178299999999997, 'qps': 1533.6717843859103, 'latency_p50': 0.6676912307739258, 'latency_p95': 0.8559346199035645, 'latency_p99': 0.9406256675720214, 'latency_p999': 1.003778457641605, 'distance_computations': 1825.998}
INFO:root:Memory: index=3928.1MB, search=8.6MB, construction_time=19.85s
INFO:root:Building index_type='hnsw'
INFO:root:Indexing time = 25.646004915237427 seconds
INFO:root:Metrics: {'node_links': 32, 'ef_construction': 40, 'recall': 0.5593699999999996, 'qps': 1442.4375358734765, 'latency_p50': 0.7115602493286133, 'latency_p95': 0.8898735046386718, 'latency_p99': 0.9491777420043945, 'latency_p999': 1.0445294380188004, 'distance_computations': 1948.06, 'distance_type': 'l2', 'ef_search': 100}
INFO:root:Memory: index=3867.3MB, search=4.9MB, construction_time=25.65s
INFO:root:Building index_type='hnsw'
INFO:root:Indexing time = 27.953811407089233 seconds
INFO:root:Metrics: {'node_links': 32, 'ef_construction': 50, 'recall': 0.5870700000000003, 'qps': 1636.3290210826922, 'latency_p50': 0.6293058395385742, 'latency_p95': 0.7774949073791504, 'latency_p99': 0.8177757263183594, 'latency_p999': 0.9081449508667, 'distance_computations': 2039.84, 'distance_type': 'l2', 'ef_search': 100}
INFO:root:Memory: index=3851.1MB, search=3.2MB, construction_time=27.96s
INFO:root:Building index_type='hnsw'
INFO:root:Indexing time = 53.13539266586304 seconds
INFO:root:Metrics: {'node_links': 32, 'ef_construction': 100, 'recall': 0.6616299999999996, 'qps': 1459.7291518175339, 'latency_p50': 0.7081031799316406, 'latency_p95': 0.8476138114929198, 'latency_p99': 0.8895444869995117, 'latency_p999': 0.9291281700134286, 'distance_computations': 2318.862, 'distance_type': 'l2', 'ef_search': 100}
INFO:root:Memory: index=3850.9MB, search=2.2MB, construction_time=53.14s
INFO:root:Building index_type='hnsw'
INFO:root:Indexing time = 107.4491970539093 seconds
INFO:root:Metrics: {'node_links': 32, 'ef_construction': 200, 'recall': 0.7054499999999994, 'qps': 1252.920057007614, 'latency_p50': 0.832676887512207, 'latency_p95': 0.9742021560668945, 'latency_p99': 1.037139892578125, 'latency_p999': 1.0979351997375504, 'distance_computations': 2535.684, 'distance_type': 'l2', 'ef_search': 100}
INFO:root:Memory: index=3852.2MB, search=3.2MB, construction_time=107.46s
INFO:root:Building index_type='hnsw'
INFO:root:Indexing time = 150.81849360466003 seconds
INFO:root:Metrics: {'node_links': 32, 'ef_construction': 300, 'recall': 0.7197599999999991, 'qps': 1284.9503213062042, 'latency_p50': 0.8064508438110352, 'latency_p95': 0.930345058441162, 'latency_p99': 0.9753966331481932, 'latency_p999': 1.0366966724395799, 'distance_computations': 2624.475, 'distance_type': 'l2', 'ef_search': 100}
INFO:root:Memory: index=3830.6MB, search=3.2MB, construction_time=150.82s
/cluster/home/emmanueq/code/flatnav/venv/lib/python3.11/site-packages/numpy/core/getlimits.py:549: UserWarning: The value of the smallest subnormal for <class 'numpy.float64'> type is zero.
  setattr(self, word, getattr(machar, word).flat[0])
/cluster/home/emmanueq/code/flatnav/venv/lib/python3.11/site-packages/numpy/core/getlimits.py:89: UserWarning: The value of the smallest subnormal for <class 'numpy.float64'> type is zero.
  return self._float_to_str(self.smallest_subnormal)
Traceback (most recent call last):
  File "/cluster/home/emmanueq/code/flatnav/experiments/run-benchmark.py", line 657, in <module>
    )
    ^^
  File "/cluster/home/emmanueq/code/flatnav/experiments/run-benchmark.py", line 648, in run_experiment
    hnsw_base_layer_filename=args.hnsw_base_layer_filename,
^^^^^^^^^^^^^^^^^^^^^^^^^^^^^^^^^^^^^^^^^^^^^^^^^^^^^^^^^^^
  File "/cluster/home/emmanueq/code/flatnav/experiments/run-benchmark.py", line 589, in plot_all_metrics
    y_metric = "recall"
                       
  File "/cluster/home/emmanueq/code/flatnav/experiments/run-benchmark.py", line 590, in <listcomp>
    
KeyError: 'latency_p999'
make: *** [Makefile:365: gist-bench-hnsw] Error 1
