INFO:root:Building index_type='flatnav'
INFO:root:Indexing time = 0.5051536560058594 seconds
INFO:root:Metrics: {'node_links': 32, 'ef_construction': 30, 'recall': 0.9669849999999273, 'qps': 4205.436210192, 'latency_p50': 0.2372264862060547, 'latency_p95': 0.308990478515625, 'latency_p99': 0.35715579986572277, 'latency_p999': 0.4432358741760286, 'distance_computations': 804.9858}
INFO:root:Metrics: {'node_links': 32, 'ef_construction': 30, 'recall': 0.9873189999999533, 'qps': 2509.573412416462, 'latency_p50': 0.3986358642578125, 'latency_p95': 0.5168914794921875, 'latency_p99': 0.573875904083252, 'latency_p999': 0.6542305946350118, 'distance_computations': 1263.9392, 'distance_type': 'l2', 'ef_search': 100}
INFO:root:Metrics: {'node_links': 32, 'ef_construction': 30, 'recall': 0.9922989999999609, 'qps': 1826.2670180705907, 'latency_p50': 0.5481243133544922, 'latency_p95': 0.7116794586181641, 'latency_p99': 0.7767724990844728, 'latency_p999': 0.8633139133453369, 'distance_computations': 1673.8276, 'distance_type': 'l2', 'ef_search': 200}
INFO:root:Metrics: {'node_links': 32, 'ef_construction': 30, 'recall': 0.9952399999999659, 'qps': 1203.6037082540627, 'latency_p50': 0.8292198181152344, 'latency_p95': 1.0776519775390625, 'latency_p99': 1.1787557601928713, 'latency_p999': 1.2843647003173837, 'distance_computations': 2421.0858, 'distance_type': 'l2', 'ef_search': 300}
INFO:root:Metrics: {'node_links': 32, 'ef_construction': 30, 'recall': 0.9972919999999736, 'qps': 667.0527043177956, 'latency_p50': 1.5001296997070312, 'latency_p95': 1.9292950630187986, 'latency_p99': 2.094748020172119, 'latency_p999': 2.240191459655764, 'distance_computations': 4090.157, 'distance_type': 'l2', 'ef_search': 500}
INFO:root:Metrics: {'node_links': 32, 'ef_construction': 30, 'recall': 0.9989179999999857, 'qps': 251.1894972886257, 'latency_p50': 3.9882659912109375, 'latency_p95': 4.882848262786864, 'latency_p99': 5.192046165466309, 'latency_p999': 5.5186781883239755, 'distance_computations': 9819.8554, 'distance_type': 'l2', 'ef_search': 1000}
INFO:root:Building index_type='flatnav'
INFO:root:Indexing time = 0.5426819324493408 seconds
INFO:root:Metrics: {'node_links': 32, 'ef_construction': 40, 'recall': 0.977990999999933, 'qps': 4165.20008095434, 'latency_p50': 0.24008750915527344, 'latency_p95': 0.31495094299316406, 'latency_p99': 0.35715818405151384, 'latency_p999': 0.4262993335723891, 'distance_computations': 817.0625, 'distance_type': 'l2', 'ef_search': 3000}
ERROR:root:Error reading metrics_file='../metrics/metrics.json'
INFO:root:Metrics: {'node_links': 32, 'ef_construction': 40, 'recall': 0.9929469999999656, 'qps': 2499.249802708242, 'latency_p50': 0.40078163146972656, 'latency_p95': 0.5309581756591797, 'latency_p99': 0.5836534500122071, 'latency_p999': 0.6442070007324219, 'distance_computations': 1272.5426, 'distance_type': 'l2', 'ef_search': 100}
INFO:root:Metrics: {'node_links': 32, 'ef_construction': 40, 'recall': 0.9961449999999747, 'qps': 1827.8845055961287, 'latency_p50': 0.5457401275634766, 'latency_p95': 0.7300376892089844, 'latency_p99': 0.8046627044677734, 'latency_p999': 0.8795311450958262, 'distance_computations': 1673.5303, 'distance_type': 'l2', 'ef_search': 200}
INFO:root:Metrics: {'node_links': 32, 'ef_construction': 40, 'recall': 0.9979469999999823, 'qps': 1214.3434780700368, 'latency_p50': 0.8225440979003906, 'latency_p95': 1.105082035064697, 'latency_p99': 1.2178516387939455, 'latency_p999': 1.32918667793274, 'distance_computations': 2398.5728, 'distance_type': 'l2', 'ef_search': 300}
INFO:root:Metrics: {'node_links': 32, 'ef_construction': 40, 'recall': 0.9989939999999883, 'qps': 680.3112881414247, 'latency_p50': 1.4743804931640625, 'latency_p95': 1.9522190093994134, 'latency_p99': 2.1410036087036133, 'latency_p999': 2.314338207244875, 'distance_computations': 3997.6039, 'distance_type': 'l2', 'ef_search': 500}
INFO:root:Metrics: {'node_links': 32, 'ef_construction': 40, 'recall': 0.9996359999999944, 'qps': 259.80307846068405, 'latency_p50': 3.8690567016601562, 'latency_p95': 4.861617088317871, 'latency_p99': 5.2323365211486825, 'latency_p999': 5.588073253631595, 'distance_computations': 9440.1469, 'distance_type': 'l2', 'ef_search': 1000}
INFO:root:Building index_type='flatnav'
INFO:root:Indexing time = 0.6404125690460205 seconds
INFO:root:Metrics: {'node_links': 32, 'ef_construction': 50, 'recall': 0.9816459999999415, 'qps': 4018.3889765778626, 'latency_p50': 0.24938583374023438, 'latency_p95': 0.32783746719360335, 'latency_p99': 0.3647804260253906, 'latency_p999': 0.41795063018798884, 'distance_computations': 848.6019, 'distance_type': 'l2', 'ef_search': 3000}
INFO:root:Metrics: {'node_links': 32, 'ef_construction': 50, 'recall': 0.9946879999999716, 'qps': 2412.2320863771847, 'latency_p50': 0.41484832763671875, 'latency_p95': 0.5528926849365234, 'latency_p99': 0.6101131439208984, 'latency_p999': 0.6816425323486336, 'distance_computations': 1323.3279, 'distance_type': 'l2', 'ef_search': 100}
INFO:root:Metrics: {'node_links': 32, 'ef_construction': 50, 'recall': 0.9972569999999803, 'qps': 1767.5072196425351, 'latency_p50': 0.5649328231811523, 'latency_p95': 0.762939453125, 'latency_p99': 0.8385205268859863, 'latency_p999': 0.9205369949340826, 'distance_computations': 1739.564, 'distance_type': 'l2', 'ef_search': 200}
INFO:root:Metrics: {'node_links': 32, 'ef_construction': 50, 'recall': 0.998656999999987, 'qps': 1176.80602081477, 'latency_p50': 0.8494853973388672, 'latency_p95': 1.1489510536193845, 'latency_p99': 1.265056133270264, 'latency_p999': 1.3914134502410893, 'distance_computations': 2487.9365, 'distance_type': 'l2', 'ef_search': 300}
INFO:root:Metrics: {'node_links': 32, 'ef_construction': 50, 'recall': 0.9994049999999927, 'qps': 662.1942168016399, 'latency_p50': 1.5157461166381836, 'latency_p95': 2.025139331817627, 'latency_p99': 2.227787971496582, 'latency_p999': 2.414009332656865, 'distance_computations': 4130.9133, 'distance_type': 'l2', 'ef_search': 500}
INFO:root:Metrics: {'node_links': 32, 'ef_construction': 50, 'recall': 0.9998249999999973, 'qps': 254.62797421132183, 'latency_p50': 3.9467811584472656, 'latency_p95': 4.98131513595581, 'latency_p99': 5.369932651519776, 'latency_p999': 5.770460367202762, 'distance_computations': 9686.0182, 'distance_type': 'l2', 'ef_search': 1000}
INFO:root:Building index_type='flatnav'
INFO:root:Indexing time = 1.1419286727905273 seconds
INFO:root:Metrics: {'node_links': 32, 'ef_construction': 100, 'recall': 0.988567999999948, 'qps': 3664.624009655593, 'latency_p50': 0.2739429473876953, 'latency_p95': 0.3619194030761719, 'latency_p99': 0.40078401565551763, 'latency_p999': 0.4568102359771729, 'distance_computations': 932.8664, 'distance_type': 'l2', 'ef_search': 3000}
INFO:root:Metrics: {'node_links': 32, 'ef_construction': 100, 'recall': 0.9974689999999812, 'qps': 2204.2143268066375, 'latency_p50': 0.4551410675048828, 'latency_p95': 0.6129741668701172, 'latency_p99': 0.6778264045715332, 'latency_p999': 0.7464892864227296, 'distance_computations': 1460.0227, 'distance_type': 'l2', 'ef_search': 100}
INFO:root:Metrics: {'node_links': 32, 'ef_construction': 100, 'recall': 0.9988939999999897, 'qps': 1620.4790838319243, 'latency_p50': 0.6170272827148438, 'latency_p95': 0.8444905281066892, 'latency_p99': 0.9322237968444825, 'latency_p999': 1.0306835174560547, 'distance_computations': 1917.7888, 'distance_type': 'l2', 'ef_search': 200}
INFO:root:Metrics: {'node_links': 32, 'ef_construction': 100, 'recall': 0.9995399999999949, 'qps': 1084.2084006670837, 'latency_p50': 0.92315673828125, 'latency_p95': 1.2633800506591797, 'latency_p99': 1.4074230194091806, 'latency_p999': 1.5387537479400635, 'distance_computations': 2733.1785, 'distance_type': 'l2', 'ef_search': 300}
INFO:root:Metrics: {'node_links': 32, 'ef_construction': 100, 'recall': 0.999870999999998, 'qps': 617.147899236028, 'latency_p50': 1.6269683837890625, 'latency_p95': 2.2094368934631348, 'latency_p99': 2.4261593818664555, 'latency_p999': 2.6397747993469247, 'distance_computations': 4501.8578, 'distance_type': 'l2', 'ef_search': 500}
INFO:root:Metrics: {'node_links': 32, 'ef_construction': 100, 'recall': 0.9999659999999995, 'qps': 241.25934138477163, 'latency_p50': 4.171848297119141, 'latency_p95': 5.33466339111328, 'latency_p99': 5.755198001861573, 'latency_p999': 6.1912579536438, 'distance_computations': 10379.0933, 'distance_type': 'l2', 'ef_search': 1000}
INFO:root:Building index_type='flatnav'
INFO:root:Indexing time = 2.0619313716888428 seconds
INFO:root:Metrics: {'node_links': 32, 'ef_construction': 200, 'recall': 0.9914199999999553, 'qps': 3415.7330748400955, 'latency_p50': 0.2949237823486328, 'latency_p95': 0.3879189491271971, 'latency_p99': 0.4284381866455078, 'latency_p999': 0.4699254035949712, 'distance_computations': 1004.7785, 'distance_type': 'l2', 'ef_search': 3000}
INFO:root:Metrics: {'node_links': 32, 'ef_construction': 200, 'recall': 0.9984929999999871, 'qps': 2049.742781790005, 'latency_p50': 0.4907846450805664, 'latency_p95': 0.6635189056396484, 'latency_p99': 0.7307600975036622, 'latency_p999': 0.7910768985748299, 'distance_computations': 1580.2728, 'distance_type': 'l2', 'ef_search': 100}
INFO:root:Metrics: {'node_links': 32, 'ef_construction': 200, 'recall': 0.9994449999999943, 'qps': 1508.686928534968, 'latency_p50': 0.6668567657470703, 'latency_p95': 0.9119629859924314, 'latency_p99': 1.0047030448913576, 'latency_p999': 1.0969650745391848, 'distance_computations': 2076.7762, 'distance_type': 'l2', 'ef_search': 200}
INFO:root:Metrics: {'node_links': 32, 'ef_construction': 200, 'recall': 0.9997949999999977, 'qps': 1013.0624622227429, 'latency_p50': 0.992894172668457, 'latency_p95': 1.3656973838806148, 'latency_p99': 1.5091943740844727, 'latency_p999': 1.6572546958923355, 'distance_computations': 2954.5133, 'distance_type': 'l2', 'ef_search': 300}
INFO:root:Metrics: {'node_links': 32, 'ef_construction': 200, 'recall': 0.9999609999999993, 'qps': 581.6021189416035, 'latency_p50': 1.7338991165161133, 'latency_p95': 2.360820770263672, 'latency_p99': 2.6059412956237797, 'latency_p999': 2.80692863464356, 'distance_computations': 4835.7963, 'distance_type': 'l2', 'ef_search': 500}
INFO:root:Metrics: {'node_links': 32, 'ef_construction': 200, 'recall': 0.9999929999999998, 'qps': 231.01808321334693, 'latency_p50': 4.3708086013793945, 'latency_p95': 5.610299110412597, 'latency_p99': 6.05036735534668, 'latency_p999': 6.5331778526306215, 'distance_computations': 10974.1341, 'distance_type': 'l2', 'ef_search': 1000}
INFO:root:Building index_type='flatnav'
INFO:root:Indexing time = 2.954780101776123 seconds
INFO:root:Metrics: {'node_links': 32, 'ef_construction': 300, 'recall': 0.9921039999999565, 'qps': 3291.471735259921, 'latency_p50': 0.30684471130371094, 'latency_p95': 0.4007935523986815, 'latency_p99': 0.4386997222900393, 'latency_p999': 0.47946190834045455, 'distance_computations': 1043.3874, 'distance_type': 'l2', 'ef_search': 3000}
INFO:root:Metrics: {'node_links': 32, 'ef_construction': 300, 'recall': 0.998749999999988, 'qps': 1972.1279617978448, 'latency_p50': 0.5118846893310547, 'latency_p95': 0.6852269172668455, 'latency_p99': 0.7574629783630372, 'latency_p999': 0.8230297565460223, 'distance_computations': 1647.6961, 'distance_type': 'l2', 'ef_search': 100}
INFO:root:Metrics: {'node_links': 32, 'ef_construction': 300, 'recall': 0.9995649999999954, 'qps': 1449.8110681215253, 'latency_p50': 0.6955862045288086, 'latency_p95': 0.9438991546630859, 'latency_p99': 1.0433292388916018, 'latency_p999': 1.138454914093019, 'distance_computations': 2167.8502, 'distance_type': 'l2', 'ef_search': 200}
INFO:root:Metrics: {'node_links': 32, 'ef_construction': 300, 'recall': 0.9998609999999986, 'qps': 974.4114495872944, 'latency_p50': 1.035451889038086, 'latency_p95': 1.4109730720520017, 'latency_p99': 1.565225124359131, 'latency_p999': 1.7235286235809328, 'distance_computations': 3084.3049, 'distance_type': 'l2', 'ef_search': 300}
INFO:root:Metrics: {'node_links': 32, 'ef_construction': 300, 'recall': 0.9999769999999997, 'qps': 561.8073562363296, 'latency_p50': 1.7986297607421875, 'latency_p95': 2.4366736412048335, 'latency_p99': 2.6850843429565434, 'latency_p999': 2.9404175281524663, 'distance_computations': 5035.5794, 'distance_type': 'l2', 'ef_search': 500}
INFO:root:Metrics: {'node_links': 32, 'ef_construction': 300, 'recall': 0.9999959999999999, 'qps': 225.05222198681867, 'latency_p50': 4.493355751037598, 'latency_p95': 5.762815475463867, 'latency_p99': 6.202344894409182, 'latency_p999': 6.6922004222869935, 'distance_computations': 11330.3547, 'distance_type': 'l2', 'ef_search': 1000}
/cluster/home/emmanueq/code/flatnav/venv/lib/python3.11/site-packages/numpy/core/getlimits.py:549: UserWarning: The value of the smallest subnormal for <class 'numpy.float64'> type is zero.
  setattr(self, word, getattr(machar, word).flat[0])
/cluster/home/emmanueq/code/flatnav/venv/lib/python3.11/site-packages/numpy/core/getlimits.py:89: UserWarning: The value of the smallest subnormal for <class 'numpy.float64'> type is zero.
  return self._float_to_str(self.smallest_subnormal)
