Makefile:593: warning: overriding recipe for target 'deep-image-bench-flatnav-base'
Makefile:303: warning: ignoring old recipe for target 'deep-image-bench-flatnav-base'
Makefile:607: warning: overriding recipe for target 'gist-bench-flatnav-base'
Makefile:392: warning: ignoring old recipe for target 'gist-bench-flatnav-base'
INFO:root:Building index_type='flatnav'
INFO:root:Indexing time = 25.38472580909729 seconds
INFO:root:Metrics: {'node_links': 32, 'ef_construction': 30, 'recall': 0.5163099999999998, 'qps': 1457.8934306396818, 'latency_p50': 0.6772279739379883, 'latency_p95': 0.8881330490112305, 'latency_p99': 0.9787869453430176, 'latency_p999': 1.2834088802350743, 'distance_computations': 0.0}
INFO:root:Metrics: {'node_links': 32, 'ef_construction': 30, 'recall': 0.635360000000001, 'qps': 854.9901899330877, 'latency_p50': 1.1981725692749023, 'latency_p95': 1.5288949012756348, 'latency_p99': 1.6384291648864746, 'latency_p999': 1.6934916973114018, 'distance_computations': 0.0, 'distance_type': 'l2', 'ef_search': 100}
INFO:root:Metrics: {'node_links': 32, 'ef_construction': 30, 'recall': 0.6997000000000005, 'qps': 609.5021089075459, 'latency_p50': 1.680135726928711, 'latency_p95': 2.1550893783569336, 'latency_p99': 2.274763584136963, 'latency_p999': 2.363721370697025, 'distance_computations': 0.0, 'distance_type': 'l2', 'ef_search': 200}
INFO:root:Metrics: {'node_links': 32, 'ef_construction': 30, 'recall': 0.7733600000000006, 'qps': 395.8736607080075, 'latency_p50': 2.599477767944336, 'latency_p95': 3.3224701881408687, 'latency_p99': 3.4968948364257812, 'latency_p999': 3.6245052814483705, 'distance_computations': 0.0, 'distance_type': 'l2', 'ef_search': 300}
INFO:root:Metrics: {'node_links': 32, 'ef_construction': 30, 'recall': 0.8521700000000016, 'qps': 220.14342716638578, 'latency_p50': 4.694700241088867, 'latency_p95': 5.913567543029785, 'latency_p99': 6.19842529296875, 'latency_p999': 6.459003210067749, 'distance_computations': 0.0, 'distance_type': 'l2', 'ef_search': 500}
INFO:root:Metrics: {'node_links': 32, 'ef_construction': 30, 'recall': 0.9283500000000043, 'qps': 88.19189957029015, 'latency_p50': 11.73710823059082, 'latency_p95': 14.468026161193846, 'latency_p99': 15.223603248596191, 'latency_p999': 15.938060998916628, 'distance_computations': 0.0, 'distance_type': 'l2', 'ef_search': 1000}
INFO:root:Memory: index=3843.3MB, search=2.6MB, construction_time=25.39s
INFO:root:Building index_type='flatnav'
INFO:root:Indexing time = 29.676067113876343 seconds
INFO:root:Metrics: {'node_links': 32, 'ef_construction': 40, 'recall': 0.5583599999999997, 'qps': 1431.4175774484459, 'latency_p50': 0.7163286209106445, 'latency_p95': 0.9067416191101073, 'latency_p99': 0.984947681427002, 'latency_p999': 1.0869696140289324, 'distance_computations': 0.0, 'distance_type': 'l2', 'ef_search': 3000}
INFO:root:Metrics: {'node_links': 32, 'ef_construction': 40, 'recall': 0.6788500000000001, 'qps': 815.3246599755537, 'latency_p50': 1.268148422241211, 'latency_p95': 1.5928983688354492, 'latency_p99': 1.6911077499389648, 'latency_p999': 1.7805147171020512, 'distance_computations': 0.0, 'distance_type': 'l2', 'ef_search': 100}
INFO:root:Metrics: {'node_links': 32, 'ef_construction': 40, 'recall': 0.742320000000001, 'qps': 579.7269233507004, 'latency_p50': 1.7837285995483398, 'latency_p95': 2.230751514434814, 'latency_p99': 2.3605966567993164, 'latency_p999': 2.4643731117248606, 'distance_computations': 0.0, 'distance_type': 'l2', 'ef_search': 200}
INFO:root:Metrics: {'node_links': 32, 'ef_construction': 40, 'recall': 0.8106200000000011, 'qps': 376.8418449932004, 'latency_p50': 2.7413368225097656, 'latency_p95': 3.447318077087402, 'latency_p99': 3.636195659637451, 'latency_p999': 3.785897493362431, 'distance_computations': 0.0, 'distance_type': 'l2', 'ef_search': 300}
INFO:root:Metrics: {'node_links': 32, 'ef_construction': 40, 'recall': 0.880600000000002, 'qps': 209.9427464457352, 'latency_p50': 4.9294233322143555, 'latency_p95': 6.148946285247803, 'latency_p99': 6.477899551391602, 'latency_p999': 6.692171812057495, 'distance_computations': 0.0, 'distance_type': 'l2', 'ef_search': 500}
INFO:root:Metrics: {'node_links': 32, 'ef_construction': 40, 'recall': 0.9451200000000043, 'qps': 84.61410142090752, 'latency_p50': 12.212872505187988, 'latency_p95': 15.078973770141602, 'latency_p99': 15.790536403656006, 'latency_p999': 16.245235919952403, 'distance_computations': 0.0, 'distance_type': 'l2', 'ef_search': 1000}
INFO:root:Memory: index=3835.4MB, search=0.1MB, construction_time=29.68s
INFO:root:Building index_type='flatnav'
INFO:root:Indexing time = 34.538413524627686 seconds
INFO:root:Metrics: {'node_links': 32, 'ef_construction': 50, 'recall': 0.5855100000000008, 'qps': 1351.5446739497852, 'latency_p50': 0.761866569519043, 'latency_p95': 0.9443998336791992, 'latency_p99': 1.0171198844909668, 'latency_p999': 1.106754541397096, 'distance_computations': 0.0, 'distance_type': 'l2', 'ef_search': 3000}
INFO:root:Metrics: {'node_links': 32, 'ef_construction': 50, 'recall': 0.7060200000000008, 'qps': 766.1023722794058, 'latency_p50': 1.347184181213379, 'latency_p95': 1.6696572303771973, 'latency_p99': 1.7709803581237793, 'latency_p999': 1.8518559932708794, 'distance_computations': 0.0, 'distance_type': 'l2', 'ef_search': 100}
INFO:root:Metrics: {'node_links': 32, 'ef_construction': 50, 'recall': 0.7667200000000011, 'qps': 544.1759296800246, 'latency_p50': 1.8941164016723633, 'latency_p95': 2.363729476928711, 'latency_p99': 2.469427585601806, 'latency_p999': 2.6270103454590163, 'distance_computations': 0.0, 'distance_type': 'l2', 'ef_search': 200}
INFO:root:Metrics: {'node_links': 32, 'ef_construction': 50, 'recall': 0.8321100000000009, 'qps': 353.6275007488957, 'latency_p50': 2.9289722442626953, 'latency_p95': 3.6512374877929683, 'latency_p99': 3.8200116157531734, 'latency_p999': 3.9355978965759295, 'distance_computations': 0.0, 'distance_type': 'l2', 'ef_search': 300}
INFO:root:Metrics: {'node_links': 32, 'ef_construction': 50, 'recall': 0.8966900000000024, 'qps': 197.03482669332442, 'latency_p50': 5.2574872970581055, 'latency_p95': 6.53693675994873, 'latency_p99': 6.793532371520996, 'latency_p999': 7.031244039535527, 'distance_computations': 0.0, 'distance_type': 'l2', 'ef_search': 500}
INFO:root:Metrics: {'node_links': 32, 'ef_construction': 50, 'recall': 0.9531300000000065, 'qps': 79.71637926471436, 'latency_p50': 12.964963912963867, 'latency_p95': 15.933871269226074, 'latency_p99': 16.75544500350952, 'latency_p999': 17.110966682434093, 'distance_computations': 0.0, 'distance_type': 'l2', 'ef_search': 1000}
INFO:root:Memory: index=3828.9MB, search=0.1MB, construction_time=34.55s
INFO:root:Building index_type='flatnav'
INFO:root:Indexing time = 63.47867441177368 seconds
INFO:root:Metrics: {'node_links': 32, 'ef_construction': 100, 'recall': 0.6592200000000001, 'qps': 1172.0382122710828, 'latency_p50': 0.8842945098876953, 'latency_p95': 1.0731816291809082, 'latency_p99': 1.1413311958312988, 'latency_p999': 1.20119953155518, 'distance_computations': 0.0, 'distance_type': 'l2', 'ef_search': 3000}
INFO:root:Metrics: {'node_links': 32, 'ef_construction': 100, 'recall': 0.7790000000000008, 'qps': 660.1319286794416, 'latency_p50': 1.5676021575927734, 'latency_p95': 1.9078493118286133, 'latency_p99': 1.9777727127075193, 'latency_p999': 2.027275562286377, 'distance_computations': 0.0, 'distance_type': 'l2', 'ef_search': 100}
INFO:root:Metrics: {'node_links': 32, 'ef_construction': 100, 'recall': 0.8348400000000017, 'qps': 468.7402317939078, 'latency_p50': 2.2125244140625, 'latency_p95': 2.682948112487793, 'latency_p99': 2.8145909309387207, 'latency_p999': 2.9433901309967356, 'distance_computations': 0.0, 'distance_type': 'l2', 'ef_search': 200}
INFO:root:Metrics: {'node_links': 32, 'ef_construction': 100, 'recall': 0.8901600000000032, 'qps': 304.52450391478754, 'latency_p50': 3.4079551696777344, 'latency_p95': 4.151558876037597, 'latency_p99': 4.31992769241333, 'latency_p999': 4.46272897720337, 'distance_computations': 0.0, 'distance_type': 'l2', 'ef_search': 300}
INFO:root:Metrics: {'node_links': 32, 'ef_construction': 100, 'recall': 0.9384200000000047, 'qps': 170.2880847133592, 'latency_p50': 6.087541580200195, 'latency_p95': 7.474708557128905, 'latency_p99': 7.723126411437988, 'latency_p999': 7.916215896606446, 'distance_computations': 0.0, 'distance_type': 'l2', 'ef_search': 500}
INFO:root:Metrics: {'node_links': 32, 'ef_construction': 100, 'recall': 0.974780000000007, 'qps': 69.78073716424883, 'latency_p50': 14.82534408569336, 'latency_p95': 18.117213249206543, 'latency_p99': 18.94970178604126, 'latency_p999': 19.252892255783113, 'distance_computations': 0.0, 'distance_type': 'l2', 'ef_search': 1000}
INFO:root:Memory: index=3833.7MB, search=0.1MB, construction_time=63.49s
INFO:root:Building index_type='flatnav'
INFO:root:Indexing time = 123.84324240684509 seconds
INFO:root:Metrics: {'node_links': 32, 'ef_construction': 200, 'recall': 0.7015999999999999, 'qps': 1092.3318083291947, 'latency_p50': 0.9522438049316406, 'latency_p95': 1.1360883712768555, 'latency_p99': 1.189734935760498, 'latency_p999': 1.2192842960357677, 'distance_computations': 0.0, 'distance_type': 'l2', 'ef_search': 3000}
INFO:root:Metrics: {'node_links': 32, 'ef_construction': 200, 'recall': 0.8219800000000006, 'qps': 609.5765174542942, 'latency_p50': 1.7076730728149414, 'latency_p95': 2.0191907882690425, 'latency_p99': 2.0803141593933105, 'latency_p999': 2.1326670646667494, 'distance_computations': 0.0, 'distance_type': 'l2', 'ef_search': 100}
INFO:root:Metrics: {'node_links': 32, 'ef_construction': 200, 'recall': 0.8746400000000026, 'qps': 430.2331676293214, 'latency_p50': 2.410888671875, 'latency_p95': 2.8730273246765137, 'latency_p99': 2.9752373695373535, 'latency_p999': 3.598203420639488, 'distance_computations': 0.0, 'distance_type': 'l2', 'ef_search': 200}
INFO:root:Metrics: {'node_links': 32, 'ef_construction': 200, 'recall': 0.922360000000004, 'qps': 278.93282741573967, 'latency_p50': 3.714919090270996, 'latency_p95': 4.448592662811279, 'latency_p99': 4.601869583129883, 'latency_p999': 6.854268550873659, 'distance_computations': 0.0, 'distance_type': 'l2', 'ef_search': 300}
INFO:root:Metrics: {'node_links': 32, 'ef_construction': 200, 'recall': 0.9614400000000057, 'qps': 157.57668974756157, 'latency_p50': 6.523370742797852, 'latency_p95': 7.9666972160339355, 'latency_p99': 8.241665363311766, 'latency_p999': 20.84985828399681, 'distance_computations': 0.0, 'distance_type': 'l2', 'ef_search': 500}
INFO:root:Metrics: {'node_links': 32, 'ef_construction': 200, 'recall': 0.9850900000000065, 'qps': 66.46613330060872, 'latency_p50': 15.553832054138184, 'latency_p95': 18.984174728393555, 'latency_p99': 19.731082916259762, 'latency_p999': 29.380356073379648, 'distance_computations': 0.0, 'distance_type': 'l2', 'ef_search': 1000}
INFO:root:Memory: index=3828.9MB, search=0.1MB, construction_time=123.85s
INFO:root:Building index_type='flatnav'
INFO:root:Indexing time = 187.27832961082458 seconds
INFO:root:Metrics: {'node_links': 32, 'ef_construction': 300, 'recall': 0.7166200000000004, 'qps': 1108.6539579831044, 'latency_p50': 0.9349584579467773, 'latency_p95': 1.1058568954467771, 'latency_p99': 1.1571121215820312, 'latency_p999': 1.2200989723205666, 'distance_computations': 0.0, 'distance_type': 'l2', 'ef_search': 3000}
INFO:root:Metrics: {'node_links': 32, 'ef_construction': 300, 'recall': 0.8360300000000024, 'qps': 616.6988594250531, 'latency_p50': 1.6869306564331055, 'latency_p95': 1.9750714302062986, 'latency_p99': 2.0203661918640137, 'latency_p999': 2.0985651016235356, 'distance_computations': 0.0, 'distance_type': 'l2', 'ef_search': 100}
INFO:root:Metrics: {'node_links': 32, 'ef_construction': 300, 'recall': 0.8879000000000024, 'qps': 435.30569394415767, 'latency_p50': 2.3905038833618164, 'latency_p95': 2.813589572906494, 'latency_p99': 2.8844428062438965, 'latency_p999': 2.9552068710327157, 'distance_computations': 0.0, 'distance_type': 'l2', 'ef_search': 200}
INFO:root:Metrics: {'node_links': 32, 'ef_construction': 300, 'recall': 0.9338300000000043, 'qps': 281.05804721298944, 'latency_p50': 3.7044286727905273, 'latency_p95': 4.393362998962402, 'latency_p99': 4.5288801193237305, 'latency_p999': 4.749246835708785, 'distance_computations': 0.0, 'distance_type': 'l2', 'ef_search': 300}
INFO:root:Metrics: {'node_links': 32, 'ef_construction': 300, 'recall': 0.9693000000000066, 'qps': 156.92398014475617, 'latency_p50': 6.594419479370117, 'latency_p95': 7.979726791381836, 'latency_p99': 8.198368549346924, 'latency_p999': 8.427167177200449, 'distance_computations': 0.0, 'distance_type': 'l2', 'ef_search': 500}
INFO:root:Metrics: {'node_links': 32, 'ef_construction': 300, 'recall': 0.988420000000006, 'qps': 64.86867064574277, 'latency_p50': 16.051411628723145, 'latency_p95': 19.437134265899658, 'latency_p99': 20.145351886749268, 'latency_p999': 21.03194999694842, 'distance_computations': 0.0, 'distance_type': 'l2', 'ef_search': 1000}
INFO:root:Memory: index=3831.6MB, search=0.1MB, construction_time=187.29s
/cluster/home/emmanueq/code/flatnav/venv/lib/python3.11/site-packages/numpy/core/getlimits.py:549: UserWarning: The value of the smallest subnormal for <class 'numpy.float64'> type is zero.
  setattr(self, word, getattr(machar, word).flat[0])
/cluster/home/emmanueq/code/flatnav/venv/lib/python3.11/site-packages/numpy/core/getlimits.py:89: UserWarning: The value of the smallest subnormal for <class 'numpy.float64'> type is zero.
  return self._float_to_str(self.smallest_subnormal)
/cluster/home/emmanueq/code/flatnav/experiments/plotting/plot.py:189: RuntimeWarning: Mean of empty slice.
  return -np.log(np.array(y_values)).mean()
/cluster/home/emmanueq/code/flatnav/venv/lib/python3.11/site-packages/numpy/core/_methods.py:129: RuntimeWarning: invalid value encountered in scalar divide
  ret = ret.dtype.type(ret / rcount)
