INFO:root:Building index_type='flatnav'
INFO:root:Indexing time = 1.2094526290893555 seconds
INFO:root:Metrics: {'node_links': 32, 'ef_construction': 100, 'recall': 0.9884409999999471, 'qps': 3625.726929764369, 'latency_p50': 0.2765655517578125, 'latency_p95': 0.3657341003417969, 'latency_p99': 0.4055523872375489, 'latency_p999': 0.459678173065187, 'distance_computations': 937.9948}
INFO:root:Metrics: {'node_links': 32, 'ef_construction': 100, 'recall': 0.9974489999999813, 'qps': 2181.148236710547, 'latency_p50': 0.45990943908691406, 'latency_p95': 0.6201267242431641, 'latency_p99': 0.6809353828430178, 'latency_p999': 0.7498273849487307, 'distance_computations': 1469.14, 'distance_type': 'l2', 'ef_search': 100}
INFO:root:Metrics: {'node_links': 32, 'ef_construction': 100, 'recall': 0.99886999999999, 'qps': 1603.84491079613, 'latency_p50': 0.6237030029296875, 'latency_p95': 0.8511543273925781, 'latency_p99': 0.9381771087646484, 'latency_p999': 1.025915861129761, 'distance_computations': 1930.8282, 'distance_type': 'l2', 'ef_search': 200}
INFO:root:Metrics: {'node_links': 32, 'ef_construction': 100, 'recall': 0.9995089999999945, 'qps': 1072.4113338758752, 'latency_p50': 0.9326934814453125, 'latency_p95': 1.2774705886840816, 'latency_p99': 1.41383171081543, 'latency_p999': 1.5530593395233157, 'distance_computations': 2754.0636, 'distance_type': 'l2', 'ef_search': 300}
INFO:root:Metrics: {'node_links': 32, 'ef_construction': 100, 'recall': 0.9998469999999977, 'qps': 610.4292678949746, 'latency_p50': 1.6427040100097656, 'latency_p95': 2.223753929138183, 'latency_p99': 2.4504661560058594, 'latency_p999': 2.661478757858279, 'distance_computations': 4541.6848, 'distance_type': 'l2', 'ef_search': 500}
INFO:root:Metrics: {'node_links': 32, 'ef_construction': 100, 'recall': 0.9999489999999991, 'qps': 238.58869305353576, 'latency_p50': 4.219770431518555, 'latency_p95': 5.367326736450194, 'latency_p99': 5.7888245582580575, 'latency_p999': 6.230609893798832, 'distance_computations': 10487.3809, 'distance_type': 'l2', 'ef_search': 1000}
INFO:root:Building index_type='flatnav'
INFO:root:Indexing time = 2.1355113983154297 seconds
INFO:root:Metrics: {'node_links': 32, 'ef_construction': 200, 'recall': 0.991440999999955, 'qps': 3409.0927748158315, 'latency_p50': 0.2956390380859375, 'latency_p95': 0.38887262344360335, 'latency_p99': 0.42748689651489263, 'latency_p999': 0.4680180549621587, 'distance_computations': 1004.6343, 'distance_type': 'l2', 'ef_search': 3000}
INFO:root:Metrics: {'node_links': 32, 'ef_construction': 200, 'recall': 0.9984829999999867, 'qps': 2046.2170535487999, 'latency_p50': 0.49185752868652344, 'latency_p95': 0.66375732421875, 'latency_p99': 0.7324266433715821, 'latency_p999': 0.7963204383850102, 'distance_computations': 1580.2602, 'distance_type': 'l2', 'ef_search': 100}
INFO:root:Metrics: {'node_links': 32, 'ef_construction': 200, 'recall': 0.9994289999999941, 'qps': 1505.804880715976, 'latency_p50': 0.6673336029052734, 'latency_p95': 0.9109973907470703, 'latency_p99': 1.0104322433471682, 'latency_p999': 1.0917212963104252, 'distance_computations': 2076.3234, 'distance_type': 'l2', 'ef_search': 200}
INFO:root:Metrics: {'node_links': 32, 'ef_construction': 200, 'recall': 0.9997939999999977, 'qps': 1010.3845745066794, 'latency_p50': 0.995635986328125, 'latency_p95': 1.3671040534973142, 'latency_p99': 1.5120577812194826, 'latency_p999': 1.6644072532653824, 'distance_computations': 2953.0874, 'distance_type': 'l2', 'ef_search': 300}
INFO:root:Metrics: {'node_links': 32, 'ef_construction': 200, 'recall': 0.9999579999999992, 'qps': 580.3440723242819, 'latency_p50': 1.7368793487548828, 'latency_p95': 2.365589141845703, 'latency_p99': 2.612595558166504, 'latency_p999': 2.8221781253814733, 'distance_computations': 4830.5398, 'distance_type': 'l2', 'ef_search': 500}
INFO:root:Metrics: {'node_links': 32, 'ef_construction': 200, 'recall': 0.9999919999999998, 'qps': 230.65911321804583, 'latency_p50': 4.376888275146484, 'latency_p95': 5.616474151611327, 'latency_p99': 6.068246364593506, 'latency_p999': 6.521957159042362, 'distance_computations': 10960.712, 'distance_type': 'l2', 'ef_search': 1000}
/cluster/home/emmanueq/code/flatnav/venv/lib/python3.11/site-packages/numpy/core/getlimits.py:549: UserWarning: The value of the smallest subnormal for <class 'numpy.float64'> type is zero.
  setattr(self, word, getattr(machar, word).flat[0])
/cluster/home/emmanueq/code/flatnav/venv/lib/python3.11/site-packages/numpy/core/getlimits.py:89: UserWarning: The value of the smallest subnormal for <class 'numpy.float64'> type is zero.
  return self._float_to_str(self.smallest_subnormal)
