Makefile:620: warning: overriding recipe for target 'deep-image-bench-flatnav-base'
Makefile:303: warning: ignoring old recipe for target 'deep-image-bench-flatnav-base'
Makefile:634: warning: overriding recipe for target 'gist-bench-flatnav-base'
Makefile:392: warning: ignoring old recipe for target 'gist-bench-flatnav-base'
Makefile:648: warning: overriding recipe for target 'sift-bench-flatnav-base'
Makefile:435: warning: ignoring old recipe for target 'sift-bench-flatnav-base'
Makefile:662: warning: overriding recipe for target 'nytimes-bench-flatnav-base'
Makefile:601: warning: ignoring old recipe for target 'nytimes-bench-flatnav-base'
INFO:root:Building index_type='flatnav'
INFO:root:Indexing time = 2.9305760860443115 seconds
INFO:root:Metrics: {'node_links': 32, 'ef_construction': 30, 'recall': 0.5180630000000055, 'qps': 3899.31026070866, 'latency_p50': 0.2537965774536133, 'latency_p95': 0.3738522529602049, 'latency_p99': 0.4267764091491701, 'latency_p999': 0.48398995399475103, 'distance_computations': 0.0}
INFO:root:Metrics: {'node_links': 32, 'ef_construction': 30, 'recall': 0.581150000000005, 'qps': 2277.8760676498623, 'latency_p50': 0.4432201385498047, 'latency_p95': 0.6022453308105469, 'latency_p99': 0.6673359870910645, 'latency_p999': 0.7734375000000016, 'distance_computations': 0.0, 'distance_type': 'angular', 'ef_search': 100}
INFO:root:Metrics: {'node_links': 32, 'ef_construction': 30, 'recall': 0.6115970000000032, 'qps': 1659.9464945492084, 'latency_p50': 0.6158351898193359, 'latency_p95': 0.7946491241455078, 'latency_p99': 0.8680868148803712, 'latency_p999': 0.9601123332977296, 'distance_computations': 0.0, 'distance_type': 'angular', 'ef_search': 200}
INFO:root:Metrics: {'node_links': 32, 'ef_construction': 30, 'recall': 0.6504510000000022, 'qps': 1047.4265017856153, 'latency_p50': 0.9877681732177734, 'latency_p95': 1.220703125, 'latency_p99': 1.3022541999816897, 'latency_p999': 1.4216971397399918, 'distance_computations': 0.0, 'distance_type': 'angular', 'ef_search': 300}
INFO:root:Metrics: {'node_links': 32, 'ef_construction': 30, 'recall': 0.7020920000000056, 'qps': 539.0870444999653, 'latency_p50': 1.9418001174926758, 'latency_p95': 2.277851104736328, 'latency_p99': 2.357485294342041, 'latency_p999': 2.459767103195191, 'distance_computations': 0.0, 'distance_type': 'angular', 'ef_search': 500}
INFO:root:Metrics: {'node_links': 32, 'ef_construction': 30, 'recall': 0.7756480000000014, 'qps': 180.24831922996762, 'latency_p50': 5.779147148132324, 'latency_p95': 6.325960159301758, 'latency_p99': 6.462819576263428, 'latency_p999': 6.598967552185062, 'distance_computations': 0.0, 'distance_type': 'angular', 'ef_search': 1000}
INFO:root:Memory: index=335.2MB, search=23.6MB, construction_time=2.94s
INFO:root:Building index_type='flatnav'
INFO:root:Indexing time = 3.642202138900757 seconds
INFO:root:Metrics: {'node_links': 32, 'ef_construction': 40, 'recall': 0.5740270000000035, 'qps': 3638.4616685830674, 'latency_p50': 0.2715587615966797, 'latency_p95': 0.3955364227294922, 'latency_p99': 0.459434986114502, 'latency_p999': 0.5264294147491457, 'distance_computations': 0.0, 'distance_type': 'angular', 'ef_search': 3000}
INFO:root:Metrics: {'node_links': 32, 'ef_construction': 40, 'recall': 0.6321900000000013, 'qps': 2076.046290595915, 'latency_p50': 0.48613548278808594, 'latency_p95': 0.6589889526367188, 'latency_p99': 0.7357621192932129, 'latency_p999': 0.8230233192443852, 'distance_computations': 0.0, 'distance_type': 'angular', 'ef_search': 100}
INFO:root:Metrics: {'node_links': 32, 'ef_construction': 40, 'recall': 0.6607550000000012, 'qps': 1465.4828678112863, 'latency_p50': 0.699162483215332, 'latency_p95': 0.904572010040283, 'latency_p99': 0.9791898727416993, 'latency_p999': 1.1000835895538372, 'distance_computations': 0.0, 'distance_type': 'angular', 'ef_search': 200}
INFO:root:Metrics: {'node_links': 32, 'ef_construction': 40, 'recall': 0.6959240000000005, 'qps': 953.3299488103014, 'latency_p50': 1.0857582092285156, 'latency_p95': 1.3518452644348142, 'latency_p99': 1.4414787292480469, 'latency_p999': 1.5745203495025644, 'distance_computations': 0.0, 'distance_type': 'angular', 'ef_search': 300}
INFO:root:Metrics: {'node_links': 32, 'ef_construction': 40, 'recall': 0.7432419999999997, 'qps': 501.809475890574, 'latency_p50': 2.0918846130371094, 'latency_p95': 2.4488091468811035, 'latency_p99': 2.5413203239440922, 'latency_p999': 2.6268970966339116, 'distance_computations': 0.0, 'distance_type': 'angular', 'ef_search': 500}
INFO:root:Metrics: {'node_links': 32, 'ef_construction': 40, 'recall': 0.8031289999999981, 'qps': 167.58359962604158, 'latency_p50': 6.228923797607422, 'latency_p95': 6.8111419677734375, 'latency_p99': 6.95039987564087, 'latency_p999': 7.099168062210087, 'distance_computations': 0.0, 'distance_type': 'angular', 'ef_search': 1000}
INFO:root:Memory: index=321.7MB, search=0.1MB, construction_time=3.64s
INFO:root:Building index_type='flatnav'
INFO:root:Indexing time = 4.350281476974487 seconds
INFO:root:Metrics: {'node_links': 32, 'ef_construction': 50, 'recall': 0.6039680000000017, 'qps': 3525.788423979205, 'latency_p50': 0.2810955047607422, 'latency_p95': 0.40721893310546875, 'latency_p99': 0.46349048614501964, 'latency_p999': 0.5261902809143068, 'distance_computations': 0.0, 'distance_type': 'angular', 'ef_search': 3000}
INFO:root:Metrics: {'node_links': 32, 'ef_construction': 50, 'recall': 0.6588359999999962, 'qps': 2004.613335294787, 'latency_p50': 0.5075931549072266, 'latency_p95': 0.6768822669982908, 'latency_p99': 0.7495975494384768, 'latency_p999': 0.8511555194854739, 'distance_computations': 0.0, 'distance_type': 'angular', 'ef_search': 100}
INFO:root:Metrics: {'node_links': 32, 'ef_construction': 50, 'recall': 0.6860040000000028, 'qps': 1408.8686590221992, 'latency_p50': 0.7328987121582031, 'latency_p95': 0.9336590766906736, 'latency_p99': 1.013765335083008, 'latency_p999': 1.104596138000489, 'distance_computations': 0.0, 'distance_type': 'angular', 'ef_search': 200}
INFO:root:Metrics: {'node_links': 32, 'ef_construction': 50, 'recall': 0.7199119999999994, 'qps': 879.3283709599477, 'latency_p50': 1.1873245239257812, 'latency_p95': 1.4569878578186033, 'latency_p99': 1.5361332893371582, 'latency_p999': 1.6236317157745364, 'distance_computations': 0.0, 'distance_type': 'angular', 'ef_search': 300}
INFO:root:Metrics: {'node_links': 32, 'ef_construction': 50, 'recall': 0.7640959999999986, 'qps': 446.6086154460395, 'latency_p50': 2.364993095397949, 'latency_p95': 2.759695053100586, 'latency_p99': 2.8526806831359863, 'latency_p999': 2.9397013187408447, 'distance_computations': 0.0, 'distance_type': 'angular', 'ef_search': 500}
INFO:root:Metrics: {'node_links': 32, 'ef_construction': 50, 'recall': 0.8165459999999962, 'qps': 156.29533421627212, 'latency_p50': 6.663799285888672, 'latency_p95': 7.372891902923583, 'latency_p99': 7.665669918060303, 'latency_p999': 7.932907819747925, 'distance_computations': 0.0, 'distance_type': 'angular', 'ef_search': 1000}
INFO:root:Memory: index=320.2MB, search=0.1MB, construction_time=4.35s
INFO:root:Building index_type='flatnav'
INFO:root:Indexing time = 7.6583638191223145 seconds
INFO:root:Metrics: {'node_links': 32, 'ef_construction': 100, 'recall': 0.6553349999999983, 'qps': 3208.6780110790055, 'latency_p50': 0.31065940856933594, 'latency_p95': 0.4353523254394531, 'latency_p99': 0.5054569244384768, 'latency_p999': 0.5655307769775395, 'distance_computations': 0.0, 'distance_type': 'angular', 'ef_search': 3000}
INFO:root:Metrics: {'node_links': 32, 'ef_construction': 100, 'recall': 0.7001189999999963, 'qps': 1800.9157641271902, 'latency_p50': 0.5667209625244141, 'latency_p95': 0.7321953773498533, 'latency_p99': 0.8101654052734379, 'latency_p999': 0.9036064147949219, 'distance_computations': 0.0, 'distance_type': 'angular', 'ef_search': 100}
INFO:root:Metrics: {'node_links': 32, 'ef_construction': 100, 'recall': 0.7248469999999968, 'qps': 1254.8094926488423, 'latency_p50': 0.8258819580078125, 'latency_p95': 1.0228157043457031, 'latency_p99': 1.1022114753723145, 'latency_p999': 1.2111778259277366, 'distance_computations': 0.0, 'distance_type': 'angular', 'ef_search': 200}
INFO:root:Metrics: {'node_links': 32, 'ef_construction': 100, 'recall': 0.7556539999999969, 'qps': 777.4228594872958, 'latency_p50': 1.3496875762939453, 'latency_p95': 1.6102790832519531, 'latency_p99': 1.6789460182189941, 'latency_p999': 1.7776513099670415, 'distance_computations': 0.0, 'distance_type': 'angular', 'ef_search': 300}
INFO:root:Metrics: {'node_links': 32, 'ef_construction': 100, 'recall': 0.7946449999999958, 'qps': 394.1730188313741, 'latency_p50': 2.6819705963134766, 'latency_p95': 3.0710816383361816, 'latency_p99': 3.1595277786254883, 'latency_p999': 3.250603199005128, 'distance_computations': 0.0, 'distance_type': 'angular', 'ef_search': 500}
INFO:root:Metrics: {'node_links': 32, 'ef_construction': 100, 'recall': 0.8343539999999994, 'qps': 138.2435828578569, 'latency_p50': 7.55918025970459, 'latency_p95': 8.158695697784424, 'latency_p99': 8.299839496612549, 'latency_p999': 8.428098440170288, 'distance_computations': 0.0, 'distance_type': 'angular', 'ef_search': 1000}
INFO:root:Memory: index=320.9MB, search=0.1MB, construction_time=7.66s
INFO:root:Building index_type='flatnav'
INFO:root:Indexing time = 13.902269840240479 seconds
INFO:root:Metrics: {'node_links': 32, 'ef_construction': 200, 'recall': 0.6779309999999986, 'qps': 3148.9149380859635, 'latency_p50': 0.3159046173095703, 'latency_p95': 0.4296302795410156, 'latency_p99': 0.4944801330566406, 'latency_p999': 0.5743544101715096, 'distance_computations': 0.0, 'distance_type': 'angular', 'ef_search': 3000}
INFO:root:Metrics: {'node_links': 32, 'ef_construction': 200, 'recall': 0.719928999999995, 'qps': 1750.2712536028916, 'latency_p50': 0.583648681640625, 'latency_p95': 0.7326722145080564, 'latency_p99': 0.8025193214416504, 'latency_p999': 0.9069490432739268, 'distance_computations': 0.0, 'distance_type': 'angular', 'ef_search': 100}
INFO:root:Metrics: {'node_links': 32, 'ef_construction': 200, 'recall': 0.7422979999999989, 'qps': 1214.9495161917077, 'latency_p50': 0.8525848388671875, 'latency_p95': 1.0278344154357908, 'latency_p99': 1.0974407196044922, 'latency_p999': 1.1823389530181927, 'distance_computations': 0.0, 'distance_type': 'angular', 'ef_search': 200}
INFO:root:Metrics: {'node_links': 32, 'ef_construction': 200, 'recall': 0.770856999999999, 'qps': 750.4581640861801, 'latency_p50': 1.39617919921875, 'latency_p95': 1.625549793243408, 'latency_p99': 1.69205904006958, 'latency_p999': 1.7736010551452648, 'distance_computations': 0.0, 'distance_type': 'angular', 'ef_search': 300}
INFO:root:Metrics: {'node_links': 32, 'ef_construction': 200, 'recall': 0.8057599999999953, 'qps': 379.88586896380065, 'latency_p50': 2.7785301208496094, 'latency_p95': 3.118753433227539, 'latency_p99': 3.190755844116211, 'latency_p999': 3.2634792327880873, 'distance_computations': 0.0, 'distance_type': 'angular', 'ef_search': 500}
INFO:root:Metrics: {'node_links': 32, 'ef_construction': 200, 'recall': 0.8399580000000038, 'qps': 128.27669723605436, 'latency_p50': 8.128643035888672, 'latency_p95': 8.691322803497314, 'latency_p99': 8.81887435913086, 'latency_p999': 8.910901308059694, 'distance_computations': 0.0, 'distance_type': 'angular', 'ef_search': 1000}
INFO:root:Memory: index=320.2MB, search=0.1MB, construction_time=13.90s
INFO:root:Building index_type='flatnav'
INFO:root:Indexing time = 19.8263521194458 seconds
INFO:root:Metrics: {'node_links': 32, 'ef_construction': 300, 'recall': 0.6863240000000009, 'qps': 3049.663448877196, 'latency_p50': 0.32448768615722656, 'latency_p95': 0.444662570953369, 'latency_p99': 0.514986515045166, 'latency_p999': 0.591282844543458, 'distance_computations': 0.0, 'distance_type': 'angular', 'ef_search': 3000}
INFO:root:Metrics: {'node_links': 32, 'ef_construction': 300, 'recall': 0.726827999999999, 'qps': 1692.6256427193237, 'latency_p50': 0.6017684936523438, 'latency_p95': 0.7474422454833984, 'latency_p99': 0.8173012733459473, 'latency_p999': 0.9365088939666749, 'distance_computations': 0.0, 'distance_type': 'angular', 'ef_search': 100}
INFO:root:Metrics: {'node_links': 32, 'ef_construction': 300, 'recall': 0.7489019999999966, 'qps': 1173.3579543469273, 'latency_p50': 0.8807182312011719, 'latency_p95': 1.050710678100586, 'latency_p99': 1.1189007759094238, 'latency_p999': 1.2152216434478764, 'distance_computations': 0.0, 'distance_type': 'angular', 'ef_search': 200}
INFO:root:Metrics: {'node_links': 32, 'ef_construction': 300, 'recall': 0.7763159999999972, 'qps': 723.6001151120522, 'latency_p50': 1.444101333618164, 'latency_p95': 1.6698837280273438, 'latency_p99': 1.7294907569885254, 'latency_p999': 1.8034005165100102, 'distance_computations': 0.0, 'distance_type': 'angular', 'ef_search': 300}
INFO:root:Metrics: {'node_links': 32, 'ef_construction': 300, 'recall': 0.8094209999999944, 'qps': 366.79388874723367, 'latency_p50': 2.869248390197754, 'latency_p95': 3.2031655311584473, 'latency_p99': 3.2765889167785645, 'latency_p999': 3.3566966056823735, 'distance_computations': 0.0, 'distance_type': 'angular', 'ef_search': 500}
INFO:root:Metrics: {'node_links': 32, 'ef_construction': 300, 'recall': 0.8415570000000038, 'qps': 124.78520070292353, 'latency_p50': 8.336663246154785, 'latency_p95': 8.912336826324463, 'latency_p99': 9.042503833770752, 'latency_p999': 9.164095640182495, 'distance_computations': 0.0, 'distance_type': 'angular', 'ef_search': 1000}
INFO:root:Memory: index=320.8MB, search=0.1MB, construction_time=19.83s
/cluster/home/emmanueq/code/flatnav/venv/lib/python3.11/site-packages/numpy/core/getlimits.py:549: UserWarning: The value of the smallest subnormal for <class 'numpy.float64'> type is zero.
  setattr(self, word, getattr(machar, word).flat[0])
/cluster/home/emmanueq/code/flatnav/venv/lib/python3.11/site-packages/numpy/core/getlimits.py:89: UserWarning: The value of the smallest subnormal for <class 'numpy.float64'> type is zero.
  return self._float_to_str(self.smallest_subnormal)
/cluster/home/emmanueq/code/flatnav/experiments/plotting/plot.py:189: RuntimeWarning: Mean of empty slice.
  return -np.log(np.array(y_values)).mean()
/cluster/home/emmanueq/code/flatnav/venv/lib/python3.11/site-packages/numpy/core/_methods.py:129: RuntimeWarning: invalid value encountered in scalar divide
  ret = ret.dtype.type(ret / rcount)
