INFO:root:Building index_type='hnsw'
INFO:root:Indexing time = 0.4839761257171631 seconds
INFO:root:Metrics: {'node_links': 32, 'ef_construction': 30, 'recall': 0.9712059999999308, 'qps': 4351.697952214889, 'latency_p50': 0.22649765014648438, 'latency_p95': 0.3066062927246094, 'latency_p99': 0.35309791564941406, 'latency_p999': 0.4348800182342539, 'distance_computations': 1498.2542}
INFO:root:Metrics: {'node_links': 32, 'ef_construction': 30, 'recall': 0.988642999999957, 'qps': 2681.9192914619352, 'latency_p50': 0.37288665771484375, 'latency_p95': 0.5054473876953125, 'latency_p99': 0.5595707893371582, 'latency_p999': 0.6425392627716067, 'distance_computations': 4367.5269, 'distance_type': 'l2', 'ef_search': 100}
INFO:root:Metrics: {'node_links': 32, 'ef_construction': 30, 'recall': 0.9928839999999606, 'qps': 1964.2453641385607, 'latency_p50': 0.5087852478027344, 'latency_p95': 0.6935596466064453, 'latency_p99': 0.7643747329711915, 'latency_p999': 0.8561680316925063, 'distance_computations': 8594.0327, 'distance_type': 'l2', 'ef_search': 200}
INFO:root:Metrics: {'node_links': 32, 'ef_construction': 30, 'recall': 0.9954619999999673, 'qps': 1312.7256396640255, 'latency_p50': 0.7600784301757812, 'latency_p95': 1.045715808868408, 'latency_p99': 1.149892807006836, 'latency_p999': 1.263858795166016, 'distance_computations': 15503.5009, 'distance_type': 'l2', 'ef_search': 300}
INFO:root:Metrics: {'node_links': 32, 'ef_construction': 30, 'recall': 0.9973629999999721, 'qps': 745.6247231664419, 'latency_p50': 1.3432502746582031, 'latency_p95': 1.8301129341125486, 'latency_p99': 2.0182204246520996, 'latency_p999': 2.182013273239137, 'distance_computations': 29004.0715, 'distance_type': 'l2', 'ef_search': 500}
INFO:root:Metrics: {'node_links': 32, 'ef_construction': 30, 'recall': 0.9990139999999854, 'qps': 288.20510316524184, 'latency_p50': 3.493785858154297, 'latency_p95': 4.5090317726135245, 'latency_p99': 4.886865615844727, 'latency_p999': 5.2318599224090585, 'distance_computations': 68076.5646, 'distance_type': 'l2', 'ef_search': 1000}
INFO:root:Building index_type='hnsw'
INFO:root:Indexing time = 0.611292839050293 seconds
INFO:root:Metrics: {'node_links': 32, 'ef_construction': 40, 'recall': 0.9788889999999346, 'qps': 3819.1437779739517, 'latency_p50': 0.2624988555908203, 'latency_p95': 0.3573894500732422, 'latency_p99': 0.40078401565551763, 'latency_p999': 0.4751763343811052, 'distance_computations': 1595.3265, 'distance_type': 'l2', 'ef_search': 3000}
INFO:root:Metrics: {'node_links': 32, 'ef_construction': 40, 'recall': 0.9931389999999641, 'qps': 2247.7220687854924, 'latency_p50': 0.44465065002441406, 'latency_p95': 0.6127357482910156, 'latency_p99': 0.6802105903625488, 'latency_p999': 0.7746236324310306, 'distance_computations': 4661.8419, 'distance_type': 'l2', 'ef_search': 100}
INFO:root:Metrics: {'node_links': 32, 'ef_construction': 40, 'recall': 0.9960859999999709, 'qps': 1642.4293411069875, 'latency_p50': 0.6077289581298828, 'latency_p95': 0.8461713790893551, 'latency_p99': 0.9372258186340332, 'latency_p999': 1.0328295230865479, 'distance_computations': 9187.2825, 'distance_type': 'l2', 'ef_search': 200}
INFO:root:Metrics: {'node_links': 32, 'ef_construction': 40, 'recall': 0.9977239999999787, 'qps': 1112.0795217630439, 'latency_p50': 0.8901357650756836, 'latency_p95': 1.2660145759582517, 'latency_p99': 1.402862071990967, 'latency_p999': 1.5523495674133314, 'distance_computations': 16601.5689, 'distance_type': 'l2', 'ef_search': 300}
INFO:root:Metrics: {'node_links': 32, 'ef_construction': 40, 'recall': 0.9988099999999851, 'qps': 710.6746387263343, 'latency_p50': 1.4126300811767578, 'latency_p95': 1.9395589828491206, 'latency_p99': 2.144110202789307, 'latency_p999': 2.317668676376343, 'distance_computations': 31124.6256, 'distance_type': 'l2', 'ef_search': 500}
INFO:root:Metrics: {'node_links': 32, 'ef_construction': 40, 'recall': 0.9995649999999934, 'qps': 276.3085830390526, 'latency_p50': 3.6455392837524414, 'latency_p95': 4.739391803741453, 'latency_p99': 5.136320590972902, 'latency_p999': 5.5515882968902615, 'distance_computations': 73318.2083, 'distance_type': 'l2', 'ef_search': 1000}
INFO:root:Building index_type='hnsw'
INFO:root:Indexing time = 0.7078940868377686 seconds
INFO:root:Metrics: {'node_links': 32, 'ef_construction': 50, 'recall': 0.9822819999999425, 'qps': 3569.509846673686, 'latency_p50': 0.28133392333984375, 'latency_p95': 0.38386583328247054, 'latency_p99': 0.42796611785888683, 'latency_p999': 0.5030691623687756, 'distance_computations': 1664.6523, 'distance_type': 'l2', 'ef_search': 3000}
INFO:root:Metrics: {'node_links': 32, 'ef_construction': 50, 'recall': 0.9948929999999724, 'qps': 2117.797668238473, 'latency_p50': 0.4724264144897461, 'latency_p95': 0.6563663482666016, 'latency_p99': 0.7250404357910158, 'latency_p999': 0.8153972625732433, 'distance_computations': 4874.8412, 'distance_type': 'l2', 'ef_search': 100}
INFO:root:Metrics: {'node_links': 32, 'ef_construction': 50, 'recall': 0.9972359999999794, 'qps': 1551.1623277272286, 'latency_p50': 0.6430149078369141, 'latency_p95': 0.9021878242492674, 'latency_p99': 1.0063648223876953, 'latency_p999': 1.1055493354797368, 'distance_computations': 9618.0407, 'distance_type': 'l2', 'ef_search': 200}
INFO:root:Metrics: {'node_links': 32, 'ef_construction': 50, 'recall': 0.9985349999999847, 'qps': 1037.9254062877833, 'latency_p50': 0.9586811065673828, 'latency_p95': 1.3537406921386719, 'latency_p99': 1.5056252479553225, 'latency_p999': 1.6524837017059335, 'distance_computations': 17399.4816, 'distance_type': 'l2', 'ef_search': 300}
INFO:root:Metrics: {'node_links': 32, 'ef_construction': 50, 'recall': 0.9992749999999909, 'qps': 683.7080974284821, 'latency_p50': 1.4652013778686523, 'latency_p95': 2.0225763320922843, 'latency_p99': 2.2392416000366215, 'latency_p999': 2.4178142547607444, 'distance_computations': 32667.7209, 'distance_type': 'l2', 'ef_search': 500}
INFO:root:Metrics: {'node_links': 32, 'ef_construction': 50, 'recall': 0.9997509999999961, 'qps': 267.91271499834346, 'latency_p50': 3.761172294616699, 'latency_p95': 4.907619953155518, 'latency_p99': 5.320558547973633, 'latency_p999': 5.738749742507937, 'distance_computations': 77147.6817, 'distance_type': 'l2', 'ef_search': 1000}
INFO:root:Building index_type='hnsw'
INFO:root:Indexing time = 1.214689016342163 seconds
INFO:root:Metrics: {'node_links': 32, 'ef_construction': 100, 'recall': 0.9887849999999498, 'qps': 3266.343108756981, 'latency_p50': 0.3085136413574219, 'latency_p95': 0.41985511779785156, 'latency_p99': 0.46492576599121116, 'latency_p999': 0.5078330039978031, 'distance_computations': 1828.9084, 'distance_type': 'l2', 'ef_search': 3000}
INFO:root:Metrics: {'node_links': 32, 'ef_construction': 100, 'recall': 0.9975659999999816, 'qps': 1940.8225298264153, 'latency_p50': 0.5164146423339844, 'latency_p95': 0.7214546203613281, 'latency_p99': 0.7989454269409181, 'latency_p999': 0.8881099224090577, 'distance_computations': 5375.6732, 'distance_type': 'l2', 'ef_search': 100}
INFO:root:Metrics: {'node_links': 32, 'ef_construction': 100, 'recall': 0.9989379999999898, 'qps': 1425.0158935173747, 'latency_p50': 0.7009506225585938, 'latency_p95': 0.9925484657287595, 'latency_p99': 1.0943412780761719, 'latency_p999': 1.2128369808197026, 'distance_computations': 10630.4168, 'distance_type': 'l2', 'ef_search': 200}
INFO:root:Metrics: {'node_links': 32, 'ef_construction': 100, 'recall': 0.9995419999999944, 'qps': 957.493694217308, 'latency_p50': 1.0433197021484375, 'latency_p95': 1.4829993247985835, 'latency_p99': 1.6472411155700686, 'latency_p999': 1.8055479526519784, 'distance_computations': 19279.9243, 'distance_type': 'l2', 'ef_search': 300}
INFO:root:Metrics: {'node_links': 32, 'ef_construction': 100, 'recall': 0.9998529999999979, 'qps': 549.1244672166931, 'latency_p50': 1.8336772918701172, 'latency_p95': 2.5723576545715323, 'latency_p99': 2.848634719848633, 'latency_p999': 3.0870585441589387, 'distance_computations': 36328.303, 'distance_type': 'l2', 'ef_search': 500}
INFO:root:Metrics: {'node_links': 32, 'ef_construction': 100, 'recall': 0.9999659999999992, 'qps': 216.5686491757284, 'latency_p50': 4.663705825805664, 'latency_p95': 6.138575077056885, 'latency_p99': 6.668329238891602, 'latency_p999': 7.186712026596082, 'distance_computations': 86362.7288, 'distance_type': 'l2', 'ef_search': 1000}
INFO:root:Building index_type='hnsw'
INFO:root:Indexing time = 2.1770706176757812 seconds
INFO:root:Metrics: {'node_links': 32, 'ef_construction': 200, 'recall': 0.9914399999999561, 'qps': 3071.7609186081904, 'latency_p50': 0.3292560577392578, 'latency_p95': 0.4436969757080078, 'latency_p99': 0.4906678199768067, 'latency_p999': 0.5364432334899906, 'distance_computations': 1940.2488, 'distance_type': 'l2', 'ef_search': 3000}
INFO:root:Metrics: {'node_links': 32, 'ef_construction': 200, 'recall': 0.9985229999999872, 'qps': 1823.890758862286, 'latency_p50': 0.5517005920410156, 'latency_p95': 0.7643818855285642, 'latency_p99': 0.8432912826538087, 'latency_p999': 0.9231576919555666, 'distance_computations': 5713.0456, 'distance_type': 'l2', 'ef_search': 100}
INFO:root:Metrics: {'node_links': 32, 'ef_construction': 200, 'recall': 0.9994629999999943, 'qps': 1337.4026882077692, 'latency_p50': 0.7501840591430664, 'latency_p95': 1.0533332824707031, 'latency_p99': 1.1608624458312988, 'latency_p999': 1.2764935493469238, 'distance_computations': 11310.9616, 'distance_type': 'l2', 'ef_search': 200}
INFO:root:Metrics: {'node_links': 32, 'ef_construction': 200, 'recall': 0.9998069999999978, 'qps': 900.6254211981422, 'latency_p50': 1.1156797409057617, 'latency_p95': 1.5716552734375, 'latency_p99': 1.7414522171020517, 'latency_p999': 1.9133224487304714, 'distance_computations': 20542.383, 'distance_type': 'l2', 'ef_search': 300}
INFO:root:Metrics: {'node_links': 32, 'ef_construction': 200, 'recall': 0.9999609999999993, 'qps': 562.7488295900815, 'latency_p50': 1.7784833908081055, 'latency_p95': 2.5439500808715816, 'latency_p99': 2.870354652404786, 'latency_p999': 3.211745262145998, 'distance_computations': 38787.7761, 'distance_type': 'l2', 'ef_search': 500}
INFO:root:Metrics: {'node_links': 32, 'ef_construction': 200, 'recall': 0.9999919999999998, 'qps': 233.83636453111544, 'latency_p50': 4.3277740478515625, 'latency_p95': 5.654227733612059, 'latency_p99': 6.130723953247071, 'latency_p999': 6.613268136978152, 'distance_computations': 92603.2223, 'distance_type': 'l2', 'ef_search': 1000}
INFO:root:Building index_type='hnsw'
INFO:root:Indexing time = 3.1057724952697754 seconds
INFO:root:Metrics: {'node_links': 32, 'ef_construction': 300, 'recall': 0.9921779999999568, 'qps': 2981.1629602067756, 'latency_p50': 0.3402233123779297, 'latency_p95': 0.45490264892578125, 'latency_p99': 0.4994893074035645, 'latency_p999': 0.5397799015045166, 'distance_computations': 1988.8008, 'distance_type': 'l2', 'ef_search': 3000}
INFO:root:Metrics: {'node_links': 32, 'ef_construction': 300, 'recall': 0.9987739999999882, 'qps': 1761.9485183691875, 'latency_p50': 0.5728006362915039, 'latency_p95': 0.78582763671875, 'latency_p99': 0.8649897575378419, 'latency_p999': 0.9462833404541016, 'distance_computations': 5861.1547, 'distance_type': 'l2', 'ef_search': 100}
INFO:root:Metrics: {'node_links': 32, 'ef_construction': 300, 'recall': 0.9995719999999956, 'qps': 1293.401914231774, 'latency_p50': 0.7791519165039062, 'latency_p95': 1.0819435119628906, 'latency_p99': 1.1978220939636233, 'latency_p999': 1.3122565746307375, 'distance_computations': 11610.751, 'distance_type': 'l2', 'ef_search': 200}
INFO:root:Metrics: {'node_links': 32, 'ef_construction': 300, 'recall': 0.9998649999999989, 'qps': 880.5328630556576, 'latency_p50': 1.142740249633789, 'latency_p95': 1.6090989112854002, 'latency_p99': 1.780519485473633, 'latency_p999': 1.9719765186309848, 'distance_computations': 21100.23, 'distance_type': 'l2', 'ef_search': 300}
INFO:root:Metrics: {'node_links': 32, 'ef_construction': 300, 'recall': 0.9999779999999997, 'qps': 559.3930686352888, 'latency_p50': 1.8088817596435547, 'latency_p95': 2.491986751556396, 'latency_p99': 2.7513599395751953, 'latency_p999': 2.9988296031951904, 'distance_computations': 39878.7554, 'distance_type': 'l2', 'ef_search': 500}
INFO:root:Metrics: {'node_links': 32, 'ef_construction': 300, 'recall': 0.9999979999999999, 'qps': 225.70089955684037, 'latency_p50': 4.492044448852539, 'latency_p95': 5.853211879730224, 'latency_p99': 6.312856674194336, 'latency_p999': 6.837149381637578, 'distance_computations': 95405.5648, 'distance_type': 'l2', 'ef_search': 1000}
/cluster/home/emmanueq/code/flatnav/venv/lib/python3.11/site-packages/numpy/core/getlimits.py:549: UserWarning: The value of the smallest subnormal for <class 'numpy.float64'> type is zero.
  setattr(self, word, getattr(machar, word).flat[0])
/cluster/home/emmanueq/code/flatnav/venv/lib/python3.11/site-packages/numpy/core/getlimits.py:89: UserWarning: The value of the smallest subnormal for <class 'numpy.float64'> type is zero.
  return self._float_to_str(self.smallest_subnormal)
