2026-01-04 18:26:35,510 - INFO - Loading dataset from ../data/nytimes-256-angular/nytimes-256-angular.train.npy
2026-01-04 18:26:35,774 - INFO - Dataset shape: (290000, 256)
2026-01-04 18:26:35,774 - INFO - Output file: ../metrics/indegree_stats_nytimes.json
2026-01-04 18:26:35,774 - INFO - Parameters:
2026-01-04 18:26:35,774 - INFO -   Dataset: nytimes
2026-01-04 18:26:35,774 - INFO -   Metric: angular
2026-01-04 18:26:35,774 - INFO -   M values: [32]
2026-01-04 18:26:35,774 - INFO -   ef_construction values: [100, 200, 400]
2026-01-04 18:26:35,774 - INFO -   Use HNSW base layer: False
2026-01-04 18:26:35,774 - INFO -   Hub percentile: 10.0%
2026-01-04 18:26:35,774 - INFO - ================================================================================
2026-01-04 18:26:35,774 - INFO - Run 1/3: nytimes_flatnav-native_M32_ef100
2026-01-04 18:26:35,774 - INFO -   M=32, ef_construction=100
2026-01-04 18:26:35,774 - INFO - ================================================================================
2026-01-04 18:27:09,261 - INFO - FlatNav indexing time = 33.44 seconds
2026-01-04 18:27:09,261 - INFO - 
Computing in-degree distribution...
2026-01-04 18:27:09,303 - INFO - ================================================================================
2026-01-04 18:27:09,303 - INFO - In-Degree Distribution
2026-01-04 18:27:09,303 - INFO - ================================================================================
2026-01-04 18:27:09,304 - INFO - In-Degree       Percentage      Bar
2026-01-04 18:27:09,304 - INFO - --------------------------------------------------------------------------------
2026-01-04 18:27:09,304 - INFO - 0                   0.2000%    
2026-01-04 18:27:09,304 - INFO - 1                   0.3403%    
2026-01-04 18:27:09,304 - INFO - 2                   0.6531%    
2026-01-04 18:27:09,304 - INFO - 3                   0.9876%    
2026-01-04 18:27:09,304 - INFO - 4                   1.3238%    
2026-01-04 18:27:09,304 - INFO - 5                   1.7145%    
2026-01-04 18:27:09,304 - INFO - 6                   2.0293%    █
2026-01-04 18:27:09,304 - INFO - 7                   2.4190%    █
2026-01-04 18:27:09,304 - INFO - 8                   2.7983%    █
2026-01-04 18:27:09,304 - INFO - 9                   3.1466%    █
2026-01-04 18:27:09,304 - INFO - 10                  3.5907%    █
2026-01-04 18:27:09,304 - INFO - 11                  4.1855%    ██
2026-01-04 18:27:09,304 - INFO - 12                  4.7676%    ██
2026-01-04 18:27:09,304 - INFO - 13                  5.4490%    ██
2026-01-04 18:27:09,304 - INFO - 14                  5.9921%    ██
2026-01-04 18:27:09,304 - INFO - 15                  6.2728%    ███
2026-01-04 18:27:09,304 - INFO - 16                  5.9793%    ██
2026-01-04 18:27:09,304 - INFO - 17                  4.9014%    ██
2026-01-04 18:27:09,304 - INFO - 18                  4.2000%    ██
2026-01-04 18:27:09,304 - INFO - 19                  3.6193%    █
2026-01-04 18:27:09,304 - INFO - 20                  3.1503%    █
2026-01-04 18:27:09,304 - INFO - 21                  2.7593%    █
2026-01-04 18:27:09,304 - INFO - 22                  2.4145%    █
2026-01-04 18:27:09,304 - INFO - 23                  2.1103%    █
2026-01-04 18:27:09,304 - INFO - 24                  1.9341%    
2026-01-04 18:27:09,304 - INFO - 25                  1.6997%    
2026-01-04 18:27:09,304 - INFO - 26                  1.5403%    
2026-01-04 18:27:09,304 - INFO - 27                  1.4190%    
2026-01-04 18:27:09,304 - INFO - 28                  1.2721%    
2026-01-04 18:27:09,304 - INFO - 29                  1.1345%    
2026-01-04 18:27:09,304 - INFO - ... (267 more entries)
2026-01-04 18:27:09,304 - INFO - ================================================================================
2026-01-04 18:27:09,304 - INFO - Total unique in-degree values: 297
2026-01-04 18:27:09,304 - INFO - ================================================================================
2026-01-04 18:27:09,304 - INFO - 
Computing hub statistics...
2026-01-04 18:27:09,410 - INFO - ================================================================================
2026-01-04 18:27:09,410 - INFO - Hub Node Statistics
2026-01-04 18:27:09,410 - INFO - ================================================================================
2026-01-04 18:27:09,410 - INFO - Hub Percentile: 10.0%
2026-01-04 18:27:09,410 - INFO - --------------------------------------------------------------------------------
2026-01-04 18:27:09,410 - INFO - NODE CLASSIFICATION:
2026-01-04 18:27:09,410 - INFO -   Number of Hubs: 29377 (10.0%)
2026-01-04 18:27:09,410 - INFO -   Number of Regular Nodes: 260623 (90.0%)
2026-01-04 18:27:09,410 - INFO -   Hub Threshold (min in-degree): 37
2026-01-04 18:27:09,410 - INFO - --------------------------------------------------------------------------------
2026-01-04 18:27:09,410 - INFO - IN-DEGREE STATISTICS:
2026-01-04 18:27:09,410 - INFO -   Average Hub In-Degree: 58.97
2026-01-04 18:27:09,410 - INFO -   Average Regular In-Degree: 16.24
2026-01-04 18:27:09,410 - INFO -   Overall Average In-Degree: 20.57
2026-01-04 18:27:09,410 - INFO -   Median In-Degree: 16.00
2026-01-04 18:27:09,410 - INFO -   Max In-Degree: 465
2026-01-04 18:27:09,410 - INFO -   Min In-Degree: 0
2026-01-04 18:27:09,410 - INFO - --------------------------------------------------------------------------------
2026-01-04 18:27:09,410 - INFO - CONNECTIVITY PATTERNS:
2026-01-04 18:27:09,410 - INFO -   Hub → Hub: 4.08%
2026-01-04 18:27:09,410 - INFO -   Hub → Regular: 10.93%
2026-01-04 18:27:09,410 - INFO -   Regular → Hub: 24.96%
2026-01-04 18:27:09,410 - INFO -   Regular → Regular: 60.03%
2026-01-04 18:27:09,410 - INFO - ================================================================================
2026-01-04 18:27:09,410 - INFO - Added new entry for nytimes_flatnav-native_M32_ef100
2026-01-04 18:27:09,413 - INFO - Saved to ../metrics/indegree_stats_nytimes.json
2026-01-04 18:27:09,415 - INFO - Completed nytimes_flatnav-native_M32_ef100

2026-01-04 18:27:09,415 - INFO - ================================================================================
2026-01-04 18:27:09,415 - INFO - Run 2/3: nytimes_flatnav-native_M32_ef200
2026-01-04 18:27:09,415 - INFO -   M=32, ef_construction=200
2026-01-04 18:27:09,415 - INFO - ================================================================================
2026-01-04 18:28:12,431 - INFO - FlatNav indexing time = 63.01 seconds
2026-01-04 18:28:12,433 - INFO - 
Computing in-degree distribution...
2026-01-04 18:28:12,473 - INFO - ================================================================================
2026-01-04 18:28:12,473 - INFO - In-Degree Distribution
2026-01-04 18:28:12,473 - INFO - ================================================================================
2026-01-04 18:28:12,473 - INFO - In-Degree       Percentage      Bar
2026-01-04 18:28:12,473 - INFO - --------------------------------------------------------------------------------
2026-01-04 18:28:12,473 - INFO - 0                   0.1455%    
2026-01-04 18:28:12,473 - INFO - 1                   0.1317%    
2026-01-04 18:28:12,473 - INFO - 2                   0.2534%    
2026-01-04 18:28:12,473 - INFO - 3                   0.4590%    
2026-01-04 18:28:12,473 - INFO - 4                   0.6290%    
2026-01-04 18:28:12,473 - INFO - 5                   0.8355%    
2026-01-04 18:28:12,474 - INFO - 6                   1.1148%    
2026-01-04 18:28:12,474 - INFO - 7                   1.3862%    
2026-01-04 18:28:12,474 - INFO - 8                   1.6793%    
2026-01-04 18:28:12,474 - INFO - 9                   2.0800%    █
2026-01-04 18:28:12,474 - INFO - 10                  2.6566%    █
2026-01-04 18:28:12,474 - INFO - 11                  3.3383%    █
2026-01-04 18:28:12,474 - INFO - 12                  4.2717%    ██
2026-01-04 18:28:12,474 - INFO - 13                  5.3524%    ██
2026-01-04 18:28:12,474 - INFO - 14                  6.4786%    ███
2026-01-04 18:28:12,474 - INFO - 15                  7.1759%    ███
2026-01-04 18:28:12,474 - INFO - 16                  6.8648%    ███
2026-01-04 18:28:12,474 - INFO - 17                  5.6910%    ██
2026-01-04 18:28:12,474 - INFO - 18                  4.7024%    ██
2026-01-04 18:28:12,474 - INFO - 19                  4.0710%    ██
2026-01-04 18:28:12,474 - INFO - 20                  3.5414%    █
2026-01-04 18:28:12,474 - INFO - 21                  3.1369%    █
2026-01-04 18:28:12,474 - INFO - 22                  2.7217%    █
2026-01-04 18:28:12,474 - INFO - 23                  2.4072%    █
2026-01-04 18:28:12,474 - INFO - 24                  2.1972%    █
2026-01-04 18:28:12,474 - INFO - 25                  1.9238%    
2026-01-04 18:28:12,474 - INFO - 26                  1.7593%    
2026-01-04 18:28:12,474 - INFO - 27                  1.5893%    
2026-01-04 18:28:12,474 - INFO - 28                  1.4476%    
2026-01-04 18:28:12,474 - INFO - 29                  1.3141%    
2026-01-04 18:28:12,474 - INFO - ... (261 more entries)
2026-01-04 18:28:12,474 - INFO - ================================================================================
2026-01-04 18:28:12,474 - INFO - Total unique in-degree values: 291
2026-01-04 18:28:12,474 - INFO - ================================================================================
2026-01-04 18:28:12,474 - INFO - 
Computing hub statistics...
2026-01-04 18:28:12,579 - INFO - ================================================================================
2026-01-04 18:28:12,579 - INFO - Hub Node Statistics
2026-01-04 18:28:12,579 - INFO - ================================================================================
2026-01-04 18:28:12,579 - INFO - Hub Percentile: 10.0%
2026-01-04 18:28:12,579 - INFO - --------------------------------------------------------------------------------
2026-01-04 18:28:12,579 - INFO - NODE CLASSIFICATION:
2026-01-04 18:28:12,579 - INFO -   Number of Hubs: 29191 (10.0%)
2026-01-04 18:28:12,579 - INFO -   Number of Regular Nodes: 260809 (90.0%)
2026-01-04 18:28:12,580 - INFO -   Hub Threshold (min in-degree): 40
2026-01-04 18:28:12,580 - INFO - --------------------------------------------------------------------------------
2026-01-04 18:28:12,580 - INFO - IN-DEGREE STATISTICS:
2026-01-04 18:28:12,580 - INFO -   Average Hub In-Degree: 62.89
2026-01-04 18:28:12,580 - INFO -   Average Regular In-Degree: 18.00
2026-01-04 18:28:12,580 - INFO -   Overall Average In-Degree: 22.51
2026-01-04 18:28:12,580 - INFO -   Median In-Degree: 17.00
2026-01-04 18:28:12,580 - INFO -   Max In-Degree: 482
2026-01-04 18:28:12,580 - INFO -   Min In-Degree: 0
2026-01-04 18:28:12,580 - INFO - --------------------------------------------------------------------------------
2026-01-04 18:28:12,580 - INFO - CONNECTIVITY PATTERNS:
2026-01-04 18:28:12,580 - INFO -   Hub → Hub: 3.61%
2026-01-04 18:28:12,580 - INFO -   Hub → Regular: 10.23%
2026-01-04 18:28:12,580 - INFO -   Regular → Hub: 24.50%
2026-01-04 18:28:12,580 - INFO -   Regular → Regular: 61.65%
2026-01-04 18:28:12,580 - INFO - ================================================================================
2026-01-04 18:28:12,581 - INFO - Added new entry for nytimes_flatnav-native_M32_ef200
2026-01-04 18:28:12,583 - INFO - Saved to ../metrics/indegree_stats_nytimes.json
2026-01-04 18:28:12,584 - INFO - Completed nytimes_flatnav-native_M32_ef200

2026-01-04 18:28:12,584 - INFO - ================================================================================
2026-01-04 18:28:12,584 - INFO - Run 3/3: nytimes_flatnav-native_M32_ef400
2026-01-04 18:28:12,584 - INFO -   M=32, ef_construction=400
2026-01-04 18:28:12,584 - INFO - ================================================================================
2026-01-04 18:30:12,847 - INFO - FlatNav indexing time = 120.26 seconds
2026-01-04 18:30:12,847 - INFO - 
Computing in-degree distribution...
2026-01-04 18:30:12,888 - INFO - ================================================================================
2026-01-04 18:30:12,888 - INFO - In-Degree Distribution
2026-01-04 18:30:12,888 - INFO - ================================================================================
2026-01-04 18:30:12,888 - INFO - In-Degree       Percentage      Bar
2026-01-04 18:30:12,888 - INFO - --------------------------------------------------------------------------------
2026-01-04 18:30:12,888 - INFO - 0                   0.1269%    
2026-01-04 18:30:12,888 - INFO - 1                   0.0683%    
2026-01-04 18:30:12,888 - INFO - 2                   0.1303%    
2026-01-04 18:30:12,888 - INFO - 3                   0.2479%    
2026-01-04 18:30:12,888 - INFO - 4                   0.3900%    
2026-01-04 18:30:12,888 - INFO - 5                   0.5183%    
2026-01-04 18:30:12,888 - INFO - 6                   0.7397%    
2026-01-04 18:30:12,888 - INFO - 7                   0.9855%    
2026-01-04 18:30:12,888 - INFO - 8                   1.2928%    
2026-01-04 18:30:12,888 - INFO - 9                   1.6662%    
2026-01-04 18:30:12,888 - INFO - 10                  2.1852%    █
2026-01-04 18:30:12,889 - INFO - 11                  2.9941%    █
2026-01-04 18:30:12,889 - INFO - 12                  4.0352%    ██
2026-01-04 18:30:12,889 - INFO - 13                  5.3097%    ██
2026-01-04 18:30:12,889 - INFO - 14                  6.6555%    ███
2026-01-04 18:30:12,889 - INFO - 15                  7.4066%    ███
2026-01-04 18:30:12,889 - INFO - 16                  7.1831%    ███
2026-01-04 18:30:12,889 - INFO - 17                  5.9055%    ██
2026-01-04 18:30:12,889 - INFO - 18                  4.8848%    ██
2026-01-04 18:30:12,889 - INFO - 19                  4.2659%    ██
2026-01-04 18:30:12,889 - INFO - 20                  3.6207%    █
2026-01-04 18:30:12,889 - INFO - 21                  3.2403%    █
2026-01-04 18:30:12,889 - INFO - 22                  2.8410%    █
2026-01-04 18:30:12,889 - INFO - 23                  2.5428%    █
2026-01-04 18:30:12,889 - INFO - 24                  2.2352%    █
2026-01-04 18:30:12,889 - INFO - 25                  2.0603%    █
2026-01-04 18:30:12,889 - INFO - 26                  1.8045%    
2026-01-04 18:30:12,889 - INFO - 27                  1.6800%    
2026-01-04 18:30:12,889 - INFO - 28                  1.5441%    
2026-01-04 18:30:12,889 - INFO - 29                  1.3972%    
2026-01-04 18:30:12,889 - INFO - ... (248 more entries)
2026-01-04 18:30:12,889 - INFO - ================================================================================
2026-01-04 18:30:12,889 - INFO - Total unique in-degree values: 278
2026-01-04 18:30:12,889 - INFO - ================================================================================
2026-01-04 18:30:12,889 - INFO - 
Computing hub statistics...
2026-01-04 18:30:12,995 - INFO - ================================================================================
2026-01-04 18:30:12,995 - INFO - Hub Node Statistics
2026-01-04 18:30:12,995 - INFO - ================================================================================
2026-01-04 18:30:12,995 - INFO - Hub Percentile: 10.0%
2026-01-04 18:30:12,995 - INFO - --------------------------------------------------------------------------------
2026-01-04 18:30:12,995 - INFO - NODE CLASSIFICATION:
2026-01-04 18:30:12,995 - INFO -   Number of Hubs: 29935 (10.0%)
2026-01-04 18:30:12,995 - INFO -   Number of Regular Nodes: 260065 (90.0%)
2026-01-04 18:30:12,995 - INFO -   Hub Threshold (min in-degree): 41
2026-01-04 18:30:12,995 - INFO - --------------------------------------------------------------------------------
2026-01-04 18:30:12,995 - INFO - IN-DEGREE STATISTICS:
2026-01-04 18:30:12,995 - INFO -   Average Hub In-Degree: 63.31
2026-01-04 18:30:12,995 - INFO -   Average Regular In-Degree: 18.71
2026-01-04 18:30:12,995 - INFO -   Overall Average In-Degree: 23.31
2026-01-04 18:30:12,995 - INFO -   Median In-Degree: 18.00
2026-01-04 18:30:12,995 - INFO -   Max In-Degree: 480
2026-01-04 18:30:12,995 - INFO -   Min In-Degree: 0
2026-01-04 18:30:12,995 - INFO - --------------------------------------------------------------------------------
2026-01-04 18:30:12,995 - INFO - CONNECTIVITY PATTERNS:
2026-01-04 18:30:12,995 - INFO -   Hub → Hub: 3.56%
2026-01-04 18:30:12,995 - INFO -   Hub → Regular: 10.23%
2026-01-04 18:30:12,996 - INFO -   Regular → Hub: 24.48%
2026-01-04 18:30:12,996 - INFO -   Regular → Regular: 61.73%
2026-01-04 18:30:12,996 - INFO - ================================================================================
2026-01-04 18:30:12,997 - INFO - Added new entry for nytimes_flatnav-native_M32_ef400
2026-01-04 18:30:13,000 - INFO - Saved to ../metrics/indegree_stats_nytimes.json
2026-01-04 18:30:13,001 - INFO - Completed nytimes_flatnav-native_M32_ef400

2026-01-04 18:30:13,001 - INFO - Analysis complete!
