INFO:root:Dataset: deep-image-96-angular
INFO:root:Train data shape: (9990000, 96)
INFO:root:Queries shape: (10000, 96)
INFO:root:Ground truth shape: (10000, 100)
INFO:root:
============================================================
INFO:root:Running experiment with 2.0% pruning
INFO:root:============================================================
INFO:root:Building index...
INFO:root:Indexing time = 338.9340863227844 seconds
INFO:root:Number of hub nodes: 217250
INFO:root:Number of random nodes: 199800
INFO:root:Hub nodes avg in-degree: 57.12
INFO:root:Random nodes avg in-degree: 21.92
INFO:root:
Testing with ef_search=100
INFO:root:Running baseline search (no pruning)...
INFO:root:Indexing time = 334.8328514099121 seconds
Traceback (most recent call last):
  File "/cluster/home/emmanueq/code/flatnav/experiments/hub_pruning_experiment.py", line 585, in <module>
    main()
  File "/cluster/home/emmanueq/code/flatnav/experiments/hub_pruning_experiment.py", line 482, in main
    results = run_pruning_experiment(
              ^^^^^^^^^^^^^^^^^^^^^^^
  File "/cluster/home/emmanueq/code/flatnav/experiments/hub_pruning_experiment.py", line 240, in run_pruning_experiment
    baseline_index = train_index(
                     ^^^^^^^^^^^^
  File "/cluster/home/emmanueq/code/flatnav/experiments/run_benchmark.py", line 226, in train_index
    raise ValueError(f"Failed to create {hnsw_base_layer_filename=}")
ValueError: Failed to create hnsw_base_layer_filename='hnsw_base_layer_temp.mtx'
make: *** [Makefile:770: hub-pruning-deep-image] Error 1
