INFO:root:Building index_type='flatnav'
INFO:root:Indexing time = 1.0345878601074219 seconds
INFO:root:Metrics: {'node_links': 32, 'ef_construction': 30, 'recall': 0.9705589999999266, 'qps': 4118.2397009004, 'latency_p50': 0.24271011352539062, 'latency_p95': 0.3249645233154297, 'latency_p99': 0.3709840774536134, 'latency_p999': 0.4575278759002691, 'distance_computations': 0.0}
INFO:root:Metrics: {'node_links': 32, 'ef_construction': 30, 'recall': 0.9881699999999489, 'qps': 2543.1112207346646, 'latency_p50': 0.3910064697265625, 'latency_p95': 0.5331039428710938, 'latency_p99': 0.5931878089904785, 'latency_p999': 0.6809237003326416, 'distance_computations': 0.0, 'distance_type': 'l2', 'ef_search': 100}
INFO:root:Metrics: {'node_links': 32, 'ef_construction': 30, 'recall': 0.9924939999999512, 'qps': 1911.1165565834265, 'latency_p50': 0.5218982696533203, 'latency_p95': 0.7050037384033203, 'latency_p99': 0.7743883132934571, 'latency_p999': 0.8604543209075931, 'distance_computations': 0.0, 'distance_type': 'l2', 'ef_search': 200}
INFO:root:Metrics: {'node_links': 32, 'ef_construction': 30, 'recall': 0.9950309999999567, 'qps': 1272.0482620285297, 'latency_p50': 0.7827281951904297, 'latency_p95': 1.064789295196533, 'latency_p99': 1.173043251037598, 'latency_p999': 1.2862710952758796, 'distance_computations': 0.0, 'distance_type': 'l2', 'ef_search': 300}
INFO:root:Metrics: {'node_links': 32, 'ef_construction': 30, 'recall': 0.9969399999999641, 'qps': 713.9387405978069, 'latency_p50': 1.4028549194335938, 'latency_p95': 1.8856644630432127, 'latency_p99': 2.08045244216919, 'latency_p999': 2.2425661087036133, 'distance_computations': 0.0, 'distance_type': 'l2', 'ef_search': 500}
INFO:root:Metrics: {'node_links': 32, 'ef_construction': 30, 'recall': 0.9985379999999777, 'qps': 271.58957126308843, 'latency_p50': 3.705620765686035, 'latency_p95': 4.731917381286621, 'latency_p99': 5.103669166564943, 'latency_p999': 5.505327463150025, 'distance_computations': 0.0, 'distance_type': 'l2', 'ef_search': 1000}
INFO:root:Building index_type='flatnav'
INFO:root:Indexing time = 1.1437668800354004 seconds
INFO:root:Metrics: {'node_links': 32, 'ef_construction': 40, 'recall': 0.9786259999999315, 'qps': 3829.4958825859767, 'latency_p50': 0.2613067626953125, 'latency_p95': 0.35119056701660156, 'latency_p99': 0.3933906555175781, 'latency_p999': 0.45324611663818615, 'distance_computations': 0.0, 'distance_type': 'l2', 'ef_search': 3000}
INFO:root:Metrics: {'node_links': 32, 'ef_construction': 40, 'recall': 0.9925319999999576, 'qps': 2301.4900217281347, 'latency_p50': 0.43487548828125, 'latency_p95': 0.5910515785217283, 'latency_p99': 0.65565824508667, 'latency_p999': 0.7267060279846204, 'distance_computations': 0.0, 'distance_type': 'l2', 'ef_search': 100}
INFO:root:Metrics: {'node_links': 32, 'ef_construction': 40, 'recall': 0.9954009999999635, 'qps': 1723.9388844252219, 'latency_p50': 0.5757808685302734, 'latency_p95': 0.8018136024475095, 'latency_p99': 0.8902573585510254, 'latency_p999': 0.9861011505126958, 'distance_computations': 0.0, 'distance_type': 'l2', 'ef_search': 200}
INFO:root:Metrics: {'node_links': 32, 'ef_construction': 40, 'recall': 0.9970499999999696, 'qps': 1185.6519823164654, 'latency_p50': 0.8406639099121094, 'latency_p95': 1.1561155319213863, 'latency_p99': 1.2810254096984863, 'latency_p999': 1.4019029140472417, 'distance_computations': 0.0, 'distance_type': 'l2', 'ef_search': 300}
INFO:root:Metrics: {'node_links': 32, 'ef_construction': 40, 'recall': 0.9981179999999755, 'qps': 668.5256943269394, 'latency_p50': 1.4996528625488281, 'latency_p95': 2.0363330841064453, 'latency_p99': 2.245190143585205, 'latency_p999': 2.414943933486939, 'distance_computations': 0.0, 'distance_type': 'l2', 'ef_search': 500}
INFO:root:Metrics: {'node_links': 32, 'ef_construction': 40, 'recall': 0.9988919999999827, 'qps': 256.65783294935153, 'latency_p50': 3.9153099060058594, 'latency_p95': 5.043077468872069, 'latency_p99': 5.455744266510011, 'latency_p999': 5.85414266586304, 'distance_computations': 0.0, 'distance_type': 'l2', 'ef_search': 1000}
INFO:root:Building index_type='flatnav'
INFO:root:Indexing time = 1.1832306385040283 seconds
INFO:root:Metrics: {'node_links': 32, 'ef_construction': 50, 'recall': 0.9818969999999337, 'qps': 3766.35493373797, 'latency_p50': 0.2665519714355469, 'latency_p95': 0.36026239395141585, 'latency_p99': 0.4010200500488281, 'latency_p999': 0.45967221260070823, 'distance_computations': 0.0, 'distance_type': 'l2', 'ef_search': 3000}
INFO:root:Metrics: {'node_links': 32, 'ef_construction': 50, 'recall': 0.9940249999999577, 'qps': 2332.5592437672517, 'latency_p50': 0.42569637298583984, 'latency_p95': 0.5915164947509766, 'latency_p99': 0.6601834297180176, 'latency_p999': 0.7338538169860843, 'distance_computations': 0.0, 'distance_type': 'l2', 'ef_search': 100}
INFO:root:Metrics: {'node_links': 32, 'ef_construction': 50, 'recall': 0.9963199999999648, 'qps': 1752.7689987809235, 'latency_p50': 0.5688667297363281, 'latency_p95': 0.7853507995605469, 'latency_p99': 0.8690381050109863, 'latency_p999': 0.9565360546112062, 'distance_computations': 0.0, 'distance_type': 'l2', 'ef_search': 200}
INFO:root:Metrics: {'node_links': 32, 'ef_construction': 50, 'recall': 0.9976089999999702, 'qps': 1170.2606046203975, 'latency_p50': 0.8500814437866211, 'latency_p95': 1.1811375617980955, 'latency_p99': 1.3103556632995608, 'latency_p999': 1.4381415843963625, 'distance_computations': 0.0, 'distance_type': 'l2', 'ef_search': 300}
INFO:root:Metrics: {'node_links': 32, 'ef_construction': 50, 'recall': 0.9983079999999751, 'qps': 661.1139744872321, 'latency_p50': 1.5151500701904297, 'latency_p95': 2.0706772804260254, 'latency_p99': 2.2881054878234863, 'latency_p999': 2.4886145591735844, 'distance_computations': 0.0, 'distance_type': 'l2', 'ef_search': 500}
INFO:root:Metrics: {'node_links': 32, 'ef_construction': 50, 'recall': 0.9987409999999795, 'qps': 254.4986227792524, 'latency_p50': 3.953695297241211, 'latency_p95': 5.1059722900390625, 'latency_p99': 5.54157018661499, 'latency_p999': 5.9447417259216335, 'distance_computations': 0.0, 'distance_type': 'l2', 'ef_search': 1000}
INFO:root:Building index_type='flatnav'
INFO:root:Indexing time = 1.335801124572754 seconds
INFO:root:Metrics: {'node_links': 32, 'ef_construction': 100, 'recall': 0.9872479999999366, 'qps': 3276.7861760583196, 'latency_p50': 0.3063678741455078, 'latency_p95': 0.41413307189941406, 'latency_p99': 0.45680999755859375, 'latency_p999': 0.5152244567871098, 'distance_computations': 0.0, 'distance_type': 'l2', 'ef_search': 3000}
INFO:root:Metrics: {'node_links': 32, 'ef_construction': 100, 'recall': 0.9958189999999578, 'qps': 1961.4322636617371, 'latency_p50': 0.5104541778564453, 'latency_p95': 0.706207752227783, 'latency_p99': 0.7824921607971191, 'latency_p999': 0.86856508255005, 'distance_computations': 0.0, 'distance_type': 'l2', 'ef_search': 100}
INFO:root:Metrics: {'node_links': 32, 'ef_construction': 100, 'recall': 0.9971579999999638, 'qps': 1443.504605440558, 'latency_p50': 0.6911754608154297, 'latency_p95': 0.9710907936096189, 'latency_p99': 1.073129177093506, 'latency_p999': 1.1849493980407733, 'distance_computations': 0.0, 'distance_type': 'l2', 'ef_search': 200}
INFO:root:Metrics: {'node_links': 32, 'ef_construction': 100, 'recall': 0.9977789999999673, 'qps': 967.9826368409922, 'latency_p50': 1.0319948196411133, 'latency_p95': 1.4550805091857908, 'latency_p99': 1.6148352622985847, 'latency_p999': 1.7862367630004892, 'distance_computations': 0.0, 'distance_type': 'l2', 'ef_search': 300}
INFO:root:Metrics: {'node_links': 32, 'ef_construction': 100, 'recall': 0.9981279999999703, 'qps': 552.8837851861823, 'latency_p50': 1.8184185028076172, 'latency_p95': 2.530348300933838, 'latency_p99': 2.799777984619141, 'latency_p999': 3.0655875205993657, 'distance_computations': 0.0, 'distance_type': 'l2', 'ef_search': 500}
INFO:root:Metrics: {'node_links': 32, 'ef_construction': 100, 'recall': 0.9982469999999716, 'qps': 235.15560428790695, 'latency_p50': 4.281878471374512, 'latency_p95': 5.576205253601073, 'latency_p99': 6.074440479278565, 'latency_p999': 6.5949118137359655, 'distance_computations': 0.0, 'distance_type': 'l2', 'ef_search': 1000}
INFO:root:Building index_type='flatnav'
INFO:root:Indexing time = 2.0595009326934814 seconds
INFO:root:Metrics: {'node_links': 32, 'ef_construction': 200, 'recall': 0.9895899999999319, 'qps': 2908.7604488292914, 'latency_p50': 0.3464221954345703, 'latency_p95': 0.46634674072265625, 'latency_p99': 0.51236629486084, 'latency_p999': 0.5650627613067649, 'distance_computations': 0.0, 'distance_type': 'l2', 'ef_search': 3000}
INFO:root:Metrics: {'node_links': 32, 'ef_construction': 200, 'recall': 0.9964849999999557, 'qps': 1787.0256683328173, 'latency_p50': 0.5576610565185547, 'latency_p95': 0.7898807525634766, 'latency_p99': 0.8788204193115237, 'latency_p999': 0.9713184833526614, 'distance_computations': 0.0, 'distance_type': 'l2', 'ef_search': 100}
INFO:root:Metrics: {'node_links': 32, 'ef_construction': 200, 'recall': 0.997418999999961, 'qps': 1434.3384601916143, 'latency_p50': 0.700831413269043, 'latency_p95': 0.9663343429565426, 'latency_p99': 1.0674071311950686, 'latency_p999': 1.1694438457489016, 'distance_computations': 0.0, 'distance_type': 'l2', 'ef_search': 200}
INFO:root:Metrics: {'node_links': 32, 'ef_construction': 200, 'recall': 0.9977609999999638, 'qps': 965.3917414535937, 'latency_p50': 1.0411739349365234, 'latency_p95': 1.4443397521972656, 'latency_p99': 1.6062355041503908, 'latency_p999': 1.7552397251129155, 'distance_computations': 0.0, 'distance_type': 'l2', 'ef_search': 300}
INFO:root:Metrics: {'node_links': 32, 'ef_construction': 200, 'recall': 0.9979129999999654, 'qps': 555.4783598720792, 'latency_p50': 1.8157958984375, 'latency_p95': 2.4969816207885738, 'latency_p99': 2.765181064605713, 'latency_p999': 2.994543313980104, 'distance_computations': 0.0, 'distance_type': 'l2', 'ef_search': 500}
INFO:root:Metrics: {'node_links': 32, 'ef_construction': 200, 'recall': 0.9979509999999656, 'qps': 220.47262603909644, 'latency_p50': 4.580497741699219, 'latency_p95': 5.9383273124694815, 'latency_p99': 6.422286033630371, 'latency_p999': 6.92345499992371, 'distance_computations': 0.0, 'distance_type': 'l2', 'ef_search': 1000}
INFO:root:Building index_type='flatnav'
INFO:root:Indexing time = 2.88619327545166 seconds
INFO:root:Metrics: {'node_links': 32, 'ef_construction': 300, 'recall': 0.9901019999999334, 'qps': 2809.965314785423, 'latency_p50': 0.3597736358642578, 'latency_p95': 0.4811286926269531, 'latency_p99': 0.5292892456054688, 'latency_p999': 0.5795958042144775, 'distance_computations': 0.0, 'distance_type': 'l2', 'ef_search': 3000}
INFO:root:Metrics: {'node_links': 32, 'ef_construction': 300, 'recall': 0.9965299999999548, 'qps': 1673.7921386236815, 'latency_p50': 0.6020069122314453, 'latency_p95': 0.8268475532531736, 'latency_p99': 0.912437438964844, 'latency_p999': 0.9975440502166749, 'distance_computations': 0.0, 'distance_type': 'l2', 'ef_search': 100}
INFO:root:Metrics: {'node_links': 32, 'ef_construction': 300, 'recall': 0.9973319999999598, 'qps': 1229.9387383004107, 'latency_p50': 0.8167028427124023, 'latency_p95': 1.1344075202941892, 'latency_p99': 1.255040168762207, 'latency_p999': 1.3735306262969973, 'distance_computations': 0.0, 'distance_type': 'l2', 'ef_search': 200}
INFO:root:Metrics: {'node_links': 32, 'ef_construction': 300, 'recall': 0.9976249999999626, 'qps': 828.170935202592, 'latency_p50': 1.2165307998657227, 'latency_p95': 1.6939759254455564, 'latency_p99': 1.8789958953857426, 'latency_p999': 2.0689964294433594, 'distance_computations': 0.0, 'distance_type': 'l2', 'ef_search': 300}
INFO:root:Metrics: {'node_links': 32, 'ef_construction': 300, 'recall': 0.997736999999963, 'qps': 477.70882215497124, 'latency_p50': 2.117156982421875, 'latency_p95': 2.923738956451416, 'latency_p99': 3.2322573661804204, 'latency_p999': 3.5174009799957298, 'distance_computations': 0.0, 'distance_type': 'l2', 'ef_search': 500}
INFO:root:Metrics: {'node_links': 32, 'ef_construction': 300, 'recall': 0.9977549999999633, 'qps': 190.0718975734096, 'latency_p50': 5.323529243469238, 'latency_p95': 6.954455375671387, 'latency_p99': 7.53096342086792, 'latency_p999': 8.159881114959719, 'distance_computations': 0.0, 'distance_type': 'l2', 'ef_search': 1000}
/cluster/home/emmanueq/code/flatnav/venv/lib/python3.11/site-packages/numpy/core/getlimits.py:549: UserWarning: The value of the smallest subnormal for <class 'numpy.float64'> type is zero.
  setattr(self, word, getattr(machar, word).flat[0])
/cluster/home/emmanueq/code/flatnav/venv/lib/python3.11/site-packages/numpy/core/getlimits.py:89: UserWarning: The value of the smallest subnormal for <class 'numpy.float64'> type is zero.
  return self._float_to_str(self.smallest_subnormal)
/cluster/home/emmanueq/code/flatnav/experiments/plotting/plot.py:189: RuntimeWarning: Mean of empty slice.
  return -np.log(np.array(y_values)).mean()
/cluster/home/emmanueq/code/flatnav/venv/lib/python3.11/site-packages/numpy/core/_methods.py:129: RuntimeWarning: invalid value encountered in scalar divide
  ret = ret.dtype.type(ret / rcount)
