INFO:root:Building index_type='flatnav'
INFO:root:Indexing time = 5.803586959838867 seconds
INFO:root:Metrics: {'node_links': 32, 'ef_construction': 30, 'recall': 0.822356999999983, 'qps': 6429.943151096852, 'latency_p50': 0.15783309936523438, 'latency_p95': 0.18978118896484375, 'latency_p99': 0.2045655250549317, 'latency_p999': 0.22363734245300307, 'distance_computations': 0.0}
INFO:root:Metrics: {'node_links': 32, 'ef_construction': 30, 'recall': 0.9104979999999591, 'qps': 3524.069946962138, 'latency_p50': 0.2903938293457031, 'latency_p95': 0.34236907958984375, 'latency_p99': 0.3628730773925781, 'latency_p999': 0.3850533962249771, 'distance_computations': 0.0, 'distance_type': 'l2', 'ef_search': 100}
INFO:root:Metrics: {'node_links': 32, 'ef_construction': 30, 'recall': 0.9436209999999402, 'qps': 2454.877195972561, 'latency_p50': 0.41747093200683594, 'latency_p95': 0.49042701721191406, 'latency_p99': 0.5176067352294922, 'latency_p999': 0.5488400459289552, 'distance_computations': 0.0, 'distance_type': 'l2', 'ef_search': 200}
INFO:root:Metrics: {'node_links': 32, 'ef_construction': 30, 'recall': 0.9697399999999187, 'qps': 1546.7546082036292, 'latency_p50': 0.66375732421875, 'latency_p95': 0.7786750793457031, 'latency_p99': 0.8196854591369629, 'latency_p999': 0.8647453784942629, 'distance_computations': 0.0, 'distance_type': 'l2', 'ef_search': 300}
INFO:root:Metrics: {'node_links': 32, 'ef_construction': 30, 'recall': 0.9872889999999206, 'qps': 819.0282120318552, 'latency_p50': 1.2532472610473633, 'latency_p95': 1.4705657958984375, 'latency_p99': 1.5392303466796875, 'latency_p999': 1.6169567108154301, 'distance_computations': 0.0, 'distance_type': 'l2', 'ef_search': 500}
INFO:root:Metrics: {'node_links': 32, 'ef_construction': 30, 'recall': 0.9956539999999475, 'qps': 297.49074178599926, 'latency_p50': 3.4314393997192383, 'latency_p95': 4.023325443267822, 'latency_p99': 4.212861061096191, 'latency_p999': 4.393101453781128, 'distance_computations': 0.0, 'distance_type': 'l2', 'ef_search': 1000}
INFO:root:Memory: index=671.0MB, search=20.3MB
INFO:root:Building index_type='flatnav'
INFO:root:Indexing time = 5.678283452987671 seconds
INFO:root:Metrics: {'node_links': 32, 'ef_construction': 40, 'recall': 0.8557199999999803, 'qps': 6407.826943157956, 'latency_p50': 0.15878677368164062, 'latency_p95': 0.1888275146484375, 'latency_p99': 0.2014636993408203, 'latency_p999': 0.21529245376586925, 'distance_computations': 0.0, 'distance_type': 'l2', 'ef_search': 3000}
INFO:root:Metrics: {'node_links': 32, 'ef_construction': 40, 'recall': 0.9337939999999461, 'qps': 3493.0826735419496, 'latency_p50': 0.29349327087402344, 'latency_p95': 0.34428834915161116, 'latency_p99': 0.3638267517089844, 'latency_p999': 0.38695526123046914, 'distance_computations': 0.0, 'distance_type': 'l2', 'ef_search': 100}
INFO:root:Metrics: {'node_links': 32, 'ef_construction': 40, 'recall': 0.960419999999923, 'qps': 2417.9438785978073, 'latency_p50': 0.42438507080078125, 'latency_p95': 0.49877166748046875, 'latency_p99': 0.524284839630127, 'latency_p999': 0.5528943538665775, 'distance_computations': 0.0, 'distance_type': 'l2', 'ef_search': 200}
INFO:root:Metrics: {'node_links': 32, 'ef_construction': 40, 'recall': 0.9798489999999174, 'qps': 1521.4676070594462, 'latency_p50': 0.6754398345947266, 'latency_p95': 0.7941842079162595, 'latency_p99': 0.8339905738830566, 'latency_p999': 0.8769049644470218, 'distance_computations': 0.0, 'distance_type': 'l2', 'ef_search': 300}
INFO:root:Metrics: {'node_links': 32, 'ef_construction': 40, 'recall': 0.9914759999999282, 'qps': 806.1814915529297, 'latency_p50': 1.2722015380859375, 'latency_p95': 1.5003800392150877, 'latency_p99': 1.567840576171875, 'latency_p999': 1.6579663753509528, 'distance_computations': 0.0, 'distance_type': 'l2', 'ef_search': 500}
INFO:root:Metrics: {'node_links': 32, 'ef_construction': 40, 'recall': 0.9959249999999497, 'qps': 293.3777056518539, 'latency_p50': 3.4799575805664062, 'latency_p95': 4.107022285461426, 'latency_p99': 4.304652214050293, 'latency_p999': 4.5106525421142605, 'distance_computations': 0.0, 'distance_type': 'l2', 'ef_search': 1000}
INFO:root:Memory: index=661.7MB, search=-1.0MB
INFO:root:Building index_type='flatnav'
INFO:root:Indexing time = 6.379702806472778 seconds
INFO:root:Metrics: {'node_links': 32, 'ef_construction': 50, 'recall': 0.8756609999999794, 'qps': 6145.592212513652, 'latency_p50': 0.1659393310546875, 'latency_p95': 0.19788742065429688, 'latency_p99': 0.21004676818847656, 'latency_p999': 0.22435259819030776, 'distance_computations': 0.0, 'distance_type': 'l2', 'ef_search': 3000}
INFO:root:Metrics: {'node_links': 32, 'ef_construction': 50, 'recall': 0.9464739999999343, 'qps': 3352.443165659914, 'latency_p50': 0.3058910369873047, 'latency_p95': 0.362396240234375, 'latency_p99': 0.3809928894042969, 'latency_p999': 0.39959478378296004, 'distance_computations': 0.0, 'distance_type': 'l2', 'ef_search': 100}
INFO:root:Metrics: {'node_links': 32, 'ef_construction': 50, 'recall': 0.9689939999999171, 'qps': 2327.2010610912585, 'latency_p50': 0.4417896270751953, 'latency_p95': 0.5230903625488281, 'latency_p99': 0.5481243133544922, 'latency_p999': 0.5779268741607666, 'distance_computations': 0.0, 'distance_type': 'l2', 'ef_search': 200}
INFO:root:Metrics: {'node_links': 32, 'ef_construction': 50, 'recall': 0.9845569999999112, 'qps': 1461.0842430977395, 'latency_p50': 0.7028579711914062, 'latency_p95': 0.8349537849426267, 'latency_p99': 0.8749985694885254, 'latency_p999': 0.9231574535369874, 'distance_computations': 0.0, 'distance_type': 'l2', 'ef_search': 300}
INFO:root:Metrics: {'node_links': 32, 'ef_construction': 50, 'recall': 0.992945999999928, 'qps': 776.7290904924546, 'latency_p50': 1.3206005096435547, 'latency_p95': 1.5730977058410642, 'latency_p99': 1.6503334045410156, 'latency_p999': 1.7340257167816178, 'distance_computations': 0.0, 'distance_type': 'l2', 'ef_search': 500}
INFO:root:Metrics: {'node_links': 32, 'ef_construction': 50, 'recall': 0.9957709999999448, 'qps': 284.79260154571557, 'latency_p50': 3.583669662475586, 'latency_p95': 4.269623756408691, 'latency_p99': 4.476830959320069, 'latency_p999': 4.736903429031373, 'distance_computations': 0.0, 'distance_type': 'l2', 'ef_search': 1000}
INFO:root:Memory: index=656.9MB, search=0.1MB
INFO:root:Building index_type='flatnav'
INFO:root:Indexing time = 10.421351909637451 seconds
INFO:root:Metrics: {'node_links': 32, 'ef_construction': 100, 'recall': 0.9093489999999667, 'qps': 5588.054101872675, 'latency_p50': 0.18310546875, 'latency_p95': 0.21696090698242188, 'latency_p99': 0.2300739288330078, 'latency_p999': 0.2460489273071291, 'distance_computations': 0.0, 'distance_type': 'l2', 'ef_search': 3000}
INFO:root:Metrics: {'node_links': 32, 'ef_construction': 100, 'recall': 0.9672359999999153, 'qps': 3048.601905943129, 'latency_p50': 0.3368854522705078, 'latency_p95': 0.4012584686279297, 'latency_p99': 0.42033433914184576, 'latency_p999': 0.44417381286621094, 'distance_computations': 0.0, 'distance_type': 'l2', 'ef_search': 100}
INFO:root:Metrics: {'node_links': 32, 'ef_construction': 100, 'recall': 0.9828119999999079, 'qps': 2120.5331040317087, 'latency_p50': 0.4856586456298828, 'latency_p95': 0.5786418914794922, 'latency_p99': 0.6058216094970703, 'latency_p999': 0.6337180137634281, 'distance_computations': 0.0, 'distance_type': 'l2', 'ef_search': 200}
INFO:root:Metrics: {'node_links': 32, 'ef_construction': 100, 'recall': 0.9916649999999186, 'qps': 1338.2862288490562, 'latency_p50': 0.7679462432861328, 'latency_p95': 0.9229183197021484, 'latency_p99': 0.9679865837097169, 'latency_p999': 1.0201938152313235, 'distance_computations': 0.0, 'distance_type': 'l2', 'ef_search': 300}
INFO:root:Metrics: {'node_links': 32, 'ef_construction': 100, 'recall': 0.9953259999999374, 'qps': 716.638235014812, 'latency_p50': 1.4307498931884766, 'latency_p95': 1.7285346984863281, 'latency_p99': 1.8205642700195312, 'latency_p999': 1.9271397590637211, 'distance_computations': 0.0, 'distance_type': 'l2', 'ef_search': 500}
INFO:root:Metrics: {'node_links': 32, 'ef_construction': 100, 'recall': 0.9962349999999458, 'qps': 265.28263512492055, 'latency_p50': 3.842949867248535, 'latency_p95': 4.657280445098877, 'latency_p99': 4.900705814361573, 'latency_p999': 5.231861352920533, 'distance_computations': 0.0, 'distance_type': 'l2', 'ef_search': 1000}
INFO:root:Memory: index=658.9MB, search=0.0MB
INFO:root:Building index_type='flatnav'
INFO:root:Indexing time = 18.891449213027954 seconds
INFO:root:Metrics: {'node_links': 32, 'ef_construction': 200, 'recall': 0.9202489999999589, 'qps': 5387.916654944879, 'latency_p50': 0.1900196075439453, 'latency_p95': 0.22339820861816406, 'latency_p99': 0.23603439331054688, 'latency_p999': 0.2489092350006104, 'distance_computations': 0.0, 'distance_type': 'l2', 'ef_search': 3000}
INFO:root:Metrics: {'node_links': 32, 'ef_construction': 200, 'recall': 0.9734339999999091, 'qps': 2918.282192880715, 'latency_p50': 0.3523826599121094, 'latency_p95': 0.41675567626953125, 'latency_p99': 0.438690185546875, 'latency_p999': 0.45848250389099193, 'distance_computations': 0.0, 'distance_type': 'l2', 'ef_search': 100}
INFO:root:Metrics: {'node_links': 32, 'ef_construction': 200, 'recall': 0.9863549999999097, 'qps': 2029.0364352539507, 'latency_p50': 0.507354736328125, 'latency_p95': 0.6034374237060547, 'latency_p99': 0.6322860717773438, 'latency_p999': 0.6659049987792973, 'distance_computations': 0.0, 'distance_type': 'l2', 'ef_search': 200}
INFO:root:Metrics: {'node_links': 32, 'ef_construction': 200, 'recall': 0.9932039999999239, 'qps': 1283.5945583330174, 'latency_p50': 0.8008480072021484, 'latency_p95': 0.9625077247619627, 'latency_p99': 1.0094666481018066, 'latency_p999': 1.0669240951538088, 'distance_computations': 0.0, 'distance_type': 'l2', 'ef_search': 300}
INFO:root:Metrics: {'node_links': 32, 'ef_construction': 200, 'recall': 0.9956689999999395, 'qps': 688.3647447692748, 'latency_p50': 1.489400863647461, 'latency_p95': 1.8055558204650877, 'latency_p99': 1.900920867919922, 'latency_p999': 2.01893448829651, 'distance_computations': 0.0, 'distance_type': 'l2', 'ef_search': 500}
INFO:root:Metrics: {'node_links': 32, 'ef_construction': 200, 'recall': 0.9960889999999437, 'qps': 256.3091901688999, 'latency_p50': 3.978610038757324, 'latency_p95': 4.8349618911743155, 'latency_p99': 5.099864006042482, 'latency_p999': 5.459787607192993, 'distance_computations': 0.0, 'distance_type': 'l2', 'ef_search': 1000}
INFO:root:Memory: index=652.1MB, search=0.9MB
INFO:root:Building index_type='flatnav'
INFO:root:Indexing time = 26.732752323150635 seconds
INFO:root:Metrics: {'node_links': 32, 'ef_construction': 300, 'recall': 0.9222289999999601, 'qps': 5321.520093562645, 'latency_p50': 0.19216537475585938, 'latency_p95': 0.2257943153381346, 'latency_p99': 0.23842096328735357, 'latency_p999': 0.2510547637939453, 'distance_computations': 0.0, 'distance_type': 'l2', 'ef_search': 3000}
INFO:root:Metrics: {'node_links': 32, 'ef_construction': 300, 'recall': 0.9746429999999111, 'qps': 2900.948771118106, 'latency_p50': 0.3540515899658203, 'latency_p95': 0.41747093200683594, 'latency_p99': 0.4391670227050781, 'latency_p999': 0.4591953754425051, 'distance_computations': 0.0, 'distance_type': 'l2', 'ef_search': 100}
INFO:root:Metrics: {'node_links': 32, 'ef_construction': 300, 'recall': 0.9870579999999105, 'qps': 2019.3497847218134, 'latency_p50': 0.5092620849609375, 'latency_p95': 0.6043910980224609, 'latency_p99': 0.6344342231750488, 'latency_p999': 0.6642348766326905, 'distance_computations': 0.0, 'distance_type': 'l2', 'ef_search': 200}
INFO:root:Metrics: {'node_links': 32, 'ef_construction': 300, 'recall': 0.9934449999999247, 'qps': 1278.7833060567343, 'latency_p50': 0.8032321929931641, 'latency_p95': 0.9641766548156736, 'latency_p99': 1.0132789611816406, 'latency_p999': 1.0683550834655764, 'distance_computations': 0.0, 'distance_type': 'l2', 'ef_search': 300}
INFO:root:Metrics: {'node_links': 32, 'ef_construction': 300, 'recall': 0.9956709999999399, 'qps': 686.0006252391792, 'latency_p50': 1.4945268630981445, 'latency_p95': 1.80816650390625, 'latency_p99': 1.905930042266846, 'latency_p999': 2.025610685348512, 'distance_computations': 0.0, 'distance_type': 'l2', 'ef_search': 500}
INFO:root:Metrics: {'node_links': 32, 'ef_construction': 300, 'recall': 0.9960159999999437, 'qps': 255.5007334148777, 'latency_p50': 3.9892196655273438, 'latency_p95': 4.8520684242248535, 'latency_p99': 5.116939544677734, 'latency_p999': 5.444553852081304, 'distance_computations': 0.0, 'distance_type': 'l2', 'ef_search': 1000}
INFO:root:Memory: index=655.4MB, search=-0.8MB
/cluster/home/emmanueq/code/flatnav/venv/lib/python3.11/site-packages/numpy/core/getlimits.py:549: UserWarning: The value of the smallest subnormal for <class 'numpy.float64'> type is zero.
  setattr(self, word, getattr(machar, word).flat[0])
/cluster/home/emmanueq/code/flatnav/venv/lib/python3.11/site-packages/numpy/core/getlimits.py:89: UserWarning: The value of the smallest subnormal for <class 'numpy.float64'> type is zero.
  return self._float_to_str(self.smallest_subnormal)
Traceback (most recent call last):
  File "/cluster/home/emmanueq/code/flatnav/experiments/run-benchmark.py", line 653, in <module>
    run_experiment()
  File "/cluster/home/emmanueq/code/flatnav/experiments/run-benchmark.py", line 644, in run_experiment
    plot_all_metrics(
  File "/cluster/home/emmanueq/code/flatnav/experiments/run-benchmark.py", line 585, in plot_all_metrics
    experiment_runs[experiment_key] = [
                                      ^
  File "/cluster/home/emmanueq/code/flatnav/experiments/run-benchmark.py", line 586, in <listcomp>
    (experiment_key, run[x_metric], run[y_metric]) for run in metrics
                                    ~~~^^^^^^^^^^
KeyError: 'latency_p999'
make: *** [Makefile:380: sift-bench-flatnav] Error 1
