Makefile:361: warning: overriding recipe for target 'mnist-bench-flatnav-query-aware-80-16-hnsw-base'
Makefile:340: warning: ignoring old recipe for target 'mnist-bench-flatnav-query-aware-80-16-hnsw-base'
INFO:root:Using 10000 queries for query-aware pruning
INFO:root:Building index_type='flatnav'
INFO:root:Indexing time = 0.45391392707824707 seconds
INFO:root:Metrics: {'node_links': 16, 'ef_construction': 30, 'recall': 0.9494329999999221, 'qps': 5145.492548900105, 'latency_p50': 0.1933574676513672, 'latency_p95': 0.25154352188110335, 'latency_p99': 0.3039836883544922, 'latency_p999': 0.37932395935058594, 'distance_computations': 676.8077}
INFO:root:Metrics: {'node_links': 16, 'ef_construction': 30, 'recall': 0.9802109999999385, 'qps': 3032.95689984563, 'latency_p50': 0.3294944763183594, 'latency_p95': 0.4253387451171875, 'latency_p99': 0.474693775177002, 'latency_p999': 0.5817439556121832, 'distance_computations': 1068.9728, 'distance_type': 'l2', 'ef_search': 100}
INFO:root:Metrics: {'node_links': 16, 'ef_construction': 30, 'recall': 0.9876029999999487, 'qps': 2188.5433831363925, 'latency_p50': 0.4565715789794922, 'latency_p95': 0.5891323089599609, 'latency_p99': 0.6477856636047363, 'latency_p999': 0.737191438674927, 'distance_computations': 1422.3436, 'distance_type': 'l2', 'ef_search': 200}
INFO:root:Metrics: {'node_links': 16, 'ef_construction': 30, 'recall': 0.9922999999999551, 'qps': 1429.7454119543142, 'latency_p50': 0.6996393203735352, 'latency_p95': 0.9002685546875, 'latency_p99': 0.9815692901611328, 'latency_p999': 1.0671720504760764, 'distance_computations': 2071.9805, 'distance_type': 'l2', 'ef_search': 300}
INFO:root:Metrics: {'node_links': 16, 'ef_construction': 30, 'recall': 0.9953909999999622, 'qps': 782.6356594238869, 'latency_p50': 1.280069351196289, 'latency_p95': 1.6334176063537595, 'latency_p99': 1.7614388465881348, 'latency_p999': 1.8863680362701416, 'distance_computations': 3539.4889, 'distance_type': 'l2', 'ef_search': 500}
INFO:root:Metrics: {'node_links': 16, 'ef_construction': 30, 'recall': 0.9980269999999746, 'qps': 288.6955876050203, 'latency_p50': 3.4772157669067383, 'latency_p95': 4.232895374298096, 'latency_p99': 4.509930610656738, 'latency_p999': 4.80580472946167, 'distance_computations': 8674.2976, 'distance_type': 'l2', 'ef_search': 1000}
INFO:root:Building index_type='flatnav'
INFO:root:Indexing time = 0.5525774955749512 seconds
INFO:root:Metrics: {'node_links': 16, 'ef_construction': 40, 'recall': 0.9571299999999187, 'qps': 4816.886038830199, 'latency_p50': 0.20694732666015625, 'latency_p95': 0.26679039001464844, 'latency_p99': 0.3163838386535645, 'latency_p999': 0.41580224037170416, 'distance_computations': 707.5474, 'distance_type': 'l2', 'ef_search': 3000}
INFO:root:Metrics: {'node_links': 16, 'ef_construction': 40, 'recall': 0.9859939999999436, 'qps': 2837.6620441972054, 'latency_p50': 0.3527402877807617, 'latency_p95': 0.4508495330810547, 'latency_p99': 0.4982972145080567, 'latency_p999': 0.5858035087585468, 'distance_computations': 1126.0447, 'distance_type': 'l2', 'ef_search': 100}
INFO:root:Metrics: {'node_links': 16, 'ef_construction': 40, 'recall': 0.9920589999999596, 'qps': 2042.6718978134184, 'latency_p50': 0.4897117614746094, 'latency_p95': 0.6260871887207031, 'latency_p99': 0.6799912452697758, 'latency_p999': 0.74553656578064, 'distance_computations': 1504.294, 'distance_type': 'l2', 'ef_search': 200}
INFO:root:Metrics: {'node_links': 16, 'ef_construction': 40, 'recall': 0.9956309999999703, 'qps': 1332.0470726687308, 'latency_p50': 0.7510185241699219, 'latency_p95': 0.9608268737792969, 'latency_p99': 1.0399866104125977, 'latency_p999': 1.122475862503052, 'distance_computations': 2203.298, 'distance_type': 'l2', 'ef_search': 300}
INFO:root:Metrics: {'node_links': 16, 'ef_construction': 40, 'recall': 0.9977619999999792, 'qps': 727.9533634049656, 'latency_p50': 1.3762712478637695, 'latency_p95': 1.7406940460205078, 'latency_p99': 1.8849420547485352, 'latency_p999': 2.0237014293670663, 'distance_computations': 3788.4175, 'distance_type': 'l2', 'ef_search': 500}
INFO:root:Metrics: {'node_links': 16, 'ef_construction': 40, 'recall': 0.9991209999999879, 'qps': 268.459841603404, 'latency_p50': 3.743886947631836, 'latency_p95': 4.510176181793213, 'latency_p99': 4.794137477874756, 'latency_p999': 5.094768047332764, 'distance_computations': 9335.3955, 'distance_type': 'l2', 'ef_search': 1000}
INFO:root:Building index_type='flatnav'
INFO:root:Indexing time = 0.6267359256744385 seconds
INFO:root:Metrics: {'node_links': 16, 'ef_construction': 50, 'recall': 0.9650099999999138, 'qps': 4990.976079202501, 'latency_p50': 0.20003318786621094, 'latency_p95': 0.2574920654296875, 'latency_p99': 0.2913475036621094, 'latency_p999': 0.37050557136535706, 'distance_computations': 694.1169, 'distance_type': 'l2', 'ef_search': 3000}
INFO:root:Metrics: {'node_links': 16, 'ef_construction': 50, 'recall': 0.9893939999999526, 'qps': 2947.332442873397, 'latency_p50': 0.339508056640625, 'latency_p95': 0.43845176696777344, 'latency_p99': 0.4794597625732422, 'latency_p999': 0.5476479530334474, 'distance_computations': 1096.868, 'distance_type': 'l2', 'ef_search': 100}
INFO:root:Metrics: {'node_links': 16, 'ef_construction': 50, 'recall': 0.9943059999999657, 'qps': 2127.591666735146, 'latency_p50': 0.4706382751464844, 'latency_p95': 0.6098866462707517, 'latency_p99': 0.664956569671631, 'latency_p999': 0.7269387245178224, 'distance_computations': 1457.8133, 'distance_type': 'l2', 'ef_search': 200}
INFO:root:Metrics: {'node_links': 16, 'ef_construction': 50, 'recall': 0.9970059999999771, 'qps': 1394.3025560194583, 'latency_p50': 0.7171630859375, 'latency_p95': 0.9362936019897458, 'latency_p99': 1.016378402709961, 'latency_p999': 1.09243655204773, 'distance_computations': 2119.0788, 'distance_type': 'l2', 'ef_search': 300}
INFO:root:Metrics: {'node_links': 16, 'ef_construction': 50, 'recall': 0.9984999999999838, 'qps': 766.9048622906731, 'latency_p50': 1.306295394897461, 'latency_p95': 1.6861081123352049, 'latency_p99': 1.833922863006592, 'latency_p999': 1.9671926498413088, 'distance_computations': 3602.1354, 'distance_type': 'l2', 'ef_search': 500}
INFO:root:Metrics: {'node_links': 16, 'ef_construction': 50, 'recall': 0.9994549999999918, 'qps': 285.9402651905783, 'latency_p50': 3.517031669616699, 'latency_p95': 4.3239593505859375, 'latency_p99': 4.628663063049316, 'latency_p999': 4.946954727172853, 'distance_computations': 8743.8821, 'distance_type': 'l2', 'ef_search': 1000}
INFO:root:Building index_type='flatnav'
INFO:root:Indexing time = 0.9846837520599365 seconds
INFO:root:Metrics: {'node_links': 16, 'ef_construction': 100, 'recall': 0.9721029999999182, 'qps': 4910.537291387537, 'latency_p50': 0.20360946655273438, 'latency_p95': 0.2627372741699219, 'latency_p99': 0.2946877479553223, 'latency_p999': 0.33688855171203674, 'distance_computations': 705.9104, 'distance_type': 'l2', 'ef_search': 3000}
INFO:root:Metrics: {'node_links': 16, 'ef_construction': 100, 'recall': 0.9933849999999614, 'qps': 2906.7671759539485, 'latency_p50': 0.34499168395996094, 'latency_p95': 0.44871568679809554, 'latency_p99': 0.48971414566040045, 'latency_p999': 0.5359666347503665, 'distance_computations': 1113.4044, 'distance_type': 'l2', 'ef_search': 100}
INFO:root:Metrics: {'node_links': 16, 'ef_construction': 100, 'recall': 0.9970659999999789, 'qps': 2103.9587272744784, 'latency_p50': 0.4754066467285156, 'latency_p95': 0.6237030029296875, 'latency_p99': 0.682833194732666, 'latency_p999': 0.743389368057251, 'distance_computations': 1476.7971, 'distance_type': 'l2', 'ef_search': 200}
INFO:root:Metrics: {'node_links': 16, 'ef_construction': 100, 'recall': 0.9988279999999886, 'qps': 1384.5463933843682, 'latency_p50': 0.7219314575195312, 'latency_p95': 0.9513020515441892, 'latency_p99': 1.0404610633850098, 'latency_p999': 1.1253366470336916, 'distance_computations': 2138.0457, 'distance_type': 'l2', 'ef_search': 300}
INFO:root:Metrics: {'node_links': 16, 'ef_construction': 100, 'recall': 0.9996549999999954, 'qps': 766.1624633322663, 'latency_p50': 1.3072490692138672, 'latency_p95': 1.7130494117736814, 'latency_p99': 1.8725395202636719, 'latency_p999': 2.0196466445922856, 'distance_computations': 3610.3508, 'distance_type': 'l2', 'ef_search': 500}
INFO:root:Metrics: {'node_links': 16, 'ef_construction': 100, 'recall': 0.9999049999999985, 'qps': 288.4624603085098, 'latency_p50': 3.4914016723632812, 'latency_p95': 4.359781742095946, 'latency_p99': 4.683742523193359, 'latency_p999': 4.98463344573975, 'distance_computations': 8668.6614, 'distance_type': 'l2', 'ef_search': 1000}
INFO:root:Building index_type='flatnav'
INFO:root:Indexing time = 1.6172690391540527 seconds
INFO:root:Metrics: {'node_links': 16, 'ef_construction': 200, 'recall': 0.9741219999999188, 'qps': 4822.0744408109695, 'latency_p50': 0.20742416381835938, 'latency_p95': 0.2639293670654297, 'latency_p99': 0.2930188179016114, 'latency_p999': 0.3447568416595466, 'distance_computations': 711.1239, 'distance_type': 'l2', 'ef_search': 3000}
INFO:root:Metrics: {'node_links': 16, 'ef_construction': 200, 'recall': 0.9943849999999654, 'qps': 2853.3264524668157, 'latency_p50': 0.35071372985839844, 'latency_p95': 0.4539608955383299, 'latency_p99': 0.4963874816894531, 'latency_p999': 0.5426416397094729, 'distance_computations': 1124.1674, 'distance_type': 'l2', 'ef_search': 100}
INFO:root:Metrics: {'node_links': 16, 'ef_construction': 200, 'recall': 0.9976819999999805, 'qps': 2066.446465327059, 'latency_p50': 0.4830360412597656, 'latency_p95': 0.633728504180908, 'latency_p99': 0.6926083564758301, 'latency_p999': 0.7522106170654297, 'distance_computations': 1491.6139, 'distance_type': 'l2', 'ef_search': 200}
INFO:root:Metrics: {'node_links': 16, 'ef_construction': 200, 'recall': 0.9992689999999922, 'qps': 1360.7121387553273, 'latency_p50': 0.7338523864746094, 'latency_p95': 0.9698867797851562, 'latency_p99': 1.064305305480957, 'latency_p999': 1.1682512760162354, 'distance_computations': 2159.4345, 'distance_type': 'l2', 'ef_search': 300}
INFO:root:Metrics: {'node_links': 16, 'ef_construction': 200, 'recall': 0.9998249999999976, 'qps': 755.1374566527334, 'latency_p50': 1.3276338577270508, 'latency_p95': 1.743316650390625, 'latency_p99': 1.902115345001221, 'latency_p999': 2.0532641410827646, 'distance_computations': 3639.4664, 'distance_type': 'l2', 'ef_search': 500}
INFO:root:Metrics: {'node_links': 16, 'ef_construction': 200, 'recall': 0.9999679999999995, 'qps': 286.0622083326678, 'latency_p50': 3.522038459777832, 'latency_p95': 4.413628578186035, 'latency_p99': 4.739539623260498, 'latency_p999': 5.0280268192291295, 'distance_computations': 8698.9403, 'distance_type': 'l2', 'ef_search': 1000}
INFO:root:Building index_type='flatnav'
INFO:root:Indexing time = 2.218696355819702 seconds
INFO:root:Metrics: {'node_links': 16, 'ef_construction': 300, 'recall': 0.9748199999999184, 'qps': 4814.874933676863, 'latency_p50': 0.20766258239746094, 'latency_p95': 0.2646446228027344, 'latency_p99': 0.29206514358520513, 'latency_p999': 0.34260845184326194, 'distance_computations': 712.8711, 'distance_type': 'l2', 'ef_search': 3000}
INFO:root:Metrics: {'node_links': 16, 'ef_construction': 300, 'recall': 0.9946929999999662, 'qps': 2845.9738156816584, 'latency_p50': 0.3516674041748047, 'latency_p95': 0.4553794860839844, 'latency_p99': 0.49805879592895513, 'latency_p999': 0.5478889942169196, 'distance_computations': 1128.1365, 'distance_type': 'l2', 'ef_search': 100}
INFO:root:Metrics: {'node_links': 16, 'ef_construction': 300, 'recall': 0.9978969999999822, 'qps': 2058.7477084961706, 'latency_p50': 0.4856586456298828, 'latency_p95': 0.6353855133056641, 'latency_p99': 0.6980943679809571, 'latency_p999': 0.7605595588684091, 'distance_computations': 1497.6708, 'distance_type': 'l2', 'ef_search': 200}
INFO:root:Metrics: {'node_links': 16, 'ef_construction': 300, 'recall': 0.9993559999999934, 'qps': 1356.5421717067095, 'latency_p50': 0.7364749908447266, 'latency_p95': 0.9725213050842283, 'latency_p99': 1.070263385772705, 'latency_p999': 1.1560950279235847, 'distance_computations': 2168.1502, 'distance_type': 'l2', 'ef_search': 300}
INFO:root:Metrics: {'node_links': 16, 'ef_construction': 300, 'recall': 0.9998729999999983, 'qps': 752.8385061083463, 'latency_p50': 1.3316869735717773, 'latency_p95': 1.7538309097290035, 'latency_p99': 1.913092136383057, 'latency_p999': 2.0809223651885995, 'distance_computations': 3651.6213, 'distance_type': 'l2', 'ef_search': 500}
INFO:root:Metrics: {'node_links': 16, 'ef_construction': 300, 'recall': 0.9999819999999996, 'qps': 285.83848861634294, 'latency_p50': 3.5276412963867188, 'latency_p95': 4.429113864898682, 'latency_p99': 4.768869876861573, 'latency_p999': 5.070925951004028, 'distance_computations': 8709.7458, 'distance_type': 'l2', 'ef_search': 1000}
/cluster/home/emmanueq/code/flatnav/venv/lib/python3.11/site-packages/numpy/core/getlimits.py:549: UserWarning: The value of the smallest subnormal for <class 'numpy.float64'> type is zero.
  setattr(self, word, getattr(machar, word).flat[0])
/cluster/home/emmanueq/code/flatnav/venv/lib/python3.11/site-packages/numpy/core/getlimits.py:89: UserWarning: The value of the smallest subnormal for <class 'numpy.float64'> type is zero.
  return self._float_to_str(self.smallest_subnormal)
