INFO:root:Dataset: mnist-784
INFO:root:Train data shape: (60000, 784)
INFO:root:Queries shape: (10000, 784)
INFO:root:Ground truth shape: (10000, 100)
INFO:root:
============================================================
INFO:root:Running experiment with 5.0% pruning
INFO:root:============================================================
INFO:root:Building index...
INFO:root:Indexing time = 2.173093557357788 seconds
Traceback (most recent call last):
  File "/cluster/home/emmanueq/code/flatnav/experiments/hub_pruning_experiment.py", line 659, in <module>
    main()
  File "/cluster/home/emmanueq/code/flatnav/experiments/hub_pruning_experiment.py", line 547, in main
    results = run_pruning_experiment(
              ^^^^^^^^^^^^^^^^^^^^^^^
  File "/cluster/home/emmanueq/code/flatnav/experiments/hub_pruning_experiment.py", line 215, in run_pruning_experiment
    index = train_index(
            ^^^^^^^^^^^^
  File "/cluster/home/emmanueq/code/flatnav/experiments/run_benchmark.py", line 228, in train_index
    index = flatnav.index.create(
            ^^^^^^^^^^^^^^^^^^^^^
TypeError: create(): incompatible function arguments. The following argument types are supported:
    1. (distance_type: str, dim: int, dataset_size: int, max_edges_per_node: int, index_data_type: flatnav._core.data_type.DataType = <DataType.float32: 9>, verbose: bool = False, collect_stats: bool = False) -> object

Invoked with: kwargs: distance_type='l2', index_data_type=<DataType.float32: 9>, dim=784, dataset_size=60000, max_edges_per_node=32, verbose=False, collect_stats=True, use_random_initialization=True, random_seed=42
make: *** [Makefile:804: hub-pruning-mnist] Error 1
