INFO:root:Building index_type='flatnav'
INFO:root:Indexing time = 1.1070282459259033 seconds
INFO:root:Metrics: {'node_links': 32, 'ef_construction': 30, 'recall': 0.9708149999999274, 'qps': 5413.435006639818, 'latency_p50': 0.1823902130126953, 'latency_p95': 0.24771690368652344, 'latency_p99': 0.2841949462890625, 'latency_p999': 0.3566761016845707, 'distance_computations': 0.0}
INFO:root:Metrics: {'node_links': 32, 'ef_construction': 30, 'recall': 0.9883329999999498, 'qps': 3251.896317459456, 'latency_p50': 0.30541419982910156, 'latency_p95': 0.4160523414611815, 'latency_p99': 0.4699230194091797, 'latency_p999': 0.5338222980499274, 'distance_computations': 0.0, 'distance_type': 'l2', 'ef_search': 100}
INFO:root:Memory: index=187.4MB, search=26.1MB
INFO:root:Building index_type='flatnav'
INFO:root:Indexing time = 1.079923152923584 seconds
INFO:root:Metrics: {'node_links': 32, 'ef_construction': 40, 'recall': 0.9785389999999333, 'qps': 5198.707878830546, 'latency_p50': 0.19097328186035156, 'latency_p95': 0.2536773681640625, 'latency_p99': 0.2892017364501953, 'latency_p999': 0.35739159584045455, 'distance_computations': 0.0, 'distance_type': 'l2', 'ef_search': 200}
INFO:root:Metrics: {'node_links': 32, 'ef_construction': 40, 'recall': 0.9925239999999556, 'qps': 3109.1880448004936, 'latency_p50': 0.31948089599609375, 'latency_p95': 0.43272972106933594, 'latency_p99': 0.48661231994628906, 'latency_p999': 0.5557556152343754, 'distance_computations': 0.0, 'distance_type': 'l2', 'ef_search': 100}
INFO:root:Memory: index=186.9MB, search=-0.9MB
INFO:root:Building index_type='flatnav'
INFO:root:Indexing time = 1.117924690246582 seconds
INFO:root:Metrics: {'node_links': 32, 'ef_construction': 50, 'recall': 0.9820269999999358, 'qps': 5107.5466142489, 'latency_p50': 0.19478797912597656, 'latency_p95': 0.25844573974609375, 'latency_p99': 0.2906322479248047, 'latency_p999': 0.33426403999328635, 'distance_computations': 0.0, 'distance_type': 'l2', 'ef_search': 200}
INFO:root:Metrics: {'node_links': 32, 'ef_construction': 50, 'recall': 0.9942709999999592, 'qps': 3055.258436899136, 'latency_p50': 0.3249645233154297, 'latency_p95': 0.44035911560058594, 'latency_p99': 0.49614906311035156, 'latency_p999': 0.552420139312745, 'distance_computations': 0.0, 'distance_type': 'l2', 'ef_search': 100}
INFO:root:Memory: index=187.3MB, search=0.1MB
INFO:root:Building index_type='flatnav'
INFO:root:Indexing time = 1.2518186569213867 seconds
INFO:root:Metrics: {'node_links': 32, 'ef_construction': 100, 'recall': 0.9872649999999363, 'qps': 4588.267815962317, 'latency_p50': 0.21791458129882812, 'latency_p95': 0.2903938293457031, 'latency_p99': 0.32425165176391607, 'latency_p999': 0.3645422458648682, 'distance_computations': 0.0, 'distance_type': 'l2', 'ef_search': 200}
INFO:root:Metrics: {'node_links': 32, 'ef_construction': 100, 'recall': 0.995736999999957, 'qps': 2744.8685019261115, 'latency_p50': 0.3629922866821289, 'latency_p95': 0.49757957458496094, 'latency_p99': 0.5567073822021484, 'latency_p999': 0.6151208877563479, 'distance_computations': 0.0, 'distance_type': 'l2', 'ef_search': 100}
INFO:root:Memory: index=187.5MB, search=0.1MB
/cluster/home/emmanueq/code/flatnav/venv/lib/python3.11/site-packages/numpy/core/getlimits.py:549: UserWarning: The value of the smallest subnormal for <class 'numpy.float64'> type is zero.
  setattr(self, word, getattr(machar, word).flat[0])
/cluster/home/emmanueq/code/flatnav/venv/lib/python3.11/site-packages/numpy/core/getlimits.py:89: UserWarning: The value of the smallest subnormal for <class 'numpy.float64'> type is zero.
  return self._float_to_str(self.smallest_subnormal)
/cluster/home/emmanueq/code/flatnav/experiments/plotting/plot.py:189: RuntimeWarning: Mean of empty slice.
  return -np.log(np.array(y_values)).mean()
/cluster/home/emmanueq/code/flatnav/venv/lib/python3.11/site-packages/numpy/core/_methods.py:129: RuntimeWarning: invalid value encountered in scalar divide
  ret = ret.dtype.type(ret / rcount)
