INFO:root:Building index_type='hnsw'
INFO:root:Indexing time = 70.30502700805664 seconds
INFO:root:Metrics: {'node_links': 32, 'ef_construction': 30, 'recall': 0.7492739999999886, 'qps': 5463.1059974147865, 'latency_p50': 0.1842975616455078, 'latency_p95': 0.2334117889404297, 'latency_p99': 0.2646446228027344, 'latency_p999': 0.3764679431915293, 'distance_computations': 1970.8017}
INFO:root:Metrics: {'node_links': 32, 'ef_construction': 30, 'recall': 0.8431439999999738, 'qps': 3083.758183240776, 'latency_p50': 0.32901763916015625, 'latency_p95': 0.4074573516845703, 'latency_p99': 0.44083833694458013, 'latency_p999': 0.5865294933319132, 'distance_computations': 5635.4085, 'distance_type': 'l2', 'ef_search': 100}
INFO:root:Metrics: {'node_links': 32, 'ef_construction': 30, 'recall': 0.8839829999999663, 'qps': 2156.5322225752197, 'latency_p50': 0.4711151123046875, 'latency_p95': 0.5815029144287109, 'latency_p99': 0.6215620040893556, 'latency_p999': 0.8089692592620881, 'distance_computations': 10972.9796, 'distance_type': 'l2', 'ef_search': 200}
INFO:root:Metrics: {'node_links': 32, 'ef_construction': 30, 'recall': 0.9225629999999508, 'qps': 1356.3413026568458, 'latency_p50': 0.7474422454833984, 'latency_p95': 0.9269833564758299, 'latency_p99': 1.0039854049682617, 'latency_p999': 1.3914616107940778, 'distance_computations': 19616.7521, 'distance_type': 'l2', 'ef_search': 300}
INFO:root:Metrics: {'node_links': 32, 'ef_construction': 30, 'recall': 0.9568559999999414, 'qps': 722.3201003514744, 'latency_p50': 1.4020204544067383, 'latency_p95': 1.7419099807739253, 'latency_p99': 1.8568086624145508, 'latency_p999': 2.9819691181183, 'distance_computations': 36348.0136, 'distance_type': 'l2', 'ef_search': 500}
INFO:root:Metrics: {'node_links': 32, 'ef_construction': 30, 'recall': 0.983840999999947, 'qps': 274.2767001128985, 'latency_p50': 3.6630630493164062, 'latency_p95': 4.6253204345703125, 'latency_p99': 5.121014118194581, 'latency_p999': 15.189052343368651, 'distance_computations': 84362.2475, 'distance_type': 'l2', 'ef_search': 1000}
INFO:root:Memory: index=6238.0MB, search=31.8MB
INFO:root:Building index_type='hnsw'
INFO:root:Indexing time = 86.51909375190735 seconds
INFO:root:Metrics: {'node_links': 32, 'ef_construction': 40, 'recall': 0.7849499999999894, 'qps': 5097.81839153245, 'latency_p50': 0.19884109497070312, 'latency_p95': 0.24771690368652344, 'latency_p99': 0.27299165725708013, 'latency_p999': 0.3509540557861332, 'distance_computations': 2139.6811, 'distance_type': 'l2', 'ef_search': 3000}
INFO:root:Metrics: {'node_links': 32, 'ef_construction': 40, 'recall': 0.8734159999999731, 'qps': 2842.990712485613, 'latency_p50': 0.35631656646728516, 'latency_p95': 0.4417896270751953, 'latency_p99': 0.47707557678222656, 'latency_p999': 0.7457752227783208, 'distance_computations': 6148.1869, 'distance_type': 'l2', 'ef_search': 100}
INFO:root:Metrics: {'node_links': 32, 'ef_construction': 40, 'recall': 0.9104839999999594, 'qps': 1996.8426084091736, 'latency_p50': 0.5080699920654297, 'latency_p95': 0.6284713745117188, 'latency_p99': 0.6780672073364259, 'latency_p999': 1.0452601909637518, 'distance_computations': 12010.2339, 'distance_type': 'l2', 'ef_search': 200}
INFO:root:Metrics: {'node_links': 32, 'ef_construction': 40, 'recall': 0.9435369999999506, 'qps': 1272.0175541469755, 'latency_p50': 0.7987022399902344, 'latency_p95': 0.9934902191162109, 'latency_p99': 1.0652565956115723, 'latency_p999': 1.6431918144226096, 'distance_computations': 21536.2609, 'distance_type': 'l2', 'ef_search': 300}
INFO:root:Metrics: {'node_links': 32, 'ef_construction': 40, 'recall': 0.9708819999999448, 'qps': 678.7203892472203, 'latency_p50': 1.4996528625488281, 'latency_p95': 1.878499984741211, 'latency_p99': 2.0008158683776855, 'latency_p999': 2.7628612518310685, 'distance_computations': 40068.7579, 'distance_type': 'l2', 'ef_search': 500}
INFO:root:Metrics: {'node_links': 32, 'ef_construction': 40, 'recall': 0.9901629999999554, 'qps': 255.86165605232932, 'latency_p50': 3.9343833923339844, 'latency_p95': 5.016601085662841, 'latency_p99': 5.443127155303956, 'latency_p999': 16.323417663574286, 'distance_computations': 93645.1682, 'distance_type': 'l2', 'ef_search': 1000}
INFO:root:Memory: index=5881.4MB, search=0.7MB
INFO:root:Building index_type='hnsw'
INFO:root:Indexing time = 104.21511220932007 seconds
INFO:root:Metrics: {'node_links': 32, 'ef_construction': 50, 'recall': 0.8054219999999823, 'qps': 4827.488494111156, 'latency_p50': 0.21004676818847656, 'latency_p95': 0.2613067626953125, 'latency_p99': 0.287773609161377, 'latency_p999': 0.40579485893249645, 'distance_computations': 2248.3806, 'distance_type': 'l2', 'ef_search': 3000}
INFO:root:Metrics: {'node_links': 32, 'ef_construction': 50, 'recall': 0.890155999999965, 'qps': 2686.7199052170345, 'latency_p50': 0.37932395935058594, 'latency_p95': 0.4665851593017578, 'latency_p99': 0.4963874816894531, 'latency_p999': 0.638723611831665, 'distance_computations': 6485.6557, 'distance_type': 'l2', 'ef_search': 100}
INFO:root:Metrics: {'node_links': 32, 'ef_construction': 50, 'recall': 0.9241069999999545, 'qps': 1854.403203101236, 'latency_p50': 0.5459785461425781, 'latency_p95': 0.6778240203857422, 'latency_p99': 0.7479238510131837, 'latency_p999': 1.243884325027477, 'distance_computations': 12698.3981, 'distance_type': 'l2', 'ef_search': 200}
INFO:root:Metrics: {'node_links': 32, 'ef_construction': 50, 'recall': 0.954040999999948, 'qps': 1192.736346938386, 'latency_p50': 0.8537769317626953, 'latency_p95': 1.062643527984619, 'latency_p99': 1.1399126052856452, 'latency_p999': 1.6656134128570599, 'distance_computations': 22827.811, 'distance_type': 'l2', 'ef_search': 300}
INFO:root:Metrics: {'node_links': 32, 'ef_construction': 50, 'recall': 0.9775959999999475, 'qps': 639.6224299114448, 'latency_p50': 1.5832185745239258, 'latency_p95': 1.9960403442382812, 'latency_p99': 2.1317410469055185, 'latency_p999': 3.7069127559669597, 'distance_computations': 42610.5812, 'distance_type': 'l2', 'ef_search': 500}
INFO:root:Metrics: {'node_links': 32, 'ef_construction': 50, 'recall': 0.9931919999999612, 'qps': 247.51465702528668, 'latency_p50': 4.072785377502441, 'latency_p95': 5.232846736907958, 'latency_p99': 5.753791332244873, 'latency_p999': 13.145747900009216, 'distance_computations': 100098.6368, 'distance_type': 'l2', 'ef_search': 1000}
INFO:root:Memory: index=5657.3MB, search=-1.1MB
INFO:root:Building index_type='hnsw'
INFO:root:Indexing time = 182.34235310554504 seconds
INFO:root:Metrics: {'node_links': 32, 'ef_construction': 100, 'recall': 0.8409099999999802, 'qps': 4378.155900739765, 'latency_p50': 0.2307891845703125, 'latency_p95': 0.28133392333984375, 'latency_p99': 0.3139996528625489, 'latency_p999': 0.5309605598449711, 'distance_computations': 2491.2139, 'distance_type': 'l2', 'ef_search': 3000}
INFO:root:Metrics: {'node_links': 32, 'ef_construction': 100, 'recall': 0.9199219999999579, 'qps': 2458.3423521700565, 'latency_p50': 0.4153251647949219, 'latency_p95': 0.5049824714660642, 'latency_p99': 0.5464601516723634, 'latency_p999': 0.808239221572876, 'distance_computations': 7228.6965, 'distance_type': 'l2', 'ef_search': 100}
INFO:root:Metrics: {'node_links': 32, 'ef_construction': 100, 'recall': 0.9492889999999484, 'qps': 1710.4476635648937, 'latency_p50': 0.598907470703125, 'latency_p95': 0.7302761077880859, 'latency_p99': 0.775580406188965, 'latency_p999': 1.0962681770324747, 'distance_computations': 14207.5436, 'distance_type': 'l2', 'ef_search': 200}
INFO:root:Metrics: {'node_links': 32, 'ef_construction': 100, 'recall': 0.972369999999944, 'qps': 1082.8975442753326, 'latency_p50': 0.9436607360839844, 'latency_p95': 1.1644363403320312, 'latency_p99': 1.2409710884094238, 'latency_p999': 1.774824142456062, 'distance_computations': 25648.2336, 'distance_type': 'l2', 'ef_search': 300}
INFO:root:Metrics: {'node_links': 32, 'ef_construction': 100, 'recall': 0.9886099999999588, 'qps': 576.1101286692801, 'latency_p50': 1.7626285552978516, 'latency_p95': 2.2220730781555176, 'latency_p99': 2.4183225631713876, 'latency_p999': 4.693527936935526, 'distance_computations': 48154.7731, 'distance_type': 'l2', 'ef_search': 500}
INFO:root:Metrics: {'node_links': 32, 'ef_construction': 100, 'recall': 0.9974959999999786, 'qps': 227.8280468980624, 'latency_p50': 4.419445991516113, 'latency_p95': 5.735659599304199, 'latency_p99': 6.250407695770264, 'latency_p999': 14.445338964462286, 'distance_computations': 114328.2331, 'distance_type': 'l2', 'ef_search': 1000}
INFO:root:Memory: index=5651.7MB, search=-0.1MB
INFO:root:Building index_type='hnsw'
INFO:root:Indexing time = 326.13009238243103 seconds
INFO:root:Metrics: {'node_links': 32, 'ef_construction': 200, 'recall': 0.8537759999999782, 'qps': 4293.618838632644, 'latency_p50': 0.23746490478515625, 'latency_p95': 0.286102294921875, 'latency_p99': 0.3080391883850098, 'latency_p999': 0.393635988235475, 'distance_computations': 2590.7473, 'distance_type': 'l2', 'ef_search': 3000}
INFO:root:Metrics: {'node_links': 32, 'ef_construction': 200, 'recall': 0.9309479999999541, 'qps': 2354.552239455315, 'latency_p50': 0.43392181396484375, 'latency_p95': 0.5242824554443359, 'latency_p99': 0.5614829063415528, 'latency_p999': 0.8397293090820351, 'distance_computations': 7542.1861, 'distance_type': 'l2', 'ef_search': 100}
INFO:root:Metrics: {'node_links': 32, 'ef_construction': 200, 'recall': 0.9583299999999492, 'qps': 1632.6719998829108, 'latency_p50': 0.6253719329833984, 'latency_p95': 0.7567405700683594, 'latency_p99': 0.808968544006348, 'latency_p999': 1.2991724014282287, 'distance_computations': 14854.5809, 'distance_type': 'l2', 'ef_search': 200}
INFO:root:Metrics: {'node_links': 32, 'ef_construction': 200, 'recall': 0.9789999999999467, 'qps': 1039.9414957534461, 'latency_p50': 0.9837150573730469, 'latency_p95': 1.207113265991211, 'latency_p99': 1.2750673294067383, 'latency_p999': 1.9853224754333518, 'distance_computations': 26878.3594, 'distance_type': 'l2', 'ef_search': 300}
INFO:root:Metrics: {'node_links': 32, 'ef_construction': 200, 'recall': 0.992443999999964, 'qps': 557.6165309485987, 'latency_p50': 1.8224716186523438, 'latency_p95': 2.2833585739135738, 'latency_p99': 2.467162609100342, 'latency_p999': 5.306941747665742, 'distance_computations': 50624.6981, 'distance_type': 'l2', 'ef_search': 500}
INFO:root:Metrics: {'node_links': 32, 'ef_construction': 200, 'recall': 0.9987519999999868, 'qps': 218.99556635562988, 'latency_p50': 4.600167274475098, 'latency_p95': 5.957627296447754, 'latency_p99': 6.41920566558838, 'latency_p999': 12.909727096558264, 'distance_computations': 120878.4083, 'distance_type': 'l2', 'ef_search': 1000}
INFO:root:Memory: index=5636.7MB, search=0.0MB
INFO:root:Building index_type='hnsw'
INFO:root:Indexing time = 460.94593262672424 seconds
INFO:root:Metrics: {'node_links': 32, 'ef_construction': 300, 'recall': 0.8565749999999752, 'qps': 4254.73226040158, 'latency_p50': 0.2391338348388672, 'latency_p95': 0.2880096435546875, 'latency_p99': 0.3137612342834473, 'latency_p999': 0.4177131652832039, 'distance_computations': 2619.5452, 'distance_type': 'l2', 'ef_search': 3000}
INFO:root:Metrics: {'node_links': 32, 'ef_construction': 300, 'recall': 0.9336869999999501, 'qps': 2330.9211289354434, 'latency_p50': 0.43773651123046875, 'latency_p95': 0.5283474922180174, 'latency_p99': 0.5748343467712403, 'latency_p999': 0.8647637367248575, 'distance_computations': 7631.8705, 'distance_type': 'l2', 'ef_search': 100}
INFO:root:Metrics: {'node_links': 32, 'ef_construction': 300, 'recall': 0.960686999999947, 'qps': 1617.3016679827017, 'latency_p50': 0.6291866302490234, 'latency_p95': 0.762939453125, 'latency_p99': 0.8063316345214844, 'latency_p999': 1.506870269775404, 'distance_computations': 15038.8939, 'distance_type': 'l2', 'ef_search': 200}
INFO:root:Metrics: {'node_links': 32, 'ef_construction': 300, 'recall': 0.9806779999999476, 'qps': 1041.4317004276886, 'latency_p50': 0.9806156158447266, 'latency_p95': 1.2047290802001953, 'latency_p99': 1.27410888671875, 'latency_p999': 2.033000707626344, 'distance_computations': 27226.5243, 'distance_type': 'l2', 'ef_search': 300}
INFO:root:Metrics: {'node_links': 32, 'ef_construction': 300, 'recall': 0.9933259999999682, 'qps': 560.3481997694001, 'latency_p50': 1.8095970153808594, 'latency_p95': 2.2749900817871094, 'latency_p99': 2.4404788017272954, 'latency_p999': 3.975133657455489, 'distance_computations': 51322.4916, 'distance_type': 'l2', 'ef_search': 500}
INFO:root:Metrics: {'node_links': 32, 'ef_construction': 300, 'recall': 0.9990049999999896, 'qps': 219.99447598976556, 'latency_p50': 4.579663276672363, 'latency_p95': 5.920195579528809, 'latency_p99': 6.415412425994874, 'latency_p999': 13.881260633468832, 'distance_computations': 122739.0854, 'distance_type': 'l2', 'ef_search': 1000}
INFO:root:Memory: index=5600.7MB, search=0.1MB
/cluster/home/emmanueq/code/flatnav/venv/lib/python3.11/site-packages/numpy/core/getlimits.py:549: UserWarning: The value of the smallest subnormal for <class 'numpy.float64'> type is zero.
  setattr(self, word, getattr(machar, word).flat[0])
/cluster/home/emmanueq/code/flatnav/venv/lib/python3.11/site-packages/numpy/core/getlimits.py:89: UserWarning: The value of the smallest subnormal for <class 'numpy.float64'> type is zero.
  return self._float_to_str(self.smallest_subnormal)
