INFO:root:Building index_type='flatnav'
INFO:root:Indexing time = 0.49660277366638184 seconds
INFO:root:Metrics: {'node_links': 32, 'ef_construction': 30, 'recall': 0.9672159999999232, 'qps': 3887.31460248138, 'latency_p50': 0.25725364685058594, 'latency_p95': 0.33164024353027344, 'latency_p99': 0.38051605224609375, 'latency_p999': 0.48280668258667175, 'distance_computations': 802.0391}
INFO:root:Metrics: {'node_links': 32, 'ef_construction': 30, 'recall': 0.9878749999999543, 'qps': 2353.442473752237, 'latency_p50': 0.4246234893798828, 'latency_p95': 0.54931640625, 'latency_p99': 0.6067776679992676, 'latency_p999': 0.7030990123748785, 'distance_computations': 1260.5366, 'distance_type': 'l2', 'ef_search': 100}
INFO:root:Metrics: {'node_links': 32, 'ef_construction': 30, 'recall': 0.9924419999999616, 'qps': 1713.3471589419946, 'latency_p50': 0.5838871002197266, 'latency_p95': 0.7569789886474609, 'latency_p99': 0.8306527137756348, 'latency_p999': 0.9117140769958499, 'distance_computations': 1669.103, 'distance_type': 'l2', 'ef_search': 200}
INFO:root:Metrics: {'node_links': 32, 'ef_construction': 30, 'recall': 0.9954769999999671, 'qps': 1126.9486583659864, 'latency_p50': 0.8878707885742188, 'latency_p95': 1.1556148529052734, 'latency_p99': 1.2576603889465332, 'latency_p999': 1.3806831836700442, 'distance_computations': 2415.3078, 'distance_type': 'l2', 'ef_search': 300}
INFO:root:Metrics: {'node_links': 32, 'ef_construction': 30, 'recall': 0.9973269999999742, 'qps': 627.8776105835906, 'latency_p50': 1.595616340637207, 'latency_p95': 2.0532608032226562, 'latency_p99': 2.210669517517091, 'latency_p999': 2.384198665618899, 'distance_computations': 4083.5306, 'distance_type': 'l2', 'ef_search': 500}
INFO:root:Metrics: {'node_links': 32, 'ef_construction': 30, 'recall': 0.9989059999999855, 'qps': 237.11708458256214, 'latency_p50': 4.234790802001953, 'latency_p95': 5.161774158477783, 'latency_p99': 5.524408817291261, 'latency_p999': 5.816536426544205, 'distance_computations': 9806.8251, 'distance_type': 'l2', 'ef_search': 1000}
INFO:root:Building index_type='flatnav'
INFO:root:Indexing time = 0.5647866725921631 seconds
INFO:root:Metrics: {'node_links': 32, 'ef_construction': 40, 'recall': 0.9774849999999303, 'qps': 3853.9575409931113, 'latency_p50': 0.2598762512207031, 'latency_p95': 0.3383159637451172, 'latency_p99': 0.37860870361328125, 'latency_p999': 0.44727921485901, 'distance_computations': 823.9735, 'distance_type': 'l2', 'ef_search': 3000}
INFO:root:Metrics: {'node_links': 32, 'ef_construction': 40, 'recall': 0.9925209999999626, 'qps': 2311.934405352275, 'latency_p50': 0.4334449768066406, 'latency_p95': 0.5674362182617188, 'latency_p99': 0.6227540969848634, 'latency_p999': 0.6957058906555177, 'distance_computations': 1285.5087, 'distance_type': 'l2', 'ef_search': 100}
INFO:root:Metrics: {'node_links': 32, 'ef_construction': 40, 'recall': 0.995801999999973, 'qps': 1687.7944246380166, 'latency_p50': 0.5924701690673828, 'latency_p95': 0.7860779762268064, 'latency_p99': 0.8597445487976075, 'latency_p999': 0.9477145671844484, 'distance_computations': 1693.1656, 'distance_type': 'l2', 'ef_search': 200}
INFO:root:Metrics: {'node_links': 32, 'ef_construction': 40, 'recall': 0.9976219999999808, 'qps': 1126.248638342179, 'latency_p50': 0.8890628814697266, 'latency_p95': 1.1844635009765625, 'latency_p99': 1.2979602813720705, 'latency_p999': 1.4190740585327162, 'distance_computations': 2429.505, 'distance_type': 'l2', 'ef_search': 300}
INFO:root:Metrics: {'node_links': 32, 'ef_construction': 40, 'recall': 0.9988169999999865, 'qps': 631.7971071453544, 'latency_p50': 1.5870332717895508, 'latency_p95': 2.095949649810791, 'latency_p99': 2.296934127807617, 'latency_p999': 2.480046749114994, 'distance_computations': 4056.0695, 'distance_type': 'l2', 'ef_search': 500}
INFO:root:Metrics: {'node_links': 32, 'ef_construction': 40, 'recall': 0.9996249999999942, 'qps': 241.64359475589134, 'latency_p50': 4.153847694396973, 'latency_p95': 5.187320709228515, 'latency_p99': 5.5887722969055185, 'latency_p999': 5.976470470428473, 'distance_computations': 9593.4694, 'distance_type': 'l2', 'ef_search': 1000}
INFO:root:Building index_type='flatnav'
INFO:root:Indexing time = 0.6786608695983887 seconds
INFO:root:Metrics: {'node_links': 32, 'ef_construction': 50, 'recall': 0.9814119999999382, 'qps': 3718.7874794291215, 'latency_p50': 0.2694129943847656, 'latency_p95': 0.35262107849121094, 'latency_p99': 0.39386749267578125, 'latency_p999': 0.4489445686340337, 'distance_computations': 853.2914, 'distance_type': 'l2', 'ef_search': 3000}
INFO:root:Metrics: {'node_links': 32, 'ef_construction': 50, 'recall': 0.9944129999999691, 'qps': 2241.290992640399, 'latency_p50': 0.44727325439453125, 'latency_p95': 0.5910396575927734, 'latency_p99': 0.6473088264465332, 'latency_p999': 0.7259874343872076, 'distance_computations': 1331.9005, 'distance_type': 'l2', 'ef_search': 100}
INFO:root:Metrics: {'node_links': 32, 'ef_construction': 50, 'recall': 0.9969779999999777, 'qps': 1631.841907845198, 'latency_p50': 0.6139278411865234, 'latency_p95': 0.8196949958801267, 'latency_p99': 0.9031319618225098, 'latency_p999': 0.9942064285278323, 'distance_computations': 1752.484, 'distance_type': 'l2', 'ef_search': 200}
INFO:root:Metrics: {'node_links': 32, 'ef_construction': 50, 'recall': 0.9984189999999841, 'qps': 1095.9999163818422, 'latency_p50': 0.914454460144043, 'latency_p95': 1.2245297431945799, 'latency_p99': 1.3499355316162112, 'latency_p999': 1.475814580917359, 'distance_computations': 2509.6308, 'distance_type': 'l2', 'ef_search': 300}
INFO:root:Metrics: {'node_links': 32, 'ef_construction': 50, 'recall': 0.9992129999999901, 'qps': 617.5913187030851, 'latency_p50': 1.62506103515625, 'latency_p95': 2.160310745239258, 'latency_p99': 2.372748851776123, 'latency_p999': 2.5725386142730717, 'distance_computations': 4174.0174, 'distance_type': 'l2', 'ef_search': 500}
INFO:root:Metrics: {'node_links': 32, 'ef_construction': 50, 'recall': 0.9997059999999952, 'qps': 237.4752640077476, 'latency_p50': 4.224538803100586, 'latency_p95': 5.315303802490234, 'latency_p99': 5.717799663543702, 'latency_p999': 6.10566258430481, 'distance_computations': 9809.3425, 'distance_type': 'l2', 'ef_search': 1000}
INFO:root:Building index_type='flatnav'
INFO:root:Indexing time = 1.1971206665039062 seconds
INFO:root:Metrics: {'node_links': 32, 'ef_construction': 100, 'recall': 0.988627999999948, 'qps': 3426.101752094496, 'latency_p50': 0.2930164337158203, 'latency_p95': 0.38552284240722656, 'latency_p99': 0.4265308380126953, 'latency_p999': 0.4801845550537129, 'distance_computations': 931.3063, 'distance_type': 'l2', 'ef_search': 3000}
INFO:root:Metrics: {'node_links': 32, 'ef_construction': 100, 'recall': 0.9974779999999815, 'qps': 2044.1477596297407, 'latency_p50': 0.492095947265625, 'latency_p95': 0.6616115570068359, 'latency_p99': 0.7274174690246582, 'latency_p999': 0.8053781986236572, 'distance_computations': 1457.2622, 'distance_type': 'l2', 'ef_search': 100}
INFO:root:Metrics: {'node_links': 32, 'ef_construction': 100, 'recall': 0.9988989999999898, 'qps': 1520.469477083774, 'latency_p50': 0.6616115570068359, 'latency_p95': 0.8995652198791502, 'latency_p99': 0.9925365447998047, 'latency_p999': 1.094585418701173, 'distance_computations': 1913.6243, 'distance_type': 'l2', 'ef_search': 200}
INFO:root:Metrics: {'node_links': 32, 'ef_construction': 100, 'recall': 0.9995149999999942, 'qps': 1015.2401579370692, 'latency_p50': 0.9911060333251953, 'latency_p95': 1.3556599617004392, 'latency_p99': 1.4941740036010742, 'latency_p999': 1.6355521678924563, 'distance_computations': 2726.7677, 'distance_type': 'l2', 'ef_search': 300}
INFO:root:Metrics: {'node_links': 32, 'ef_construction': 100, 'recall': 0.9998589999999978, 'qps': 582.0404710006379, 'latency_p50': 1.7294883728027344, 'latency_p95': 2.339172363281249, 'latency_p99': 2.5763535499572754, 'latency_p999': 2.8128690719604506, 'distance_computations': 4487.832, 'distance_type': 'l2', 'ef_search': 500}
INFO:root:Metrics: {'node_links': 32, 'ef_construction': 100, 'recall': 0.999954999999999, 'qps': 228.1866093873106, 'latency_p50': 4.409670829772949, 'latency_p95': 5.635321140289306, 'latency_p99': 6.083731651306152, 'latency_p999': 6.598952054977418, 'distance_computations': 10347.7488, 'distance_type': 'l2', 'ef_search': 1000}
INFO:root:Building index_type='flatnav'
INFO:root:Indexing time = 2.1736278533935547 seconds
INFO:root:Metrics: {'node_links': 32, 'ef_construction': 200, 'recall': 0.9913639999999552, 'qps': 3180.2908443454485, 'latency_p50': 0.31757354736328125, 'latency_p95': 0.4153251647949219, 'latency_p99': 0.4553842544555665, 'latency_p999': 0.49948883056640664, 'distance_computations': 1005.4918, 'distance_type': 'l2', 'ef_search': 3000}
INFO:root:Metrics: {'node_links': 32, 'ef_construction': 200, 'recall': 0.9984869999999868, 'qps': 1915.3881745545652, 'latency_p50': 0.5269050598144531, 'latency_p95': 0.7078647613525391, 'latency_p99': 0.7786774635314941, 'latency_p999': 0.852108955383301, 'distance_computations': 1581.8724, 'distance_type': 'l2', 'ef_search': 100}
INFO:root:Metrics: {'node_links': 32, 'ef_construction': 200, 'recall': 0.9994549999999947, 'qps': 1402.5259286312507, 'latency_p50': 0.7189512252807617, 'latency_p95': 0.9765744209289549, 'latency_p99': 1.0795760154724126, 'latency_p999': 1.1763586997985842, 'distance_computations': 2079.3171, 'distance_type': 'l2', 'ef_search': 200}
INFO:root:Metrics: {'node_links': 32, 'ef_construction': 200, 'recall': 0.999805999999998, 'qps': 948.2443941996247, 'latency_p50': 1.0612010955810547, 'latency_p95': 1.455545425415039, 'latency_p99': 1.6062283515930176, 'latency_p999': 1.7602529525756854, 'distance_computations': 2958.5878, 'distance_type': 'l2', 'ef_search': 300}
INFO:root:Metrics: {'node_links': 32, 'ef_construction': 200, 'recall': 0.9999669999999995, 'qps': 545.4396590835676, 'latency_p50': 1.8516778945922852, 'latency_p95': 2.511739730834961, 'latency_p99': 2.774477005004883, 'latency_p999': 3.0040819644927996, 'distance_computations': 4844.0385, 'distance_type': 'l2', 'ef_search': 500}
INFO:root:Metrics: {'node_links': 32, 'ef_construction': 200, 'recall': 0.9999949999999999, 'qps': 217.3505802596321, 'latency_p50': 4.643917083740234, 'latency_p95': 5.957150459289551, 'latency_p99': 6.421821117401123, 'latency_p999': 6.901266098022461, 'distance_computations': 10995.2161, 'distance_type': 'l2', 'ef_search': 1000}
INFO:root:Building index_type='flatnav'
INFO:root:Indexing time = 3.091157913208008 seconds
INFO:root:Metrics: {'node_links': 32, 'ef_construction': 300, 'recall': 0.9921909999999562, 'qps': 3063.858036631561, 'latency_p50': 0.3304481506347656, 'latency_p95': 0.42891502380371094, 'latency_p99': 0.4684925079345703, 'latency_p999': 0.5092647075653082, 'distance_computations': 1044.7851, 'distance_type': 'l2', 'ef_search': 3000}
INFO:root:Metrics: {'node_links': 32, 'ef_construction': 300, 'recall': 0.9987899999999886, 'qps': 1841.734786667351, 'latency_p50': 0.5497932434082031, 'latency_p95': 0.7336139678955078, 'latency_p99': 0.8051443099975587, 'latency_p999': 0.8761966228485124, 'distance_computations': 1650.0531, 'distance_type': 'l2', 'ef_search': 100}
INFO:root:Metrics: {'node_links': 32, 'ef_construction': 300, 'recall': 0.9995899999999952, 'qps': 1348.6741779865574, 'latency_p50': 0.7488727569580078, 'latency_p95': 1.011383533477783, 'latency_p99': 1.1208057403564453, 'latency_p999': 1.2271425724029545, 'distance_computations': 2171.6073, 'distance_type': 'l2', 'ef_search': 200}
INFO:root:Metrics: {'node_links': 32, 'ef_construction': 300, 'recall': 0.9998919999999986, 'qps': 911.1884814484805, 'latency_p50': 1.1076927185058594, 'latency_p95': 1.503956317901611, 'latency_p99': 1.6665577888488772, 'latency_p999': 1.821045398712159, 'distance_computations': 3091.0371, 'distance_type': 'l2', 'ef_search': 300}
INFO:root:Metrics: {'node_links': 32, 'ef_construction': 300, 'recall': 0.9999759999999994, 'qps': 526.8271885125129, 'latency_p50': 1.9179582595825195, 'latency_p95': 2.5839805603027344, 'latency_p99': 2.86461353302002, 'latency_p999': 3.090641260147099, 'distance_computations': 5051.5993, 'distance_type': 'l2', 'ef_search': 500}
INFO:root:Metrics: {'node_links': 32, 'ef_construction': 300, 'recall': 0.9999979999999999, 'qps': 211.41447982203115, 'latency_p50': 4.779219627380371, 'latency_p95': 6.104516983032226, 'latency_p99': 6.5856289863586435, 'latency_p999': 7.062481164932261, 'distance_computations': 11383.505, 'distance_type': 'l2', 'ef_search': 1000}
/cluster/home/emmanueq/code/flatnav/venv/lib/python3.11/site-packages/numpy/core/getlimits.py:549: UserWarning: The value of the smallest subnormal for <class 'numpy.float64'> type is zero.
  setattr(self, word, getattr(machar, word).flat[0])
/cluster/home/emmanueq/code/flatnav/venv/lib/python3.11/site-packages/numpy/core/getlimits.py:89: UserWarning: The value of the smallest subnormal for <class 'numpy.float64'> type is zero.
  return self._float_to_str(self.smallest_subnormal)
