INFO:root:Building index_type='hnsw'
INFO:root:Indexing time = 1.2292163372039795 seconds
INFO:root:Metrics: {'node_links': 32, 'ef_construction': 100, 'recall': 0.9888959999999495, 'qps': 3117.3849696597263, 'latency_p50': 0.3228187561035156, 'latency_p95': 0.43392181396484375, 'latency_p99': 0.4811286926269531, 'latency_p999': 0.5445489883422854, 'distance_computations': 1829.3451}
INFO:root:Metrics: {'node_links': 32, 'ef_construction': 100, 'recall': 0.9976069999999814, 'qps': 1981.8939654899493, 'latency_p50': 0.5061626434326172, 'latency_p95': 0.6921410560607908, 'latency_p99': 0.7762956619262696, 'latency_p999': 0.869991779327393, 'distance_computations': 5376.4179, 'distance_type': 'l2', 'ef_search': 100}
INFO:root:Metrics: {'node_links': 32, 'ef_construction': 100, 'recall': 0.9989299999999899, 'qps': 1477.8221017891944, 'latency_p50': 0.6794929504394531, 'latency_p95': 0.9441375732421875, 'latency_p99': 1.0538172721862795, 'latency_p999': 1.17684602737427, 'distance_computations': 10631.4687, 'distance_type': 'l2', 'ef_search': 200}
INFO:root:Metrics: {'node_links': 32, 'ef_construction': 100, 'recall': 0.9995339999999946, 'qps': 1000.5595475374946, 'latency_p50': 1.004338264465332, 'latency_p95': 1.4060020446777337, 'latency_p99': 1.5645194053649907, 'latency_p999': 1.7259223461151143, 'distance_computations': 19281.161, 'distance_type': 'l2', 'ef_search': 300}
INFO:root:Metrics: {'node_links': 32, 'ef_construction': 100, 'recall': 0.9998569999999978, 'qps': 576.3548131551628, 'latency_p50': 1.748800277709961, 'latency_p95': 2.431416511535644, 'latency_p99': 2.702958583831787, 'latency_p999': 2.9420924186706556, 'distance_computations': 36328.6817, 'distance_type': 'l2', 'ef_search': 500}
INFO:root:Metrics: {'node_links': 32, 'ef_construction': 100, 'recall': 0.9999609999999993, 'qps': 230.00721130569008, 'latency_p50': 4.387617111206055, 'latency_p95': 5.745410919189453, 'latency_p99': 6.248950958251953, 'latency_p999': 6.777786254882817, 'distance_computations': 86360.341, 'distance_type': 'l2', 'ef_search': 1000}
INFO:root:Building index_type='hnsw'
INFO:root:Indexing time = 2.162165403366089 seconds
INFO:root:Metrics: {'node_links': 32, 'ef_construction': 200, 'recall': 0.9913869999999554, 'qps': 3081.1467029344876, 'latency_p50': 0.3285408020019531, 'latency_p95': 0.43702125549316406, 'latency_p99': 0.48136949539184576, 'latency_p999': 0.5199911594390869, 'distance_computations': 1937.3989, 'distance_type': 'l2', 'ef_search': 3000}
INFO:root:Metrics: {'node_links': 32, 'ef_construction': 200, 'recall': 0.9985129999999864, 'qps': 1848.0727307111256, 'latency_p50': 0.5469322204589844, 'latency_p95': 0.7495999336242674, 'latency_p99': 0.8254289627075201, 'latency_p999': 0.911715745925904, 'distance_computations': 5707.6164, 'distance_type': 'l2', 'ef_search': 100}
INFO:root:Metrics: {'node_links': 32, 'ef_construction': 200, 'recall': 0.9994639999999945, 'qps': 1360.2597680831143, 'latency_p50': 0.7424354553222656, 'latency_p95': 1.0287761688232422, 'latency_p99': 1.134636402130127, 'latency_p999': 1.2514593601226807, 'distance_computations': 11303.3716, 'distance_type': 'l2', 'ef_search': 200}
INFO:root:Metrics: {'node_links': 32, 'ef_construction': 200, 'recall': 0.9998079999999978, 'qps': 925.802219892507, 'latency_p50': 1.0912418365478516, 'latency_p95': 1.5189647674560547, 'latency_p99': 1.6894459724426272, 'latency_p999': 1.8494133949279785, 'distance_computations': 20533.2154, 'distance_type': 'l2', 'ef_search': 300}
INFO:root:Metrics: {'node_links': 32, 'ef_construction': 200, 'recall': 0.9999649999999994, 'qps': 534.9924908774065, 'latency_p50': 1.891016960144043, 'latency_p95': 2.6219129562377925, 'latency_p99': 2.917768955230713, 'latency_p999': 3.196483612060548, 'distance_computations': 38778.9933, 'distance_type': 'l2', 'ef_search': 500}
INFO:root:Metrics: {'node_links': 32, 'ef_construction': 200, 'recall': 0.9999959999999999, 'qps': 215.72650203387727, 'latency_p50': 4.684329032897949, 'latency_p95': 6.109547615051269, 'latency_p99': 6.660757064819337, 'latency_p999': 7.198119163513188, 'distance_computations': 92598.2635, 'distance_type': 'l2', 'ef_search': 1000}
/cluster/home/emmanueq/code/flatnav/venv/lib/python3.11/site-packages/numpy/core/getlimits.py:549: UserWarning: The value of the smallest subnormal for <class 'numpy.float64'> type is zero.
  setattr(self, word, getattr(machar, word).flat[0])
/cluster/home/emmanueq/code/flatnav/venv/lib/python3.11/site-packages/numpy/core/getlimits.py:89: UserWarning: The value of the smallest subnormal for <class 'numpy.float64'> type is zero.
  return self._float_to_str(self.smallest_subnormal)
