INFO:root:Building index_type='flatnav'
INFO:root:Indexing time = 63.275551080703735 seconds
INFO:root:
Computing hub statistics...
INFO:root:================================================================================
INFO:root:Hub Node Statistics
INFO:root:================================================================================
INFO:root:Hub Percentile: 10.0%
INFO:root:--------------------------------------------------------------------------------
INFO:root:NODE CLASSIFICATION:
INFO:root:  Number of Hubs: 109212 (10.0%)
INFO:root:  Number of Regular Nodes: 890788 (90.0%)
INFO:root:  Hub Threshold (min in-degree): 21
INFO:root:--------------------------------------------------------------------------------
INFO:root:IN-DEGREE STATISTICS:
INFO:root:  Average Hub In-Degree: 35.79
INFO:root:  Average Regular In-Degree: 6.58
INFO:root:  Overall Average In-Degree: 9.77
INFO:root:  Median In-Degree: 6.00
INFO:root:  Max In-Degree: 1595
INFO:root:  Min In-Degree: 0
INFO:root:--------------------------------------------------------------------------------
INFO:root:CONNECTIVITY PATTERNS (Absolute Counts):
INFO:root:  Total Edges: 9767372
INFO:root:  Hub → Hub: 1162983
INFO:root:  Hub → Regular: 1811369
INFO:root:  Regular → Hub: 2745461
INFO:root:  Regular → Regular: 4047559
INFO:root:--------------------------------------------------------------------------------
INFO:root:CONNECTIVITY PATTERNS (Percentages):
INFO:root:  Hub → Hub: 11.91%
INFO:root:  Hub → Regular: 18.55%
INFO:root:  Regular → Hub: 28.11%
INFO:root:  Regular → Regular: 41.44%
INFO:root:  TOTAL: 100.00%
INFO:root:--------------------------------------------------------------------------------
INFO:root:AVERAGE OUTGOING CONNECTIONS PER NODE:
INFO:root:  Avg Hub → Hub: 10.65
INFO:root:  Avg Hub → Regular: 16.59
INFO:root:  Avg Regular → Hub: 3.08
INFO:root:  Avg Regular → Regular: 4.54
INFO:root:================================================================================
INFO:root:
Computing in-degree distribution...
INFO:root:================================================================================
INFO:root:In-Degree Distribution
INFO:root:================================================================================
INFO:root:In-Degree       Percentage      Bar
INFO:root:--------------------------------------------------------------------------------
INFO:root:0                   3.8729%    █
INFO:root:1                   8.4522%    ████
INFO:root:2                   9.2220%    ████
INFO:root:3                   8.9144%    ████
INFO:root:4                   8.0788%    ████
INFO:root:5                   7.2195%    ███
INFO:root:6                   6.2912%    ███
INFO:root:7                   5.4820%    ██
INFO:root:8                   4.7546%    ██
INFO:root:9                   4.1487%    ██
INFO:root:10                  3.6018%    █
INFO:root:11                  3.1496%    █
INFO:root:12                  2.7378%    █
INFO:root:13                  2.4042%    █
INFO:root:14                  2.1173%    █
INFO:root:15                  1.9118%    
INFO:root:16                  1.7202%    
INFO:root:17                  1.4853%    
INFO:root:18                  1.3202%    
INFO:root:19                  1.1695%    
INFO:root:20                  1.0248%    
INFO:root:21                  0.9231%    
INFO:root:22                  0.8203%    
INFO:root:23                  0.7458%    
INFO:root:24                  0.6645%    
INFO:root:25                  0.6139%    
INFO:root:26                  0.5263%    
INFO:root:27                  0.4901%    
INFO:root:28                  0.4434%    
INFO:root:29                  0.3984%    
INFO:root:30                  0.3741%    
INFO:root:31                  0.3474%    
INFO:root:32                  0.3157%    
INFO:root:33                  0.2840%    
INFO:root:34                  0.2603%    
INFO:root:35                  0.2387%    
INFO:root:36                  0.2194%    
INFO:root:37                  0.2063%    
INFO:root:38                  0.1863%    
INFO:root:39                  0.1697%    
INFO:root:40                  0.1605%    
INFO:root:41                  0.1468%    
INFO:root:42                  0.1381%    
INFO:root:43                  0.1255%    
INFO:root:44                  0.1162%    
INFO:root:45                  0.1093%    
INFO:root:46                  0.1001%    
INFO:root:47                  0.0953%    
INFO:root:48                  0.0946%    
INFO:root:49                  0.0788%    
INFO:root:50                  0.0747%    
INFO:root:51                  0.0737%    
INFO:root:52                  0.0706%    
INFO:root:53                  0.0642%    
INFO:root:54                  0.0605%    
INFO:root:55                  0.0583%    
INFO:root:56                  0.0544%    
INFO:root:57                  0.0487%    
INFO:root:58                  0.0489%    
INFO:root:59                  0.0414%    
INFO:root:60                  0.0441%    
INFO:root:61                  0.0364%    
INFO:root:62                  0.0379%    
INFO:root:63                  0.0351%    
INFO:root:64                  0.0340%    
INFO:root:65                  0.0344%    
INFO:root:66                  0.0282%    
INFO:root:67                  0.0274%    
INFO:root:68                  0.0277%    
INFO:root:69                  0.0263%    
INFO:root:70                  0.0229%    
INFO:root:71                  0.0214%    
INFO:root:72                  0.0225%    
INFO:root:73                  0.0230%    
INFO:root:74                  0.0212%    
INFO:root:75                  0.0188%    
INFO:root:76                  0.0176%    
INFO:root:77                  0.0186%    
INFO:root:78                  0.0165%    
INFO:root:79                  0.0169%    
INFO:root:80                  0.0160%    
INFO:root:81                  0.0144%    
INFO:root:82                  0.0149%    
INFO:root:83                  0.0139%    
INFO:root:84                  0.0115%    
INFO:root:85                  0.0127%    
INFO:root:86                  0.0113%    
INFO:root:87                  0.0098%    
INFO:root:88                  0.0101%    
INFO:root:89                  0.0090%    
INFO:root:90                  0.0086%    
INFO:root:91                  0.0086%    
INFO:root:92                  0.0082%    
INFO:root:93                  0.0094%    
INFO:root:94                  0.0080%    
INFO:root:95                  0.0081%    
INFO:root:96                  0.0066%    
INFO:root:97                  0.0074%    
INFO:root:98                  0.0060%    
INFO:root:99                  0.0060%    
INFO:root:100                 0.0069%    
INFO:root:101                 0.0067%    
INFO:root:102                 0.0063%    
INFO:root:103                 0.0049%    
INFO:root:104                 0.0064%    
INFO:root:105                 0.0040%    
INFO:root:106                 0.0041%    
INFO:root:107                 0.0031%    
INFO:root:108                 0.0050%    
INFO:root:109                 0.0047%    
INFO:root:110                 0.0043%    
INFO:root:111                 0.0034%    
INFO:root:112                 0.0047%    
INFO:root:113                 0.0034%    
INFO:root:114                 0.0038%    
INFO:root:115                 0.0042%    
INFO:root:116                 0.0042%    
INFO:root:117                 0.0021%    
INFO:root:118                 0.0037%    
INFO:root:119                 0.0030%    
INFO:root:120                 0.0037%    
INFO:root:121                 0.0024%    
INFO:root:122                 0.0020%    
INFO:root:123                 0.0027%    
INFO:root:124                 0.0019%    
INFO:root:125                 0.0022%    
INFO:root:126                 0.0036%    
INFO:root:127                 0.0028%    
INFO:root:128                 0.0023%    
INFO:root:129                 0.0021%    
INFO:root:130                 0.0024%    
INFO:root:131                 0.0032%    
INFO:root:132                 0.0025%    
INFO:root:133                 0.0017%    
INFO:root:134                 0.0013%    
INFO:root:135                 0.0015%    
INFO:root:136                 0.0014%    
INFO:root:137                 0.0014%    
INFO:root:138                 0.0016%    
INFO:root:139                 0.0018%    
INFO:root:140                 0.0015%    
INFO:root:141                 0.0018%    
INFO:root:142                 0.0005%    
INFO:root:143                 0.0019%    
INFO:root:144                 0.0015%    
INFO:root:145                 0.0010%    
INFO:root:146                 0.0011%    
INFO:root:147                 0.0011%    
INFO:root:148                 0.0012%    
INFO:root:149                 0.0016%    
INFO:root:150                 0.0009%    
INFO:root:151                 0.0009%    
INFO:root:152                 0.0012%    
INFO:root:153                 0.0012%    
INFO:root:154                 0.0012%    
INFO:root:155                 0.0006%    
INFO:root:156                 0.0010%    
INFO:root:157                 0.0014%    
INFO:root:158                 0.0009%    
INFO:root:159                 0.0007%    
INFO:root:160                 0.0010%    
INFO:root:161                 0.0006%    
INFO:root:162                 0.0005%    
INFO:root:163                 0.0009%    
INFO:root:164                 0.0010%    
INFO:root:165                 0.0011%    
INFO:root:166                 0.0007%    
INFO:root:167                 0.0009%    
INFO:root:168                 0.0005%    
INFO:root:169                 0.0005%    
INFO:root:170                 0.0007%    
INFO:root:171                 0.0007%    
INFO:root:172                 0.0008%    
INFO:root:173                 0.0008%    
INFO:root:174                 0.0005%    
INFO:root:175                 0.0005%    
INFO:root:176                 0.0004%    
INFO:root:177                 0.0006%    
INFO:root:178                 0.0005%    
INFO:root:179                 0.0001%    
INFO:root:180                 0.0009%    
INFO:root:181                 0.0008%    
INFO:root:182                 0.0007%    
INFO:root:183                 0.0007%    
INFO:root:184                 0.0004%    
INFO:root:185                 0.0006%    
INFO:root:186                 0.0007%    
INFO:root:187                 0.0009%    
INFO:root:188                 0.0006%    
INFO:root:189                 0.0006%    
INFO:root:190                 0.0002%    
INFO:root:191                 0.0007%    
INFO:root:192                 0.0008%    
INFO:root:193                 0.0003%    
INFO:root:194                 0.0002%    
INFO:root:195                 0.0005%    
INFO:root:196                 0.0001%    
INFO:root:197                 0.0001%    
INFO:root:198                 0.0003%    
INFO:root:199                 0.0003%    
INFO:root:200                 0.0004%    
INFO:root:201                 0.0003%    
INFO:root:202                 0.0002%    
INFO:root:203                 0.0003%    
INFO:root:204                 0.0007%    
INFO:root:205                 0.0002%    
INFO:root:206                 0.0004%    
INFO:root:208                 0.0005%    
INFO:root:209                 0.0002%    
INFO:root:210                 0.0003%    
INFO:root:211                 0.0004%    
INFO:root:212                 0.0002%    
INFO:root:213                 0.0002%    
INFO:root:214                 0.0002%    
INFO:root:215                 0.0002%    
INFO:root:216                 0.0002%    
INFO:root:217                 0.0002%    
INFO:root:218                 0.0005%    
INFO:root:219                 0.0001%    
INFO:root:221                 0.0002%    
INFO:root:222                 0.0001%    
INFO:root:223                 0.0006%    
INFO:root:224                 0.0001%    
INFO:root:225                 0.0006%    
INFO:root:226                 0.0001%    
INFO:root:227                 0.0001%    
INFO:root:229                 0.0001%    
INFO:root:231                 0.0001%    
INFO:root:232                 0.0001%    
INFO:root:233                 0.0001%    
INFO:root:234                 0.0003%    
INFO:root:235                 0.0003%    
INFO:root:236                 0.0002%    
INFO:root:237                 0.0004%    
INFO:root:238                 0.0003%    
INFO:root:240                 0.0005%    
INFO:root:241                 0.0002%    
INFO:root:242                 0.0001%    
INFO:root:243                 0.0002%    
INFO:root:245                 0.0002%    
INFO:root:246                 0.0001%    
INFO:root:247                 0.0001%    
INFO:root:248                 0.0001%    
INFO:root:249                 0.0001%    
INFO:root:250                 0.0001%    
INFO:root:251                 0.0001%    
INFO:root:252                 0.0002%    
INFO:root:253                 0.0003%    
INFO:root:255                 0.0001%    
INFO:root:256                 0.0001%    
INFO:root:257                 0.0001%    
INFO:root:258                 0.0003%    
INFO:root:259                 0.0001%    
INFO:root:260                 0.0002%    
INFO:root:261                 0.0001%    
INFO:root:263                 0.0001%    
INFO:root:264                 0.0001%    
INFO:root:265                 0.0001%    
INFO:root:267                 0.0003%    
INFO:root:269                 0.0001%    
INFO:root:270                 0.0001%    
INFO:root:271                 0.0001%    
INFO:root:273                 0.0001%    
INFO:root:275                 0.0001%    
INFO:root:277                 0.0002%    
INFO:root:278                 0.0001%    
INFO:root:280                 0.0001%    
INFO:root:281                 0.0001%    
INFO:root:283                 0.0001%    
INFO:root:284                 0.0001%    
INFO:root:286                 0.0001%    
INFO:root:287                 0.0001%    
INFO:root:288                 0.0001%    
INFO:root:296                 0.0001%    
INFO:root:300                 0.0001%    
INFO:root:302                 0.0001%    
INFO:root:303                 0.0001%    
INFO:root:310                 0.0001%    
INFO:root:312                 0.0001%    
INFO:root:313                 0.0001%    
INFO:root:314                 0.0001%    
INFO:root:315                 0.0001%    
INFO:root:316                 0.0001%    
INFO:root:318                 0.0002%    
INFO:root:319                 0.0001%    
INFO:root:321                 0.0003%    
INFO:root:324                 0.0001%    
INFO:root:328                 0.0001%    
INFO:root:329                 0.0001%    
INFO:root:332                 0.0001%    
INFO:root:335                 0.0001%    
INFO:root:336                 0.0001%    
INFO:root:339                 0.0001%    
INFO:root:341                 0.0001%    
INFO:root:350                 0.0001%    
INFO:root:357                 0.0001%    
INFO:root:361                 0.0001%    
INFO:root:367                 0.0001%    
INFO:root:370                 0.0001%    
INFO:root:373                 0.0001%    
INFO:root:374                 0.0001%    
INFO:root:377                 0.0001%    
INFO:root:379                 0.0001%    
INFO:root:381                 0.0001%    
INFO:root:383                 0.0001%    
INFO:root:386                 0.0001%    
INFO:root:396                 0.0001%    
INFO:root:399                 0.0001%    
INFO:root:400                 0.0002%    
INFO:root:401                 0.0001%    
INFO:root:414                 0.0001%    
INFO:root:417                 0.0001%    
INFO:root:421                 0.0001%    
INFO:root:433                 0.0001%    
INFO:root:455                 0.0001%    
INFO:root:465                 0.0001%    
INFO:root:476                 0.0001%    
INFO:root:478                 0.0001%    
INFO:root:486                 0.0001%    
INFO:root:500                 0.0001%    
INFO:root:505                 0.0001%    
INFO:root:525                 0.0001%    
INFO:root:533                 0.0001%    
INFO:root:557                 0.0001%    
INFO:root:587                 0.0001%    
INFO:root:605                 0.0001%    
INFO:root:696                 0.0001%    
INFO:root:700                 0.0001%    
INFO:root:701                 0.0001%    
INFO:root:754                 0.0001%    
INFO:root:755                 0.0001%    
INFO:root:1060                0.0001%    
INFO:root:1595                0.0001%    
INFO:root:================================================================================
INFO:root:Total unique in-degree values: 333
INFO:root:================================================================================
INFO:root:In-degree distribution saved to ../metrics/metrics_indegree_distribution.json
INFO:root:Metrics: {'node_links': 32, 'ef_construction': 100, 'hub_avg_hub_indegree': 35.78767900963264, 'hub_avg_hub_to_hub': 10.64885726843204, 'hub_avg_hub_to_regular': 16.5858055891294, 'hub_avg_indegree': 9.767372, 'hub_avg_regular_indegree': 6.577241723058685, 'hub_avg_regular_to_hub': 3.0820588063602115, 'hub_avg_regular_to_regular': 4.543796054729071, 'hub_hub_percentile': 10.0, 'hub_hub_threshold': 21.0, 'hub_hub_to_hub_edges': 1162983.0, 'hub_hub_to_hub_pct': 11.906815876368793, 'hub_hub_to_regular_edges': 1811369.0, 'hub_hub_to_regular_pct': 18.545100974960306, 'hub_max_indegree': 1595.0, 'hub_median_indegree': 6.0, 'hub_min_indegree': 0.0, 'hub_num_hubs': 109212.0, 'hub_num_regular': 890788.0, 'hub_regular_to_hub_edges': 2745461.0, 'hub_regular_to_hub_pct': 28.10849223312064, 'hub_regular_to_regular_edges': 4047559.0, 'hub_regular_to_regular_pct': 41.43959091555026, 'hub_total_edges': 9767372.0, 'recall': 0.6591499999999996, 'qps': 1259.6260256994337, 'latency_p50': 0.8221864700317383, 'latency_p95': 0.9966373443603516, 'latency_p99': 1.0534381866455078, 'latency_p999': 1.1515648365020754, 'distance_computations': 0.0}
INFO:root:Metrics: {'node_links': 32, 'ef_construction': 100, 'hub_avg_hub_indegree': 35.78767900963264, 'hub_avg_hub_to_hub': 10.64885726843204, 'hub_avg_hub_to_regular': 16.5858055891294, 'hub_avg_indegree': 9.767372, 'hub_avg_regular_indegree': 6.577241723058685, 'hub_avg_regular_to_hub': 3.0820588063602115, 'hub_avg_regular_to_regular': 4.543796054729071, 'hub_hub_percentile': 10.0, 'hub_hub_threshold': 21.0, 'hub_hub_to_hub_edges': 1162983.0, 'hub_hub_to_hub_pct': 11.906815876368793, 'hub_hub_to_regular_edges': 1811369.0, 'hub_hub_to_regular_pct': 18.545100974960306, 'hub_max_indegree': 1595.0, 'hub_median_indegree': 6.0, 'hub_min_indegree': 0.0, 'hub_num_hubs': 109212.0, 'hub_num_regular': 890788.0, 'hub_regular_to_hub_edges': 2745461.0, 'hub_regular_to_hub_pct': 28.10849223312064, 'hub_regular_to_regular_edges': 4047559.0, 'hub_regular_to_regular_pct': 41.43959091555026, 'hub_total_edges': 9767372.0, 'recall': 0.7780400000000014, 'qps': 708.1608012949252, 'latency_p50': 1.461625099182129, 'latency_p95': 1.7681121826171875, 'latency_p99': 1.8282413482666016, 'latency_p999': 1.8906631469726567, 'distance_computations': 0.0, 'distance_type': 'l2', 'ef_search': 100}
INFO:root:Metrics: {'node_links': 32, 'ef_construction': 100, 'hub_avg_hub_indegree': 35.78767900963264, 'hub_avg_hub_to_hub': 10.64885726843204, 'hub_avg_hub_to_regular': 16.5858055891294, 'hub_avg_indegree': 9.767372, 'hub_avg_regular_indegree': 6.577241723058685, 'hub_avg_regular_to_hub': 3.0820588063602115, 'hub_avg_regular_to_regular': 4.543796054729071, 'hub_hub_percentile': 10.0, 'hub_hub_threshold': 21.0, 'hub_hub_to_hub_edges': 1162983.0, 'hub_hub_to_hub_pct': 11.906815876368793, 'hub_hub_to_regular_edges': 1811369.0, 'hub_hub_to_regular_pct': 18.545100974960306, 'hub_max_indegree': 1595.0, 'hub_median_indegree': 6.0, 'hub_min_indegree': 0.0, 'hub_num_hubs': 109212.0, 'hub_num_regular': 890788.0, 'hub_regular_to_hub_edges': 2745461.0, 'hub_regular_to_hub_pct': 28.10849223312064, 'hub_regular_to_regular_edges': 4047559.0, 'hub_regular_to_regular_pct': 41.43959091555026, 'hub_total_edges': 9767372.0, 'recall': 0.8337000000000012, 'qps': 502.0717036665336, 'latency_p50': 2.0655393600463867, 'latency_p95': 2.501118183135986, 'latency_p99': 2.5821518898010254, 'latency_p999': 2.6452944278717077, 'distance_computations': 0.0, 'distance_type': 'l2', 'ef_search': 200}
INFO:root:Building index_type='flatnav'
INFO:root:Indexing time = 121.49018549919128 seconds
INFO:root:
Computing hub statistics...
INFO:root:================================================================================
INFO:root:Hub Node Statistics
INFO:root:================================================================================
INFO:root:Hub Percentile: 10.0%
INFO:root:--------------------------------------------------------------------------------
INFO:root:NODE CLASSIFICATION:
INFO:root:  Number of Hubs: 100737 (10.0%)
INFO:root:  Number of Regular Nodes: 899263 (90.0%)
INFO:root:  Hub Threshold (min in-degree): 27
INFO:root:--------------------------------------------------------------------------------
INFO:root:IN-DEGREE STATISTICS:
INFO:root:  Average Hub In-Degree: 42.55
INFO:root:  Average Regular In-Degree: 9.17
INFO:root:  Overall Average In-Degree: 12.54
INFO:root:  Median In-Degree: 9.00
INFO:root:  Max In-Degree: 1442
INFO:root:  Min In-Degree: 0
INFO:root:--------------------------------------------------------------------------------
INFO:root:CONNECTIVITY PATTERNS (Absolute Counts):
INFO:root:  Total Edges: 12536604
INFO:root:  Hub → Hub: 966146
INFO:root:  Hub → Regular: 1862795
INFO:root:  Regular → Hub: 3320095
INFO:root:  Regular → Regular: 6387568
INFO:root:--------------------------------------------------------------------------------
INFO:root:CONNECTIVITY PATTERNS (Percentages):
INFO:root:  Hub → Hub: 7.71%
INFO:root:  Hub → Regular: 14.86%
INFO:root:  Regular → Hub: 26.48%
INFO:root:  Regular → Regular: 50.95%
INFO:root:  TOTAL: 100.00%
INFO:root:--------------------------------------------------------------------------------
INFO:root:AVERAGE OUTGOING CONNECTIONS PER NODE:
INFO:root:  Avg Hub → Hub: 9.59
INFO:root:  Avg Hub → Regular: 18.49
INFO:root:  Avg Regular → Hub: 3.69
INFO:root:  Avg Regular → Regular: 7.10
INFO:root:================================================================================
INFO:root:
Computing in-degree distribution...
INFO:root:================================================================================
INFO:root:In-Degree Distribution
INFO:root:================================================================================
INFO:root:In-Degree       Percentage      Bar
INFO:root:--------------------------------------------------------------------------------
INFO:root:0                   2.5427%    █
INFO:root:1                   5.3168%    ██
INFO:root:2                   6.1606%    ███
INFO:root:3                   6.4271%    ███
INFO:root:4                   6.2927%    ███
INFO:root:5                   6.0300%    ███
INFO:root:6                   5.6774%    ██
INFO:root:7                   5.2855%    ██
INFO:root:8                   4.8102%    ██
INFO:root:9                   4.4526%    ██
INFO:root:10                  4.0136%    ██
INFO:root:11                  3.6980%    █
INFO:root:12                  3.3872%    █
INFO:root:13                  3.1476%    █
INFO:root:14                  2.9109%    █
INFO:root:15                  2.7287%    █
INFO:root:16                  2.6047%    █
INFO:root:17                  2.3077%    █
INFO:root:18                  2.0432%    █
INFO:root:19                  1.7813%    
INFO:root:20                  1.5967%    
INFO:root:21                  1.4453%    
INFO:root:22                  1.2860%    
INFO:root:23                  1.1491%    
INFO:root:24                  1.0266%    
INFO:root:25                  0.9640%    
INFO:root:26                  0.8401%    
INFO:root:27                  0.7704%    
INFO:root:28                  0.6935%    
INFO:root:29                  0.6311%    
INFO:root:30                  0.5847%    
INFO:root:31                  0.5346%    
INFO:root:32                  0.4774%    
INFO:root:33                  0.4415%    
INFO:root:34                  0.4120%    
INFO:root:35                  0.3716%    
INFO:root:36                  0.3356%    
INFO:root:37                  0.3074%    
INFO:root:38                  0.2897%    
INFO:root:39                  0.2770%    
INFO:root:40                  0.2501%    
INFO:root:41                  0.2316%    
INFO:root:42                  0.2186%    
INFO:root:43                  0.1926%    
INFO:root:44                  0.1825%    
INFO:root:45                  0.1697%    
INFO:root:46                  0.1569%    
INFO:root:47                  0.1474%    
INFO:root:48                  0.1372%    
INFO:root:49                  0.1245%    
INFO:root:50                  0.1205%    
INFO:root:51                  0.1091%    
INFO:root:52                  0.1020%    
INFO:root:53                  0.1030%    
INFO:root:54                  0.0872%    
INFO:root:55                  0.0848%    
INFO:root:56                  0.0806%    
INFO:root:57                  0.0722%    
INFO:root:58                  0.0660%    
INFO:root:59                  0.0641%    
INFO:root:60                  0.0612%    
INFO:root:61                  0.0567%    
INFO:root:62                  0.0534%    
INFO:root:63                  0.0493%    
INFO:root:64                  0.0486%    
INFO:root:65                  0.0434%    
INFO:root:66                  0.0419%    
INFO:root:67                  0.0404%    
INFO:root:68                  0.0375%    
INFO:root:69                  0.0374%    
INFO:root:70                  0.0336%    
INFO:root:71                  0.0320%    
INFO:root:72                  0.0330%    
INFO:root:73                  0.0275%    
INFO:root:74                  0.0347%    
INFO:root:75                  0.0267%    
INFO:root:76                  0.0240%    
INFO:root:77                  0.0237%    
INFO:root:78                  0.0234%    
INFO:root:79                  0.0188%    
INFO:root:80                  0.0215%    
INFO:root:81                  0.0204%    
INFO:root:82                  0.0177%    
INFO:root:83                  0.0181%    
INFO:root:84                  0.0162%    
INFO:root:85                  0.0150%    
INFO:root:86                  0.0146%    
INFO:root:87                  0.0141%    
INFO:root:88                  0.0151%    
INFO:root:89                  0.0150%    
INFO:root:90                  0.0129%    
INFO:root:91                  0.0131%    
INFO:root:92                  0.0100%    
INFO:root:93                  0.0109%    
INFO:root:94                  0.0113%    
INFO:root:95                  0.0068%    
INFO:root:96                  0.0087%    
INFO:root:97                  0.0086%    
INFO:root:98                  0.0087%    
INFO:root:99                  0.0079%    
INFO:root:100                 0.0087%    
INFO:root:101                 0.0078%    
INFO:root:102                 0.0079%    
INFO:root:103                 0.0055%    
INFO:root:104                 0.0055%    
INFO:root:105                 0.0075%    
INFO:root:106                 0.0051%    
INFO:root:107                 0.0055%    
INFO:root:108                 0.0051%    
INFO:root:109                 0.0066%    
INFO:root:110                 0.0061%    
INFO:root:111                 0.0050%    
INFO:root:112                 0.0050%    
INFO:root:113                 0.0048%    
INFO:root:114                 0.0052%    
INFO:root:115                 0.0037%    
INFO:root:116                 0.0042%    
INFO:root:117                 0.0037%    
INFO:root:118                 0.0034%    
INFO:root:119                 0.0039%    
INFO:root:120                 0.0032%    
INFO:root:121                 0.0038%    
INFO:root:122                 0.0037%    
INFO:root:123                 0.0023%    
INFO:root:124                 0.0028%    
INFO:root:125                 0.0029%    
INFO:root:126                 0.0034%    
INFO:root:127                 0.0023%    
INFO:root:128                 0.0025%    
INFO:root:129                 0.0033%    
INFO:root:130                 0.0022%    
INFO:root:131                 0.0025%    
INFO:root:132                 0.0027%    
INFO:root:133                 0.0026%    
INFO:root:134                 0.0019%    
INFO:root:135                 0.0017%    
INFO:root:136                 0.0024%    
INFO:root:137                 0.0020%    
INFO:root:138                 0.0018%    
INFO:root:139                 0.0016%    
INFO:root:140                 0.0033%    
INFO:root:141                 0.0018%    
INFO:root:142                 0.0014%    
INFO:root:143                 0.0017%    
INFO:root:144                 0.0015%    
INFO:root:145                 0.0013%    
INFO:root:146                 0.0016%    
INFO:root:147                 0.0015%    
INFO:root:148                 0.0012%    
INFO:root:149                 0.0011%    
INFO:root:150                 0.0015%    
INFO:root:151                 0.0012%    
INFO:root:152                 0.0015%    
INFO:root:153                 0.0011%    
INFO:root:154                 0.0006%    
INFO:root:155                 0.0011%    
INFO:root:156                 0.0013%    
INFO:root:157                 0.0015%    
INFO:root:158                 0.0011%    
INFO:root:159                 0.0010%    
INFO:root:160                 0.0008%    
INFO:root:161                 0.0006%    
INFO:root:162                 0.0006%    
INFO:root:163                 0.0009%    
INFO:root:164                 0.0011%    
INFO:root:165                 0.0012%    
INFO:root:166                 0.0006%    
INFO:root:167                 0.0008%    
INFO:root:168                 0.0007%    
INFO:root:169                 0.0014%    
INFO:root:170                 0.0006%    
INFO:root:171                 0.0008%    
INFO:root:172                 0.0006%    
INFO:root:173                 0.0007%    
INFO:root:174                 0.0007%    
INFO:root:175                 0.0007%    
INFO:root:176                 0.0003%    
INFO:root:177                 0.0005%    
INFO:root:178                 0.0005%    
INFO:root:179                 0.0003%    
INFO:root:180                 0.0007%    
INFO:root:181                 0.0006%    
INFO:root:182                 0.0004%    
INFO:root:183                 0.0008%    
INFO:root:184                 0.0002%    
INFO:root:185                 0.0006%    
INFO:root:186                 0.0005%    
INFO:root:187                 0.0004%    
INFO:root:188                 0.0007%    
INFO:root:189                 0.0004%    
INFO:root:190                 0.0003%    
INFO:root:191                 0.0004%    
INFO:root:192                 0.0002%    
INFO:root:193                 0.0007%    
INFO:root:194                 0.0005%    
INFO:root:195                 0.0005%    
INFO:root:196                 0.0004%    
INFO:root:197                 0.0005%    
INFO:root:198                 0.0002%    
INFO:root:199                 0.0003%    
INFO:root:200                 0.0001%    
INFO:root:201                 0.0001%    
INFO:root:202                 0.0005%    
INFO:root:203                 0.0002%    
INFO:root:204                 0.0005%    
INFO:root:205                 0.0006%    
INFO:root:206                 0.0001%    
INFO:root:207                 0.0005%    
INFO:root:208                 0.0002%    
INFO:root:209                 0.0002%    
INFO:root:211                 0.0002%    
INFO:root:212                 0.0004%    
INFO:root:213                 0.0001%    
INFO:root:214                 0.0003%    
INFO:root:215                 0.0002%    
INFO:root:216                 0.0002%    
INFO:root:217                 0.0003%    
INFO:root:218                 0.0001%    
INFO:root:219                 0.0003%    
INFO:root:220                 0.0004%    
INFO:root:222                 0.0002%    
INFO:root:223                 0.0001%    
INFO:root:224                 0.0003%    
INFO:root:225                 0.0004%    
INFO:root:226                 0.0002%    
INFO:root:227                 0.0001%    
INFO:root:228                 0.0002%    
INFO:root:230                 0.0004%    
INFO:root:231                 0.0004%    
INFO:root:232                 0.0001%    
INFO:root:233                 0.0002%    
INFO:root:234                 0.0003%    
INFO:root:235                 0.0002%    
INFO:root:236                 0.0003%    
INFO:root:237                 0.0001%    
INFO:root:239                 0.0002%    
INFO:root:240                 0.0003%    
INFO:root:243                 0.0001%    
INFO:root:244                 0.0002%    
INFO:root:245                 0.0001%    
INFO:root:247                 0.0002%    
INFO:root:248                 0.0002%    
INFO:root:252                 0.0001%    
INFO:root:253                 0.0004%    
INFO:root:255                 0.0001%    
INFO:root:257                 0.0001%    
INFO:root:259                 0.0001%    
INFO:root:260                 0.0001%    
INFO:root:261                 0.0002%    
INFO:root:262                 0.0002%    
INFO:root:263                 0.0001%    
INFO:root:264                 0.0002%    
INFO:root:268                 0.0001%    
INFO:root:269                 0.0001%    
INFO:root:270                 0.0001%    
INFO:root:271                 0.0001%    
INFO:root:272                 0.0002%    
INFO:root:275                 0.0001%    
INFO:root:276                 0.0001%    
INFO:root:278                 0.0002%    
INFO:root:279                 0.0001%    
INFO:root:290                 0.0001%    
INFO:root:292                 0.0001%    
INFO:root:293                 0.0001%    
INFO:root:298                 0.0001%    
INFO:root:299                 0.0002%    
INFO:root:300                 0.0002%    
INFO:root:304                 0.0001%    
INFO:root:305                 0.0002%    
INFO:root:308                 0.0001%    
INFO:root:309                 0.0001%    
INFO:root:310                 0.0001%    
INFO:root:312                 0.0001%    
INFO:root:313                 0.0001%    
INFO:root:314                 0.0002%    
INFO:root:322                 0.0001%    
INFO:root:324                 0.0001%    
INFO:root:334                 0.0001%    
INFO:root:336                 0.0001%    
INFO:root:337                 0.0001%    
INFO:root:340                 0.0001%    
INFO:root:344                 0.0001%    
INFO:root:348                 0.0001%    
INFO:root:353                 0.0001%    
INFO:root:356                 0.0002%    
INFO:root:358                 0.0001%    
INFO:root:363                 0.0001%    
INFO:root:367                 0.0002%    
INFO:root:372                 0.0001%    
INFO:root:374                 0.0001%    
INFO:root:376                 0.0001%    
INFO:root:386                 0.0001%    
INFO:root:389                 0.0001%    
INFO:root:390                 0.0001%    
INFO:root:398                 0.0001%    
INFO:root:402                 0.0001%    
INFO:root:414                 0.0001%    
INFO:root:416                 0.0001%    
INFO:root:422                 0.0001%    
INFO:root:428                 0.0001%    
INFO:root:440                 0.0001%    
INFO:root:453                 0.0001%    
INFO:root:458                 0.0001%    
INFO:root:461                 0.0001%    
INFO:root:498                 0.0001%    
INFO:root:505                 0.0001%    
INFO:root:524                 0.0001%    
INFO:root:543                 0.0001%    
INFO:root:589                 0.0001%    
INFO:root:625                 0.0001%    
INFO:root:630                 0.0001%    
INFO:root:739                 0.0001%    
INFO:root:761                 0.0001%    
INFO:root:946                 0.0001%    
INFO:root:1442                0.0001%    
INFO:root:================================================================================
INFO:root:Total unique in-degree values: 315
INFO:root:================================================================================
INFO:root:In-degree distribution saved to ../metrics/metrics_indegree_distribution.json
INFO:root:Metrics: {'node_links': 32, 'ef_construction': 200, 'hub_avg_hub_indegree': 42.54882515858126, 'hub_avg_hub_to_hub': 9.590775981019883, 'hub_avg_hub_to_regular': 18.491666418495686, 'hub_avg_indegree': 12.536604, 'hub_avg_regular_indegree': 9.17458296404945, 'hub_avg_regular_to_hub': 3.6920177967958208, 'hub_avg_regular_to_regular': 7.103114439268601, 'hub_hub_percentile': 10.0, 'hub_hub_threshold': 27.0, 'hub_hub_to_hub_edges': 966146.0, 'hub_hub_to_hub_pct': 7.706600607309603, 'hub_hub_to_regular_edges': 1862795.0, 'hub_hub_to_regular_pct': 14.858848536653149, 'hub_max_indegree': 1442.0, 'hub_median_indegree': 9.0, 'hub_min_indegree': 0.0, 'hub_num_hubs': 100737.0, 'hub_num_regular': 899263.0, 'hub_regular_to_hub_edges': 3320095.0, 'hub_regular_to_hub_pct': 26.48320869032794, 'hub_regular_to_regular_edges': 6387568.0, 'hub_regular_to_regular_pct': 50.95134216570931, 'hub_total_edges': 12536604.0, 'recall': 0.7021000000000012, 'qps': 1284.1910213569308, 'latency_p50': 0.8077621459960938, 'latency_p95': 0.9553432464599609, 'latency_p99': 1.0035276412963867, 'latency_p999': 1.038556575775147, 'distance_computations': 0.0, 'distance_type': 'l2', 'ef_search': 300}
INFO:root:Metrics: {'node_links': 32, 'ef_construction': 200, 'hub_avg_hub_indegree': 42.54882515858126, 'hub_avg_hub_to_hub': 9.590775981019883, 'hub_avg_hub_to_regular': 18.491666418495686, 'hub_avg_indegree': 12.536604, 'hub_avg_regular_indegree': 9.17458296404945, 'hub_avg_regular_to_hub': 3.6920177967958208, 'hub_avg_regular_to_regular': 7.103114439268601, 'hub_hub_percentile': 10.0, 'hub_hub_threshold': 27.0, 'hub_hub_to_hub_edges': 966146.0, 'hub_hub_to_hub_pct': 7.706600607309603, 'hub_hub_to_regular_edges': 1862795.0, 'hub_hub_to_regular_pct': 14.858848536653149, 'hub_max_indegree': 1442.0, 'hub_median_indegree': 9.0, 'hub_min_indegree': 0.0, 'hub_num_hubs': 100737.0, 'hub_num_regular': 899263.0, 'hub_regular_to_hub_edges': 3320095.0, 'hub_regular_to_hub_pct': 26.48320869032794, 'hub_regular_to_regular_edges': 6387568.0, 'hub_regular_to_regular_pct': 50.95134216570931, 'hub_total_edges': 12536604.0, 'recall': 0.822070000000001, 'qps': 716.0214490411147, 'latency_p50': 1.4525651931762695, 'latency_p95': 1.7078161239624023, 'latency_p99': 1.7643451690673828, 'latency_p999': 1.7991123199462895, 'distance_computations': 0.0, 'distance_type': 'l2', 'ef_search': 100}
INFO:root:Metrics: {'node_links': 32, 'ef_construction': 200, 'hub_avg_hub_indegree': 42.54882515858126, 'hub_avg_hub_to_hub': 9.590775981019883, 'hub_avg_hub_to_regular': 18.491666418495686, 'hub_avg_indegree': 12.536604, 'hub_avg_regular_indegree': 9.17458296404945, 'hub_avg_regular_to_hub': 3.6920177967958208, 'hub_avg_regular_to_regular': 7.103114439268601, 'hub_hub_percentile': 10.0, 'hub_hub_threshold': 27.0, 'hub_hub_to_hub_edges': 966146.0, 'hub_hub_to_hub_pct': 7.706600607309603, 'hub_hub_to_regular_edges': 1862795.0, 'hub_hub_to_regular_pct': 14.858848536653149, 'hub_max_indegree': 1442.0, 'hub_median_indegree': 9.0, 'hub_min_indegree': 0.0, 'hub_num_hubs': 100737.0, 'hub_num_regular': 899263.0, 'hub_regular_to_hub_edges': 3320095.0, 'hub_regular_to_hub_pct': 26.48320869032794, 'hub_regular_to_regular_edges': 6387568.0, 'hub_regular_to_regular_pct': 50.95134216570931, 'hub_total_edges': 12536604.0, 'recall': 0.8749500000000032, 'qps': 506.7610361146787, 'latency_p50': 2.0475387573242188, 'latency_p95': 2.4199604988098145, 'latency_p99': 2.4967598915100098, 'latency_p999': 2.5708718299865727, 'distance_computations': 0.0, 'distance_type': 'l2', 'ef_search': 200}
/cluster/home/emmanueq/code/flatnav/venv/lib/python3.11/site-packages/numpy/core/getlimits.py:549: UserWarning: The value of the smallest subnormal for <class 'numpy.float64'> type is zero.
  setattr(self, word, getattr(machar, word).flat[0])
/cluster/home/emmanueq/code/flatnav/venv/lib/python3.11/site-packages/numpy/core/getlimits.py:89: UserWarning: The value of the smallest subnormal for <class 'numpy.float64'> type is zero.
  return self._float_to_str(self.smallest_subnormal)
Traceback (most recent call last):
  File "/cluster/home/emmanueq/code/flatnav/experiments/run-benchmark.py", line 761, in <module>
    run_experiment()
  File "/cluster/home/emmanueq/code/flatnav/experiments/run-benchmark.py", line 752, in run_experiment
    plot_all_metrics(
  File "/cluster/home/emmanueq/code/flatnav/experiments/run-benchmark.py", line 694, in plot_all_metrics
    experiment_runs[experiment_key] = [
                                      ^
  File "/cluster/home/emmanueq/code/flatnav/experiments/run-benchmark.py", line 695, in <listcomp>
    (experiment_key, run[x_metric], run[y_metric]) for run in metrics
                                    ~~~^^^^^^^^^^
KeyError: 'latency_p999'
make: *** [Makefile:397: gist-bench-flatnav-3] Error 1
