INFO:root:Dataset: glove-100-angular-access
INFO:root:Train data shape: (1183514, 100)
INFO:root:Queries shape: (10000, 100)
INFO:root:Ground truth shape: (10000, 100)
INFO:root:
============================================================
INFO:root:Running experiment with 1.0% pruning
INFO:root:============================================================
INFO:root:Building index...
INFO:root:Indexing time = 40.16670632362366 seconds
Traceback (most recent call last):
  File "/cluster/home/emmanueq/code/flatnav/experiments/hub_pruning_experiment.py", line 586, in <module>
    main()
  File "/cluster/home/emmanueq/code/flatnav/experiments/hub_pruning_experiment.py", line 482, in main
    results = run_pruning_experiment(
              ^^^^^^^^^^^^^^^^^^^^^^^
  File "/cluster/home/emmanueq/code/flatnav/experiments/hub_pruning_experiment.py", line 191, in run_pruning_experiment
    index = train_index(
            ^^^^^^^^^^^^
  File "/cluster/home/emmanueq/code/flatnav/experiments/run_benchmark.py", line 243, in train_index
    index.allocate_nodes(data=train_dataset).build_graph_links(
RuntimeError: Number of vertices in the mtx file does not match the size allocated for the index.
make: *** [Makefile:822: hub-pruning-access-count] Error 1
