2026-01-04 18:39:06,056 - INFO - Loading dataset from ../data/deep-image-96-angular/deep-image-96-angular.train.npy
2026-01-04 18:39:09,410 - INFO - Dataset shape: (9990000, 96)
2026-01-04 18:39:09,410 - INFO - Output file: ../metrics/indegree_stats_deep.json
2026-01-04 18:39:09,410 - INFO - Parameters:
2026-01-04 18:39:09,410 - INFO -   Dataset: deep-image-96
2026-01-04 18:39:09,410 - INFO -   Metric: l2
2026-01-04 18:39:09,410 - INFO -   M values: [32]
2026-01-04 18:39:09,410 - INFO -   ef_construction values: [100, 200, 300]
2026-01-04 18:39:09,410 - INFO -   Use HNSW base layer: False
2026-01-04 18:39:09,410 - INFO -   Hub percentile: 10.0%
2026-01-04 18:39:09,410 - INFO - ================================================================================
2026-01-04 18:39:09,410 - INFO - Run 1/3: deep-image-96_flatnav-native_M32_ef100
2026-01-04 18:39:09,411 - INFO -   M=32, ef_construction=100
2026-01-04 18:39:09,411 - INFO - ================================================================================
2026-01-04 18:53:00,492 - INFO - FlatNav indexing time = 831.02 seconds
2026-01-04 18:53:00,492 - INFO - 
Computing in-degree distribution...
2026-01-04 18:53:01,973 - INFO - ================================================================================
2026-01-04 18:53:01,973 - INFO - In-Degree Distribution
2026-01-04 18:53:01,973 - INFO - ================================================================================
2026-01-04 18:53:01,973 - INFO - In-Degree       Percentage      Bar
2026-01-04 18:53:01,973 - INFO - --------------------------------------------------------------------------------
2026-01-04 18:53:01,973 - INFO - 0                   0.1269%    
2026-01-04 18:53:01,973 - INFO - 1                   0.1297%    
2026-01-04 18:53:01,973 - INFO - 2                   0.2380%    
2026-01-04 18:53:01,973 - INFO - 3                   0.4553%    
2026-01-04 18:53:01,973 - INFO - 4                   0.7677%    
2026-01-04 18:53:01,973 - INFO - 5                   1.1436%    
2026-01-04 18:53:01,973 - INFO - 6                   1.5775%    
2026-01-04 18:53:01,973 - INFO - 7                   2.0398%    █
2026-01-04 18:53:01,973 - INFO - 8                   2.5080%    █
2026-01-04 18:53:01,973 - INFO - 9                   2.9392%    █
2026-01-04 18:53:01,973 - INFO - 10                  3.3440%    █
2026-01-04 18:53:01,973 - INFO - 11                  3.7082%    █
2026-01-04 18:53:01,973 - INFO - 12                  4.0285%    ██
2026-01-04 18:53:01,973 - INFO - 13                  4.3315%    ██
2026-01-04 18:53:01,973 - INFO - 14                  4.7309%    ██
2026-01-04 18:53:01,973 - INFO - 15                  5.4359%    ██
2026-01-04 18:53:01,973 - INFO - 16                  6.3369%    ███
2026-01-04 18:53:01,973 - INFO - 17                  5.5971%    ██
2026-01-04 18:53:01,973 - INFO - 18                  4.9728%    ██
2026-01-04 18:53:01,973 - INFO - 19                  4.4259%    ██
2026-01-04 18:53:01,973 - INFO - 20                  3.9629%    █
2026-01-04 18:53:01,973 - INFO - 21                  3.5642%    █
2026-01-04 18:53:01,973 - INFO - 22                  3.2005%    █
2026-01-04 18:53:01,973 - INFO - 23                  2.9056%    █
2026-01-04 18:53:01,973 - INFO - 24                  2.6223%    █
2026-01-04 18:53:01,973 - INFO - 25                  2.3669%    █
2026-01-04 18:53:01,973 - INFO - 26                  2.1394%    █
2026-01-04 18:53:01,973 - INFO - 27                  1.9477%    
2026-01-04 18:53:01,973 - INFO - 28                  1.7544%    
2026-01-04 18:53:01,973 - INFO - 29                  1.6025%    
2026-01-04 18:53:01,974 - INFO - ... (125 more entries)
2026-01-04 18:53:01,974 - INFO - ================================================================================
2026-01-04 18:53:01,974 - INFO - Total unique in-degree values: 155
2026-01-04 18:53:01,974 - INFO - ================================================================================
2026-01-04 18:53:01,974 - INFO - 
Computing hub statistics...
2026-01-04 18:53:05,076 - INFO - ================================================================================
2026-01-04 18:53:05,076 - INFO - Hub Node Statistics
2026-01-04 18:53:05,076 - INFO - ================================================================================
2026-01-04 18:53:05,076 - INFO - Hub Percentile: 10.0%
2026-01-04 18:53:05,076 - INFO - --------------------------------------------------------------------------------
2026-01-04 18:53:05,076 - INFO - NODE CLASSIFICATION:
2026-01-04 18:53:05,076 - INFO -   Number of Hubs: 1001185 (10.0%)
2026-01-04 18:53:05,076 - INFO -   Number of Regular Nodes: 8988815 (90.0%)
2026-01-04 18:53:05,076 - INFO -   Hub Threshold (min in-degree): 34
2026-01-04 18:53:05,076 - INFO - --------------------------------------------------------------------------------
2026-01-04 18:53:05,076 - INFO - IN-DEGREE STATISTICS:
2026-01-04 18:53:05,076 - INFO -   Average Hub In-Degree: 42.97
2026-01-04 18:53:05,076 - INFO -   Average Regular In-Degree: 17.27
2026-01-04 18:53:05,076 - INFO -   Overall Average In-Degree: 19.85
2026-01-04 18:53:05,076 - INFO -   Median In-Degree: 18.00
2026-01-04 18:53:05,076 - INFO -   Max In-Degree: 232
2026-01-04 18:53:05,076 - INFO -   Min In-Degree: 0
2026-01-04 18:53:05,076 - INFO - --------------------------------------------------------------------------------
2026-01-04 18:53:05,076 - INFO - CONNECTIVITY PATTERNS:
2026-01-04 18:53:05,076 - INFO -   Hub → Hub: 3.28%
2026-01-04 18:53:05,076 - INFO -   Hub → Regular: 11.44%
2026-01-04 18:53:05,076 - INFO -   Regular → Hub: 18.42%
2026-01-04 18:53:05,076 - INFO -   Regular → Regular: 66.87%
2026-01-04 18:53:05,076 - INFO - ================================================================================
2026-01-04 18:53:05,077 - INFO - Added new entry for deep-image-96_flatnav-native_M32_ef100
2026-01-04 18:53:05,079 - INFO - Saved to ../metrics/indegree_stats_deep.json
2026-01-04 18:53:05,091 - INFO - Completed deep-image-96_flatnav-native_M32_ef100

2026-01-04 18:53:05,091 - INFO - ================================================================================
2026-01-04 18:53:05,091 - INFO - Run 2/3: deep-image-96_flatnav-native_M32_ef200
2026-01-04 18:53:05,091 - INFO -   M=32, ef_construction=200
2026-01-04 18:53:05,091 - INFO - ================================================================================
2026-01-04 19:19:01,909 - INFO - FlatNav indexing time = 1556.75 seconds
2026-01-04 19:19:01,911 - INFO - 
Computing in-degree distribution...
2026-01-04 19:19:03,468 - INFO - ================================================================================
2026-01-04 19:19:03,468 - INFO - In-Degree Distribution
2026-01-04 19:19:03,468 - INFO - ================================================================================
2026-01-04 19:19:03,468 - INFO - In-Degree       Percentage      Bar
2026-01-04 19:19:03,469 - INFO - --------------------------------------------------------------------------------
2026-01-04 19:19:03,469 - INFO - 0                   0.1179%    
2026-01-04 19:19:03,469 - INFO - 1                   0.0536%    
2026-01-04 19:19:03,469 - INFO - 2                   0.0671%    
2026-01-04 19:19:03,469 - INFO - 3                   0.1270%    
2026-01-04 19:19:03,469 - INFO - 4                   0.2328%    
2026-01-04 19:19:03,469 - INFO - 5                   0.3806%    
2026-01-04 19:19:03,469 - INFO - 6                   0.5686%    
2026-01-04 19:19:03,469 - INFO - 7                   0.8076%    
2026-01-04 19:19:03,469 - INFO - 8                   1.0723%    
2026-01-04 19:19:03,469 - INFO - 9                   1.3695%    
2026-01-04 19:19:03,469 - INFO - 10                  1.6931%    
2026-01-04 19:19:03,469 - INFO - 11                  2.0726%    █
2026-01-04 19:19:03,469 - INFO - 12                  2.5101%    █
2026-01-04 19:19:03,469 - INFO - 13                  3.1261%    █
2026-01-04 19:19:03,469 - INFO - 14                  4.1149%    ██
2026-01-04 19:19:03,469 - INFO - 15                  5.8109%    ██
2026-01-04 19:19:03,469 - INFO - 16                  7.8287%    ███
2026-01-04 19:19:03,469 - INFO - 17                  6.8436%    ███
2026-01-04 19:19:03,469 - INFO - 18                  6.0541%    ███
2026-01-04 19:19:03,469 - INFO - 19                  5.3912%    ██
2026-01-04 19:19:03,469 - INFO - 20                  4.8100%    ██
2026-01-04 19:19:03,469 - INFO - 21                  4.3215%    ██
2026-01-04 19:19:03,469 - INFO - 22                  3.9034%    █
2026-01-04 19:19:03,469 - INFO - 23                  3.5077%    █
2026-01-04 19:19:03,469 - INFO - 24                  3.1750%    █
2026-01-04 19:19:03,469 - INFO - 25                  2.8752%    █
2026-01-04 19:19:03,469 - INFO - 26                  2.6110%    █
2026-01-04 19:19:03,469 - INFO - 27                  2.3766%    █
2026-01-04 19:19:03,469 - INFO - 28                  2.1550%    █
2026-01-04 19:19:03,469 - INFO - 29                  1.9588%    
2026-01-04 19:19:03,469 - INFO - ... (112 more entries)
2026-01-04 19:19:03,469 - INFO - ================================================================================
2026-01-04 19:19:03,469 - INFO - Total unique in-degree values: 142
2026-01-04 19:19:03,469 - INFO - ================================================================================
2026-01-04 19:19:03,469 - INFO - 
Computing hub statistics...
2026-01-04 19:19:06,793 - INFO - ================================================================================
2026-01-04 19:19:06,793 - INFO - Hub Node Statistics
2026-01-04 19:19:06,793 - INFO - ================================================================================
2026-01-04 19:19:06,793 - INFO - Hub Percentile: 10.0%
2026-01-04 19:19:06,793 - INFO - --------------------------------------------------------------------------------
2026-01-04 19:19:06,793 - INFO - NODE CLASSIFICATION:
2026-01-04 19:19:06,793 - INFO -   Number of Hubs: 1061658 (10.0%)
2026-01-04 19:19:06,793 - INFO -   Number of Regular Nodes: 8928342 (90.0%)
2026-01-04 19:19:06,793 - INFO -   Hub Threshold (min in-degree): 35
2026-01-04 19:19:06,793 - INFO - --------------------------------------------------------------------------------
2026-01-04 19:19:06,793 - INFO - IN-DEGREE STATISTICS:
2026-01-04 19:19:06,793 - INFO -   Average Hub In-Degree: 43.36
2026-01-04 19:19:06,793 - INFO -   Average Regular In-Degree: 19.35
2026-01-04 19:19:06,793 - INFO -   Overall Average In-Degree: 21.90
2026-01-04 19:19:06,793 - INFO -   Median In-Degree: 19.00
2026-01-04 19:19:06,793 - INFO -   Max In-Degree: 189
2026-01-04 19:19:06,793 - INFO -   Min In-Degree: 0
2026-01-04 19:19:06,793 - INFO - --------------------------------------------------------------------------------
2026-01-04 19:19:06,793 - INFO - CONNECTIVITY PATTERNS:
2026-01-04 19:19:06,793 - INFO -   Hub → Hub: 3.19%
2026-01-04 19:19:06,793 - INFO -   Hub → Regular: 11.14%
2026-01-04 19:19:06,793 - INFO -   Regular → Hub: 17.85%
2026-01-04 19:19:06,793 - INFO -   Regular → Regular: 67.82%
2026-01-04 19:19:06,793 - INFO - ================================================================================
2026-01-04 19:19:06,794 - INFO - Added new entry for deep-image-96_flatnav-native_M32_ef200
2026-01-04 19:19:06,796 - INFO - Saved to ../metrics/indegree_stats_deep.json
2026-01-04 19:19:06,809 - INFO - Completed deep-image-96_flatnav-native_M32_ef200

2026-01-04 19:19:06,809 - INFO - ================================================================================
2026-01-04 19:19:06,809 - INFO - Run 3/3: deep-image-96_flatnav-native_M32_ef300
2026-01-04 19:19:06,809 - INFO -   M=32, ef_construction=300
2026-01-04 19:19:06,809 - INFO - ================================================================================
2026-01-04 19:55:46,714 - INFO - FlatNav indexing time = 2199.84 seconds
2026-01-04 19:55:46,714 - INFO - 
Computing in-degree distribution...
2026-01-04 19:55:48,362 - INFO - ================================================================================
2026-01-04 19:55:48,362 - INFO - In-Degree Distribution
2026-01-04 19:55:48,362 - INFO - ================================================================================
2026-01-04 19:55:48,362 - INFO - In-Degree       Percentage      Bar
2026-01-04 19:55:48,362 - INFO - --------------------------------------------------------------------------------
2026-01-04 19:55:48,362 - INFO - 0                   0.1155%    
2026-01-04 19:55:48,362 - INFO - 1                   0.0386%    
2026-01-04 19:55:48,362 - INFO - 2                   0.0348%    
2026-01-04 19:55:48,363 - INFO - 3                   0.0622%    
2026-01-04 19:55:48,363 - INFO - 4                   0.1184%    
2026-01-04 19:55:48,363 - INFO - 5                   0.2069%    
2026-01-04 19:55:48,363 - INFO - 6                   0.3220%    
2026-01-04 19:55:48,363 - INFO - 7                   0.4706%    
2026-01-04 19:55:48,363 - INFO - 8                   0.6591%    
2026-01-04 19:55:48,363 - INFO - 9                   0.8753%    
2026-01-04 19:55:48,363 - INFO - 10                  1.1394%    
2026-01-04 19:55:48,363 - INFO - 11                  1.4582%    
2026-01-04 19:55:48,363 - INFO - 12                  1.9018%    
2026-01-04 19:55:48,363 - INFO - 13                  2.5789%    █
2026-01-04 19:55:48,363 - INFO - 14                  3.7799%    █
2026-01-04 19:55:48,363 - INFO - 15                  5.8698%    ██
2026-01-04 19:55:48,363 - INFO - 16                  8.3490%    ████
2026-01-04 19:55:48,363 - INFO - 17                  7.2905%    ███
2026-01-04 19:55:48,363 - INFO - 18                  6.4218%    ███
2026-01-04 19:55:48,363 - INFO - 19                  5.7142%    ██
2026-01-04 19:55:48,363 - INFO - 20                  5.1139%    ██
2026-01-04 19:55:48,363 - INFO - 21                  4.5771%    ██
2026-01-04 19:55:48,363 - INFO - 22                  4.1210%    ██
2026-01-04 19:55:48,363 - INFO - 23                  3.7124%    █
2026-01-04 19:55:48,363 - INFO - 24                  3.3555%    █
2026-01-04 19:55:48,363 - INFO - 25                  3.0557%    █
2026-01-04 19:55:48,363 - INFO - 26                  2.7721%    █
2026-01-04 19:55:48,363 - INFO - 27                  2.5147%    █
2026-01-04 19:55:48,363 - INFO - 28                  2.2904%    █
2026-01-04 19:55:48,363 - INFO - 29                  2.0754%    █
2026-01-04 19:55:48,363 - INFO - ... (111 more entries)
2026-01-04 19:55:48,363 - INFO - ================================================================================
2026-01-04 19:55:48,363 - INFO - Total unique in-degree values: 141
2026-01-04 19:55:48,363 - INFO - ================================================================================
2026-01-04 19:55:48,363 - INFO - 
Computing hub statistics...
2026-01-04 19:55:51,882 - INFO - ================================================================================
2026-01-04 19:55:51,882 - INFO - Hub Node Statistics
2026-01-04 19:55:51,882 - INFO - ================================================================================
2026-01-04 19:55:51,882 - INFO - Hub Percentile: 10.0%
2026-01-04 19:55:51,882 - INFO - --------------------------------------------------------------------------------
2026-01-04 19:55:51,882 - INFO - NODE CLASSIFICATION:
2026-01-04 19:55:51,882 - INFO -   Number of Hubs: 1108707 (10.0%)
2026-01-04 19:55:51,882 - INFO -   Number of Regular Nodes: 8881293 (90.0%)
2026-01-04 19:55:51,882 - INFO -   Hub Threshold (min in-degree): 35
2026-01-04 19:55:51,882 - INFO - --------------------------------------------------------------------------------
2026-01-04 19:55:51,882 - INFO - IN-DEGREE STATISTICS:
2026-01-04 19:55:51,882 - INFO -   Average Hub In-Degree: 43.13
2026-01-04 19:55:51,882 - INFO -   Average Regular In-Degree: 19.95
2026-01-04 19:55:51,882 - INFO -   Overall Average In-Degree: 22.52
2026-01-04 19:55:51,882 - INFO -   Median In-Degree: 20.00
2026-01-04 19:55:51,882 - INFO -   Max In-Degree: 178
2026-01-04 19:55:51,882 - INFO -   Min In-Degree: 0
2026-01-04 19:55:51,882 - INFO - --------------------------------------------------------------------------------
2026-01-04 19:55:51,882 - INFO - CONNECTIVITY PATTERNS:
2026-01-04 19:55:51,882 - INFO -   Hub → Hub: 3.30%
2026-01-04 19:55:51,882 - INFO -   Hub → Regular: 11.28%
2026-01-04 19:55:51,882 - INFO -   Regular → Hub: 17.95%
2026-01-04 19:55:51,882 - INFO -   Regular → Regular: 67.47%
2026-01-04 19:55:51,882 - INFO - ================================================================================
2026-01-04 19:55:51,886 - INFO - Added new entry for deep-image-96_flatnav-native_M32_ef300
2026-01-04 19:55:52,084 - INFO - Saved to ../metrics/indegree_stats_deep.json
2026-01-04 19:55:52,097 - INFO - Completed deep-image-96_flatnav-native_M32_ef300

2026-01-04 19:55:52,097 - INFO - Analysis complete!
