INFO:root:Using 10000 queries for query-aware pruning
INFO:root:Building index_type='flatnav'
INFO:root:Indexing time = 0.49650025367736816 seconds
INFO:root:Metrics: {'node_links': 32, 'ef_construction': 30, 'recall': 0.9661679999999216, 'qps': 4226.770244928319, 'latency_p50': 0.2346038818359375, 'latency_p95': 0.30732154846191406, 'latency_p99': 0.35834312438964844, 'latency_p999': 0.4470391273498544, 'distance_computations': 818.0164}
INFO:root:Metrics: {'node_links': 32, 'ef_construction': 30, 'recall': 0.9874469999999504, 'qps': 2515.885399109031, 'latency_p50': 0.3943443298339844, 'latency_p95': 0.5156993865966797, 'latency_p99': 0.572206974029541, 'latency_p999': 0.6518499851226834, 'distance_computations': 1286.0671, 'distance_type': 'l2', 'ef_search': 100}
INFO:root:Metrics: {'node_links': 32, 'ef_construction': 30, 'recall': 0.9921959999999576, 'qps': 1829.3047423054504, 'latency_p50': 0.5433559417724609, 'latency_p95': 0.7081031799316406, 'latency_p99': 0.7727193832397462, 'latency_p999': 0.8454327583312989, 'distance_computations': 1703.5177, 'distance_type': 'l2', 'ef_search': 200}
INFO:root:Metrics: {'node_links': 32, 'ef_construction': 30, 'recall': 0.9951099999999636, 'qps': 1203.897566936905, 'latency_p50': 0.8268356323242188, 'latency_p95': 1.0745525360107422, 'latency_p99': 1.1708760261535645, 'latency_p999': 1.2822172641754155, 'distance_computations': 2469.858, 'distance_type': 'l2', 'ef_search': 300}
INFO:root:Metrics: {'node_links': 32, 'ef_construction': 30, 'recall': 0.9972009999999712, 'qps': 665.0666793602636, 'latency_p50': 1.5026330947875977, 'latency_p95': 1.927399635314941, 'latency_p99': 2.097616195678711, 'latency_p999': 2.2697505950927748, 'distance_computations': 4189.0694, 'distance_type': 'l2', 'ef_search': 500}
INFO:root:Metrics: {'node_links': 32, 'ef_construction': 30, 'recall': 0.998823999999984, 'qps': 249.48790281940632, 'latency_p50': 4.012346267700195, 'latency_p95': 4.88523244857788, 'latency_p99': 5.2094483375549325, 'latency_p999': 5.560161590576172, 'distance_computations': 10107.7675, 'distance_type': 'l2', 'ef_search': 1000}
INFO:root:Building index_type='flatnav'
INFO:root:Indexing time = 0.6113345623016357 seconds
INFO:root:Metrics: {'node_links': 32, 'ef_construction': 40, 'recall': 0.9763389999999273, 'qps': 4072.180132269271, 'latency_p50': 0.24461746215820312, 'latency_p95': 0.3247261047363281, 'latency_p99': 0.36931514739990245, 'latency_p999': 0.44203448295593395, 'distance_computations': 851.5192, 'distance_type': 'l2', 'ef_search': 3000}
INFO:root:Metrics: {'node_links': 32, 'ef_construction': 40, 'recall': 0.9923919999999613, 'qps': 2435.22051373042, 'latency_p50': 0.4107952117919922, 'latency_p95': 0.540506839752197, 'latency_p99': 0.5958151817321778, 'latency_p999': 0.6537451744079593, 'distance_computations': 1335.9808, 'distance_type': 'l2', 'ef_search': 100}
INFO:root:Metrics: {'node_links': 32, 'ef_construction': 40, 'recall': 0.9957289999999702, 'qps': 1773.1375351927918, 'latency_p50': 0.5648136138916016, 'latency_p95': 0.742685794830322, 'latency_p99': 0.8122920989990234, 'latency_p999': 0.9000353813171398, 'distance_computations': 1767.2869, 'distance_type': 'l2', 'ef_search': 200}
INFO:root:Metrics: {'node_links': 32, 'ef_construction': 40, 'recall': 0.9976389999999786, 'qps': 1172.5799008875567, 'latency_p50': 0.8535385131835938, 'latency_p95': 1.1265397071838377, 'latency_p99': 1.23429536819458, 'latency_p999': 1.3470666408538823, 'distance_computations': 2551.3701, 'distance_type': 'l2', 'ef_search': 300}
INFO:root:Metrics: {'node_links': 32, 'ef_construction': 40, 'recall': 0.9988469999999854, 'qps': 651.5624395855176, 'latency_p50': 1.5413761138916016, 'latency_p95': 2.0008206367492676, 'latency_p99': 2.183926105499268, 'latency_p999': 2.3477103710174565, 'distance_computations': 4298.8364, 'distance_type': 'l2', 'ef_search': 500}
INFO:root:Metrics: {'node_links': 32, 'ef_construction': 40, 'recall': 0.9995789999999937, 'qps': 247.31358141140464, 'latency_p50': 4.071474075317383, 'latency_p95': 4.990100860595703, 'latency_p99': 5.33775806427002, 'latency_p999': 5.677713632583621, 'distance_computations': 10245.513, 'distance_type': 'l2', 'ef_search': 1000}
INFO:root:Building index_type='flatnav'
INFO:root:Indexing time = 0.7213578224182129 seconds
INFO:root:Metrics: {'node_links': 32, 'ef_construction': 50, 'recall': 0.981226999999938, 'qps': 3872.5683136999855, 'latency_p50': 0.2586841583251953, 'latency_p95': 0.3402352333068846, 'latency_p99': 0.3790855407714844, 'latency_p999': 0.43177676200866716, 'distance_computations': 859.5915, 'distance_type': 'l2', 'ef_search': 3000}
INFO:root:Metrics: {'node_links': 32, 'ef_construction': 50, 'recall': 0.9945459999999697, 'qps': 2424.8075094441547, 'latency_p50': 0.41294097900390625, 'latency_p95': 0.5483746528625486, 'latency_p99': 0.5998682975769044, 'latency_p999': 0.6759166717529297, 'distance_computations': 1345.1156, 'distance_type': 'l2', 'ef_search': 100}
INFO:root:Metrics: {'node_links': 32, 'ef_construction': 50, 'recall': 0.997100999999978, 'qps': 1770.0785644378166, 'latency_p50': 0.5650520324707031, 'latency_p95': 0.7543683052062986, 'latency_p99': 0.8339881896972656, 'latency_p999': 0.9286415576934817, 'distance_computations': 1772.2918, 'distance_type': 'l2', 'ef_search': 200}
INFO:root:Metrics: {'node_links': 32, 'ef_construction': 50, 'recall': 0.9985049999999847, 'qps': 1175.0033659137348, 'latency_p50': 0.8513927459716797, 'latency_p95': 1.1420369148254392, 'latency_p99': 1.2593412399291994, 'latency_p999': 1.3804464340209968, 'distance_computations': 2542.4397, 'distance_type': 'l2', 'ef_search': 300}
INFO:root:Metrics: {'node_links': 32, 'ef_construction': 50, 'recall': 0.9992949999999914, 'qps': 659.2479456617879, 'latency_p50': 1.5213489532470703, 'latency_p95': 2.0167946815490723, 'latency_p99': 2.2108674049377446, 'latency_p999': 2.3932518959045423, 'distance_computations': 4239.868, 'distance_type': 'l2', 'ef_search': 500}
INFO:root:Metrics: {'node_links': 32, 'ef_construction': 50, 'recall': 0.9997439999999959, 'qps': 252.446859754976, 'latency_p50': 3.9768218994140625, 'latency_p95': 4.983675479888916, 'latency_p99': 5.356578826904298, 'latency_p999': 5.703718662261969, 'distance_computations': 9991.3988, 'distance_type': 'l2', 'ef_search': 1000}
INFO:root:Building index_type='flatnav'
INFO:root:Indexing time = 1.2509171962738037 seconds
INFO:root:Metrics: {'node_links': 32, 'ef_construction': 100, 'recall': 0.9884639999999474, 'qps': 3582.4021314516467, 'latency_p50': 0.2799034118652344, 'latency_p95': 0.3693103790283203, 'latency_p99': 0.40769815444946295, 'latency_p999': 0.4580128192901633, 'distance_computations': 933.0222, 'distance_type': 'l2', 'ef_search': 3000}
INFO:root:Metrics: {'node_links': 32, 'ef_construction': 100, 'recall': 0.9974539999999817, 'qps': 2156.2390965262443, 'latency_p50': 0.4649162292480469, 'latency_p95': 0.6289720535278317, 'latency_p99': 0.6907010078430176, 'latency_p999': 0.7567477226257339, 'distance_computations': 1461.3282, 'distance_type': 'l2', 'ef_search': 100}
INFO:root:Metrics: {'node_links': 32, 'ef_construction': 100, 'recall': 0.9988579999999896, 'qps': 1585.182392931128, 'latency_p50': 0.6306171417236328, 'latency_p95': 0.8630752563476562, 'latency_p99': 0.953929424285889, 'latency_p999': 1.045706748962403, 'distance_computations': 1920.1378, 'distance_type': 'l2', 'ef_search': 200}
INFO:root:Metrics: {'node_links': 32, 'ef_construction': 100, 'recall': 0.9995079999999942, 'qps': 1060.8125255225286, 'latency_p50': 0.9424686431884766, 'latency_p95': 1.2939214706420894, 'latency_p99': 1.425750255584717, 'latency_p999': 1.5697529315948497, 'distance_computations': 2738.696, 'distance_type': 'l2', 'ef_search': 300}
INFO:root:Metrics: {'node_links': 32, 'ef_construction': 100, 'recall': 0.9998519999999976, 'qps': 604.5875848274794, 'latency_p50': 1.6582012176513672, 'latency_p95': 2.2506952285766597, 'latency_p99': 2.480747699737549, 'latency_p999': 2.697231531143189, 'distance_computations': 4514.5726, 'distance_type': 'l2', 'ef_search': 500}
INFO:root:Metrics: {'node_links': 32, 'ef_construction': 100, 'recall': 0.9999559999999992, 'qps': 236.72879374448243, 'latency_p50': 4.245162010192871, 'latency_p95': 5.427145957946777, 'latency_p99': 5.860335826873779, 'latency_p999': 6.312630414962773, 'distance_computations': 10424.928, 'distance_type': 'l2', 'ef_search': 1000}
INFO:root:Building index_type='flatnav'
INFO:root:Indexing time = 2.2089619636535645 seconds
INFO:root:Metrics: {'node_links': 32, 'ef_construction': 200, 'recall': 0.9913289999999538, 'qps': 3483.0973236737123, 'latency_p50': 0.2892017364501953, 'latency_p95': 0.3809928894042969, 'latency_p99': 0.4193830490112306, 'latency_p999': 0.45847964286804216, 'distance_computations': 1006.4816, 'distance_type': 'l2', 'ef_search': 3000}
INFO:root:Metrics: {'node_links': 32, 'ef_construction': 200, 'recall': 0.9984929999999865, 'qps': 2086.108869781481, 'latency_p50': 0.4818439483642578, 'latency_p95': 0.6520748138427734, 'latency_p99': 0.7193112373352051, 'latency_p999': 0.7936956882476807, 'distance_computations': 1584.4862, 'distance_type': 'l2', 'ef_search': 100}
INFO:root:Metrics: {'node_links': 32, 'ef_construction': 200, 'recall': 0.9994539999999944, 'qps': 1532.4806260661323, 'latency_p50': 0.6561279296875, 'latency_p95': 0.8950233459472656, 'latency_p99': 0.9925389289855957, 'latency_p999': 1.081705093383789, 'distance_computations': 2082.8005, 'distance_type': 'l2', 'ef_search': 200}
INFO:root:Metrics: {'node_links': 32, 'ef_construction': 200, 'recall': 0.9998029999999977, 'qps': 1027.8033743421825, 'latency_p50': 0.9788274765014648, 'latency_p95': 1.3437271118164062, 'latency_p99': 1.4846539497375493, 'latency_p999': 1.6357915401458745, 'distance_computations': 2965.2307, 'distance_type': 'l2', 'ef_search': 300}
INFO:root:Metrics: {'node_links': 32, 'ef_construction': 200, 'recall': 0.9999649999999994, 'qps': 589.1515700144653, 'latency_p50': 1.7130374908447266, 'latency_p95': 2.3267269134521484, 'latency_p99': 2.561330795288086, 'latency_p999': 2.770914793014529, 'distance_computations': 4857.8736, 'distance_type': 'l2', 'ef_search': 500}
INFO:root:Metrics: {'node_links': 32, 'ef_construction': 200, 'recall': 0.9999929999999998, 'qps': 233.54201069484748, 'latency_p50': 4.323124885559082, 'latency_p95': 5.5387139320373535, 'latency_p99': 5.97383737564087, 'latency_p999': 6.41635441780091, 'distance_computations': 11039.9836, 'distance_type': 'l2', 'ef_search': 1000}
INFO:root:Building index_type='flatnav'
INFO:root:Indexing time = 3.134779453277588 seconds
INFO:root:Metrics: {'node_links': 32, 'ef_construction': 300, 'recall': 0.9922149999999567, 'qps': 3360.8242829759583, 'latency_p50': 0.3006458282470703, 'latency_p95': 0.39386749267578125, 'latency_p99': 0.4322528839111328, 'latency_p999': 0.4730262756347664, 'distance_computations': 1043.9998, 'distance_type': 'l2', 'ef_search': 3000}
INFO:root:Metrics: {'node_links': 32, 'ef_construction': 300, 'recall': 0.9987709999999883, 'qps': 2010.255682730452, 'latency_p50': 0.5009174346923828, 'latency_p95': 0.6735324859619141, 'latency_p99': 0.7412600517272953, 'latency_p999': 0.8082394599914552, 'distance_computations': 1648.7354, 'distance_type': 'l2', 'ef_search': 100}
INFO:root:Metrics: {'node_links': 32, 'ef_construction': 300, 'recall': 0.9995599999999955, 'qps': 1476.2913321933559, 'latency_p50': 0.6825923919677734, 'latency_p95': 0.926971435546875, 'latency_p99': 1.0263967514038086, 'latency_p999': 1.1222364902496338, 'distance_computations': 2169.5946, 'distance_type': 'l2', 'ef_search': 200}
INFO:root:Metrics: {'node_links': 32, 'ef_construction': 300, 'recall': 0.9998649999999989, 'qps': 991.3864124999802, 'latency_p50': 1.016855239868164, 'latency_p95': 1.3918995857238767, 'latency_p99': 1.5330505371093754, 'latency_p999': 1.6787083148956305, 'distance_computations': 3087.5595, 'distance_type': 'l2', 'ef_search': 300}
INFO:root:Metrics: {'node_links': 32, 'ef_construction': 300, 'recall': 0.9999779999999995, 'qps': 570.8480277371203, 'latency_p50': 1.7695426940917969, 'latency_p95': 2.401113510131836, 'latency_p99': 2.6462149620056152, 'latency_p999': 2.87557077407837, 'distance_computations': 5043.5101, 'distance_type': 'l2', 'ef_search': 500}
INFO:root:Metrics: {'node_links': 32, 'ef_construction': 300, 'recall': 0.9999969999999999, 'qps': 228.34161586955676, 'latency_p50': 4.427194595336914, 'latency_p95': 5.675172805786131, 'latency_p99': 6.118781566619873, 'latency_p999': 6.600618839263916, 'distance_computations': 11352.3735, 'distance_type': 'l2', 'ef_search': 1000}
/cluster/home/emmanueq/code/flatnav/venv/lib/python3.11/site-packages/numpy/core/getlimits.py:549: UserWarning: The value of the smallest subnormal for <class 'numpy.float64'> type is zero.
  setattr(self, word, getattr(machar, word).flat[0])
/cluster/home/emmanueq/code/flatnav/venv/lib/python3.11/site-packages/numpy/core/getlimits.py:89: UserWarning: The value of the smallest subnormal for <class 'numpy.float64'> type is zero.
  return self._float_to_str(self.smallest_subnormal)
