INFO:root:Building index_type='flatnav'
INFO:root:Indexing time = 2.393986701965332 seconds
INFO:root:Metrics: {'node_links': 32, 'ef_construction': 30, 'recall': 0.504297000000006, 'qps': 4114.682022585554, 'latency_p50': 0.23818016052246094, 'latency_p95': 0.34500360488891585, 'latency_p99': 0.39124727249145513, 'latency_p999': 0.44966006278991755, 'distance_computations': 1583.2262}
INFO:root:Memory: index=387.2MB, search=2.5MB, construction_time=5.45s
INFO:root:Building index_type='flatnav'
INFO:root:Indexing time = 2.4497921466827393 seconds
INFO:root:Metrics: {'node_links': 32, 'ef_construction': 40, 'recall': 0.5700909999999999, 'qps': 4094.1640233207922, 'latency_p50': 0.24139881134033203, 'latency_p95': 0.3490567207336424, 'latency_p99': 0.40245294570922857, 'latency_p999': 0.4587240219116224, 'distance_computations': 1604.4884, 'distance_type': 'angular', 'ef_search': 100}
INFO:root:Memory: index=346.9MB, search=-15.4MB, construction_time=5.94s
INFO:root:Building index_type='flatnav'
INFO:root:Indexing time = 3.02620530128479 seconds
INFO:root:Metrics: {'node_links': 32, 'ef_construction': 50, 'recall': 0.600962000000001, 'qps': 3951.8772741786906, 'latency_p50': 0.25010108947753906, 'latency_p95': 0.3638267517089844, 'latency_p99': 0.4186654090881348, 'latency_p999': 0.4804155826568608, 'distance_computations': 1684.1918, 'distance_type': 'angular', 'ef_search': 100}
INFO:root:Memory: index=345.1MB, search=19.3MB, construction_time=6.93s
INFO:root:Building index_type='flatnav'
INFO:root:Indexing time = 5.470045566558838 seconds
INFO:root:Metrics: {'node_links': 32, 'ef_construction': 100, 'recall': 0.6542719999999995, 'qps': 3570.096843561762, 'latency_p50': 0.2789497375488281, 'latency_p95': 0.38695335388183594, 'latency_p99': 0.44441461563110357, 'latency_p999': 0.5011591911315925, 'distance_computations': 1908.3001, 'distance_type': 'angular', 'ef_search': 100}
INFO:root:Memory: index=323.9MB, search=0.5MB, construction_time=10.35s
INFO:root:Building index_type='flatnav'
INFO:root:Indexing time = 9.715537786483765 seconds
INFO:root:Metrics: {'node_links': 32, 'ef_construction': 200, 'recall': 0.6783569999999989, 'qps': 3375.1554579365325, 'latency_p50': 0.293731689453125, 'latency_p95': 0.40078163146972656, 'latency_p99': 0.4646801948547364, 'latency_p999': 0.5335869789123547, 'distance_computations': 2046.6473, 'distance_type': 'angular', 'ef_search': 100}
INFO:root:Memory: index=324.1MB, search=1.4MB, construction_time=15.04s
INFO:root:Building index_type='flatnav'
INFO:root:Indexing time = 13.751396417617798 seconds
INFO:root:Metrics: {'node_links': 32, 'ef_construction': 300, 'recall': 0.6867029999999973, 'qps': 3310.2472032451014, 'latency_p50': 0.2989768981933594, 'latency_p95': 0.4074692726135252, 'latency_p99': 0.4703998565673828, 'latency_p999': 0.5295276641845703, 'distance_computations': 2096.1325, 'distance_type': 'angular', 'ef_search': 100}
INFO:root:Memory: index=322.1MB, search=0.5MB, construction_time=19.21s
/cluster/home/emmanueq/code/flatnav/venv/lib/python3.11/site-packages/numpy/core/getlimits.py:549: UserWarning: The value of the smallest subnormal for <class 'numpy.float64'> type is zero.
  setattr(self, word, getattr(machar, word).flat[0])
/cluster/home/emmanueq/code/flatnav/venv/lib/python3.11/site-packages/numpy/core/getlimits.py:89: UserWarning: The value of the smallest subnormal for <class 'numpy.float64'> type is zero.
  return self._float_to_str(self.smallest_subnormal)
Traceback (most recent call last):
  File "/cluster/home/emmanueq/code/flatnav/experiments/run-benchmark.py", line 669, in <module>
    run_experiment()
  File "/cluster/home/emmanueq/code/flatnav/experiments/run-benchmark.py", line 660, in run_experiment
    plot_all_metrics(
  File "/cluster/home/emmanueq/code/flatnav/experiments/run-benchmark.py", line 599, in plot_all_metrics
    experiment_runs[experiment_key] = [
                                      ^
  File "/cluster/home/emmanueq/code/flatnav/experiments/run-benchmark.py", line 600, in <listcomp>
    (experiment_key, run[x_metric], run[y_metric]) for run in metrics
                                    ~~~^^^^^^^^^^
KeyError: 'latency_p999'
make: *** [Makefile:531: nytimes-bench-flatnav] Error 1
