2026-01-04 16:46:01,384 - INFO - Loading dataset from ../data/mnist-784-euclidean/mnist-784-euclidean.train.npy
2026-01-04 16:46:01,621 - INFO - Dataset shape: (60000, 784)
2026-01-04 16:46:01,621 - INFO - Output file: ../metrics/indegree_stats_mnist.json
2026-01-04 16:46:01,622 - INFO - Parameters:
2026-01-04 16:46:01,622 - INFO -   Dataset: mnist
2026-01-04 16:46:01,622 - INFO -   Metric: l2
2026-01-04 16:46:01,622 - INFO -   M values: [32]
2026-01-04 16:46:01,622 - INFO -   ef_construction values: [100, 200, 400]
2026-01-04 16:46:01,622 - INFO -   Use HNSW base layer: False
2026-01-04 16:46:01,622 - INFO -   Hub percentile: 10.0%
2026-01-04 16:46:01,622 - INFO - ================================================================================
2026-01-04 16:46:01,622 - INFO - Run 1/3: mnist_flatnav-native_M32_ef100
2026-01-04 16:46:01,622 - INFO -   M=32, ef_construction=100
2026-01-04 16:46:01,622 - INFO - ================================================================================
2026-01-04 16:46:05,757 - INFO - FlatNav indexing time = 4.13 seconds
2026-01-04 16:46:05,757 - INFO - 
Computing in-degree distribution...
2026-01-04 16:46:05,766 - INFO - ================================================================================
2026-01-04 16:46:05,766 - INFO - In-Degree Distribution
2026-01-04 16:46:05,766 - INFO - ================================================================================
2026-01-04 16:46:05,766 - INFO - In-Degree       Percentage      Bar
2026-01-04 16:46:05,766 - INFO - --------------------------------------------------------------------------------
2026-01-04 16:46:05,766 - INFO - 0                   0.2000%    
2026-01-04 16:46:05,766 - INFO - 1                   0.1150%    
2026-01-04 16:46:05,766 - INFO - 2                   0.1450%    
2026-01-04 16:46:05,766 - INFO - 3                   0.3350%    
2026-01-04 16:46:05,766 - INFO - 4                   0.6783%    
2026-01-04 16:46:05,766 - INFO - 5                   1.1967%    
2026-01-04 16:46:05,766 - INFO - 6                   2.0050%    █
2026-01-04 16:46:05,766 - INFO - 7                   2.8217%    █
2026-01-04 16:46:05,766 - INFO - 8                   3.9367%    █
2026-01-04 16:46:05,766 - INFO - 9                   4.8467%    ██
2026-01-04 16:46:05,766 - INFO - 10                  5.5533%    ██
2026-01-04 16:46:05,766 - INFO - 11                  5.9483%    ██
2026-01-04 16:46:05,766 - INFO - 12                  6.3217%    ███
2026-01-04 16:46:05,766 - INFO - 13                  6.4283%    ███
2026-01-04 16:46:05,766 - INFO - 14                  6.2083%    ███
2026-01-04 16:46:05,766 - INFO - 15                  6.0367%    ███
2026-01-04 16:46:05,766 - INFO - 16                  5.5750%    ██
2026-01-04 16:46:05,766 - INFO - 17                  5.1417%    ██
2026-01-04 16:46:05,766 - INFO - 18                  4.5783%    ██
2026-01-04 16:46:05,766 - INFO - 19                  4.1900%    ██
2026-01-04 16:46:05,766 - INFO - 20                  3.7717%    █
2026-01-04 16:46:05,766 - INFO - 21                  3.3500%    █
2026-01-04 16:46:05,766 - INFO - 22                  2.8950%    █
2026-01-04 16:46:05,766 - INFO - 23                  2.6050%    █
2026-01-04 16:46:05,766 - INFO - 24                  2.2917%    █
2026-01-04 16:46:05,766 - INFO - 25                  2.0467%    █
2026-01-04 16:46:05,766 - INFO - 26                  1.7883%    
2026-01-04 16:46:05,766 - INFO - 27                  1.4850%    
2026-01-04 16:46:05,766 - INFO - 28                  1.3400%    
2026-01-04 16:46:05,766 - INFO - 29                  1.0883%    
2026-01-04 16:46:05,766 - INFO - ... (26 more entries)
2026-01-04 16:46:05,766 - INFO - ================================================================================
2026-01-04 16:46:05,766 - INFO - Total unique in-degree values: 56
2026-01-04 16:46:05,766 - INFO - ================================================================================
2026-01-04 16:46:05,766 - INFO - 
Computing hub statistics...
2026-01-04 16:46:05,778 - INFO - ================================================================================
2026-01-04 16:46:05,778 - INFO - Hub Node Statistics
2026-01-04 16:46:05,778 - INFO - ================================================================================
2026-01-04 16:46:05,779 - INFO - Hub Percentile: 10.0%
2026-01-04 16:46:05,779 - INFO - --------------------------------------------------------------------------------
2026-01-04 16:46:05,779 - INFO - NODE CLASSIFICATION:
2026-01-04 16:46:05,779 - INFO -   Number of Hubs: 6467 (10.0%)
2026-01-04 16:46:05,779 - INFO -   Number of Regular Nodes: 53533 (90.0%)
2026-01-04 16:46:05,779 - INFO -   Hub Threshold (min in-degree): 26
2026-01-04 16:46:05,779 - INFO - --------------------------------------------------------------------------------
2026-01-04 16:46:05,779 - INFO - IN-DEGREE STATISTICS:
2026-01-04 16:46:05,779 - INFO -   Average Hub In-Degree: 30.43
2026-01-04 16:46:05,779 - INFO -   Average Regular In-Degree: 14.45
2026-01-04 16:46:05,779 - INFO -   Overall Average In-Degree: 16.17
2026-01-04 16:46:05,779 - INFO -   Median In-Degree: 15.00
2026-01-04 16:46:05,779 - INFO -   Max In-Degree: 66
2026-01-04 16:46:05,779 - INFO -   Min In-Degree: 0
2026-01-04 16:46:05,779 - INFO - --------------------------------------------------------------------------------
2026-01-04 16:46:05,779 - INFO - CONNECTIVITY PATTERNS:
2026-01-04 16:46:05,779 - INFO -   Hub → Hub: 3.03%
2026-01-04 16:46:05,779 - INFO -   Hub → Regular: 11.67%
2026-01-04 16:46:05,779 - INFO -   Regular → Hub: 17.25%
2026-01-04 16:46:05,779 - INFO -   Regular → Regular: 68.05%
2026-01-04 16:46:05,779 - INFO - ================================================================================
2026-01-04 16:46:05,780 - INFO - Added new entry for mnist_flatnav-native_M32_ef100
2026-01-04 16:46:05,782 - INFO - Saved to ../metrics/indegree_stats_mnist.json
2026-01-04 16:46:05,782 - INFO - Completed mnist_flatnav-native_M32_ef100

2026-01-04 16:46:05,783 - INFO - ================================================================================
2026-01-04 16:46:05,783 - INFO - Run 2/3: mnist_flatnav-native_M32_ef200
2026-01-04 16:46:05,783 - INFO -   M=32, ef_construction=200
2026-01-04 16:46:05,783 - INFO - ================================================================================
2026-01-04 16:46:12,739 - INFO - FlatNav indexing time = 6.96 seconds
2026-01-04 16:46:12,741 - INFO - 
Computing in-degree distribution...
2026-01-04 16:46:12,749 - INFO - ================================================================================
2026-01-04 16:46:12,749 - INFO - In-Degree Distribution
2026-01-04 16:46:12,749 - INFO - ================================================================================
2026-01-04 16:46:12,749 - INFO - In-Degree       Percentage      Bar
2026-01-04 16:46:12,749 - INFO - --------------------------------------------------------------------------------
2026-01-04 16:46:12,749 - INFO - 0                   0.1883%    
2026-01-04 16:46:12,749 - INFO - 1                   0.0750%    
2026-01-04 16:46:12,749 - INFO - 2                   0.0733%    
2026-01-04 16:46:12,749 - INFO - 3                   0.1167%    
2026-01-04 16:46:12,749 - INFO - 4                   0.3317%    
2026-01-04 16:46:12,749 - INFO - 5                   0.6300%    
2026-01-04 16:46:12,749 - INFO - 6                   1.1133%    
2026-01-04 16:46:12,749 - INFO - 7                   1.7567%    
2026-01-04 16:46:12,749 - INFO - 8                   2.4900%    █
2026-01-04 16:46:12,749 - INFO - 9                   3.2467%    █
2026-01-04 16:46:12,749 - INFO - 10                  4.0783%    ██
2026-01-04 16:46:12,749 - INFO - 11                  4.8917%    ██
2026-01-04 16:46:12,749 - INFO - 12                  5.3550%    ██
2026-01-04 16:46:12,749 - INFO - 13                  5.9833%    ██
2026-01-04 16:46:12,749 - INFO - 14                  6.2617%    ███
2026-01-04 16:46:12,749 - INFO - 15                  6.1733%    ███
2026-01-04 16:46:12,749 - INFO - 16                  6.5217%    ███
2026-01-04 16:46:12,749 - INFO - 17                  5.9383%    ██
2026-01-04 16:46:12,749 - INFO - 18                  5.6167%    ██
2026-01-04 16:46:12,749 - INFO - 19                  5.0017%    ██
2026-01-04 16:46:12,749 - INFO - 20                  4.4350%    ██
2026-01-04 16:46:12,749 - INFO - 21                  4.1567%    ██
2026-01-04 16:46:12,749 - INFO - 22                  3.5517%    █
2026-01-04 16:46:12,749 - INFO - 23                  3.2333%    █
2026-01-04 16:46:12,749 - INFO - 24                  2.7750%    █
2026-01-04 16:46:12,749 - INFO - 25                  2.4367%    █
2026-01-04 16:46:12,749 - INFO - 26                  2.2267%    █
2026-01-04 16:46:12,749 - INFO - 27                  1.8667%    
2026-01-04 16:46:12,749 - INFO - 28                  1.6900%    
2026-01-04 16:46:12,749 - INFO - 29                  1.4083%    
2026-01-04 16:46:12,750 - INFO - ... (31 more entries)
2026-01-04 16:46:12,750 - INFO - ================================================================================
2026-01-04 16:46:12,750 - INFO - Total unique in-degree values: 61
2026-01-04 16:46:12,750 - INFO - ================================================================================
2026-01-04 16:46:12,750 - INFO - 
Computing hub statistics...
2026-01-04 16:46:12,762 - INFO - ================================================================================
2026-01-04 16:46:12,762 - INFO - Hub Node Statistics
2026-01-04 16:46:12,762 - INFO - ================================================================================
2026-01-04 16:46:12,762 - INFO - Hub Percentile: 10.0%
2026-01-04 16:46:12,762 - INFO - --------------------------------------------------------------------------------
2026-01-04 16:46:12,762 - INFO - NODE CLASSIFICATION:
2026-01-04 16:46:12,762 - INFO -   Number of Hubs: 6805 (10.0%)
2026-01-04 16:46:12,762 - INFO -   Number of Regular Nodes: 53195 (90.0%)
2026-01-04 16:46:12,762 - INFO -   Hub Threshold (min in-degree): 27
2026-01-04 16:46:12,762 - INFO - --------------------------------------------------------------------------------
2026-01-04 16:46:12,762 - INFO - IN-DEGREE STATISTICS:
2026-01-04 16:46:12,762 - INFO -   Average Hub In-Degree: 31.38
2026-01-04 16:46:12,762 - INFO -   Average Regular In-Degree: 15.85
2026-01-04 16:46:12,762 - INFO -   Overall Average In-Degree: 17.61
2026-01-04 16:46:12,762 - INFO -   Median In-Degree: 17.00
2026-01-04 16:46:12,762 - INFO -   Max In-Degree: 67
2026-01-04 16:46:12,762 - INFO -   Min In-Degree: 0
2026-01-04 16:46:12,762 - INFO - --------------------------------------------------------------------------------
2026-01-04 16:46:12,762 - INFO - CONNECTIVITY PATTERNS:
2026-01-04 16:46:12,762 - INFO -   Hub → Hub: 2.79%
2026-01-04 16:46:12,762 - INFO -   Hub → Regular: 11.10%
2026-01-04 16:46:12,762 - INFO -   Regular → Hub: 17.42%
2026-01-04 16:46:12,762 - INFO -   Regular → Regular: 68.69%
2026-01-04 16:46:12,762 - INFO - ================================================================================
2026-01-04 16:46:12,764 - INFO - Added new entry for mnist_flatnav-native_M32_ef200
2026-01-04 16:46:12,765 - INFO - Saved to ../metrics/indegree_stats_mnist.json
2026-01-04 16:46:12,766 - INFO - Completed mnist_flatnav-native_M32_ef200

2026-01-04 16:46:12,766 - INFO - ================================================================================
2026-01-04 16:46:12,766 - INFO - Run 3/3: mnist_flatnav-native_M32_ef400
2026-01-04 16:46:12,766 - INFO -   M=32, ef_construction=400
2026-01-04 16:46:12,766 - INFO - ================================================================================
2026-01-04 16:46:26,227 - INFO - FlatNav indexing time = 13.46 seconds
2026-01-04 16:46:26,227 - INFO - 
Computing in-degree distribution...
2026-01-04 16:46:26,235 - INFO - ================================================================================
2026-01-04 16:46:26,235 - INFO - In-Degree Distribution
2026-01-04 16:46:26,235 - INFO - ================================================================================
2026-01-04 16:46:26,235 - INFO - In-Degree       Percentage      Bar
2026-01-04 16:46:26,235 - INFO - --------------------------------------------------------------------------------
2026-01-04 16:46:26,235 - INFO - 0                   0.1750%    
2026-01-04 16:46:26,235 - INFO - 1                   0.0700%    
2026-01-04 16:46:26,235 - INFO - 2                   0.0367%    
2026-01-04 16:46:26,235 - INFO - 3                   0.0483%    
2026-01-04 16:46:26,235 - INFO - 4                   0.1933%    
2026-01-04 16:46:26,235 - INFO - 5                   0.3883%    
2026-01-04 16:46:26,235 - INFO - 6                   0.6983%    
2026-01-04 16:46:26,235 - INFO - 7                   1.1433%    
2026-01-04 16:46:26,235 - INFO - 8                   1.6883%    
2026-01-04 16:46:26,235 - INFO - 9                   2.3850%    █
2026-01-04 16:46:26,235 - INFO - 10                  3.0250%    █
2026-01-04 16:46:26,235 - INFO - 11                  3.7817%    █
2026-01-04 16:46:26,235 - INFO - 12                  4.6367%    ██
2026-01-04 16:46:26,235 - INFO - 13                  5.2350%    ██
2026-01-04 16:46:26,235 - INFO - 14                  5.5733%    ██
2026-01-04 16:46:26,235 - INFO - 15                  6.1567%    ███
2026-01-04 16:46:26,235 - INFO - 16                  7.2083%    ███
2026-01-04 16:46:26,235 - INFO - 17                  6.7617%    ███
2026-01-04 16:46:26,235 - INFO - 18                  6.2317%    ███
2026-01-04 16:46:26,235 - INFO - 19                  5.6800%    ██
2026-01-04 16:46:26,235 - INFO - 20                  5.1100%    ██
2026-01-04 16:46:26,235 - INFO - 21                  4.6317%    ██
2026-01-04 16:46:26,236 - INFO - 22                  4.0250%    ██
2026-01-04 16:46:26,236 - INFO - 23                  3.5233%    █
2026-01-04 16:46:26,236 - INFO - 24                  3.1433%    █
2026-01-04 16:46:26,236 - INFO - 25                  2.7750%    █
2026-01-04 16:46:26,236 - INFO - 26                  2.5417%    █
2026-01-04 16:46:26,236 - INFO - 27                  2.0583%    █
2026-01-04 16:46:26,236 - INFO - 28                  1.8583%    
2026-01-04 16:46:26,236 - INFO - 29                  1.5283%    
2026-01-04 16:46:26,236 - INFO - ... (34 more entries)
2026-01-04 16:46:26,236 - INFO - ================================================================================
2026-01-04 16:46:26,236 - INFO - Total unique in-degree values: 64
2026-01-04 16:46:26,236 - INFO - ================================================================================
2026-01-04 16:46:26,236 - INFO - 
Computing hub statistics...
2026-01-04 16:46:26,248 - INFO - ================================================================================
2026-01-04 16:46:26,248 - INFO - Hub Node Statistics
2026-01-04 16:46:26,248 - INFO - ================================================================================
2026-01-04 16:46:26,248 - INFO - Hub Percentile: 10.0%
2026-01-04 16:46:26,248 - INFO - --------------------------------------------------------------------------------
2026-01-04 16:46:26,248 - INFO - NODE CLASSIFICATION:
2026-01-04 16:46:26,248 - INFO -   Number of Hubs: 6645 (10.0%)
2026-01-04 16:46:26,248 - INFO -   Number of Regular Nodes: 53355 (90.0%)
2026-01-04 16:46:26,248 - INFO -   Hub Threshold (min in-degree): 28
2026-01-04 16:46:26,248 - INFO - --------------------------------------------------------------------------------
2026-01-04 16:46:26,248 - INFO - IN-DEGREE STATISTICS:
2026-01-04 16:46:26,248 - INFO -   Average Hub In-Degree: 32.65
2026-01-04 16:46:26,248 - INFO -   Average Regular In-Degree: 16.89
2026-01-04 16:46:26,248 - INFO -   Overall Average In-Degree: 18.64
2026-01-04 16:46:26,248 - INFO -   Median In-Degree: 18.00
2026-01-04 16:46:26,248 - INFO -   Max In-Degree: 65
2026-01-04 16:46:26,248 - INFO -   Min In-Degree: 0
2026-01-04 16:46:26,248 - INFO - --------------------------------------------------------------------------------
2026-01-04 16:46:26,248 - INFO - CONNECTIVITY PATTERNS:
2026-01-04 16:46:26,248 - INFO -   Hub → Hub: 2.47%
2026-01-04 16:46:26,248 - INFO -   Hub → Regular: 10.28%
2026-01-04 16:46:26,249 - INFO -   Regular → Hub: 16.93%
2026-01-04 16:46:26,249 - INFO -   Regular → Regular: 70.32%
2026-01-04 16:46:26,249 - INFO - ================================================================================
2026-01-04 16:46:26,249 - INFO - Added new entry for mnist_flatnav-native_M32_ef400
2026-01-04 16:46:26,251 - INFO - Saved to ../metrics/indegree_stats_mnist.json
2026-01-04 16:46:26,252 - INFO - Completed mnist_flatnav-native_M32_ef400

2026-01-04 16:46:26,252 - INFO - Analysis complete!
