INFO:root:Building index_type='flatnav'
INFO:root:Indexing time = 69.44569659233093 seconds
INFO:root:Metrics: {'node_links': 32, 'ef_construction': 30, 'recall': 0.7065029999999971, 'qps': 4887.109998961827, 'latency_p50': 0.1964569091796875, 'latency_p95': 0.2815842628479002, 'latency_p99': 0.3576302528381348, 'latency_p999': 0.6175103187561047, 'distance_computations': 1627.4613}
INFO:root:Metrics: {'node_links': 32, 'ef_construction': 30, 'recall': 0.809747999999983, 'qps': 2908.1580262013395, 'latency_p50': 0.34236907958984375, 'latency_p95': 0.41675567626953125, 'latency_p99': 0.5142831802368167, 'latency_p999': 0.751978397369386, 'distance_computations': 2748.4393, 'distance_type': 'l2', 'ef_search': 100}
INFO:root:Metrics: {'node_links': 32, 'ef_construction': 30, 'recall': 0.8570569999999743, 'qps': 2027.193746526737, 'latency_p50': 0.49304962158203125, 'latency_p95': 0.5922317504882812, 'latency_p99': 0.7174205780029301, 'latency_p999': 0.9763255119323734, 'distance_computations': 3802.1901, 'distance_type': 'l2', 'ef_search': 200}
INFO:root:Metrics: {'node_links': 32, 'ef_construction': 30, 'recall': 0.9027449999999575, 'qps': 1269.485523344855, 'latency_p50': 0.7917881011962891, 'latency_p95': 0.9374737739562986, 'latency_p99': 1.0988807678222658, 'latency_p999': 1.4171676635742203, 'distance_computations': 5785.5208, 'distance_type': 'l2', 'ef_search': 300}
INFO:root:Metrics: {'node_links': 32, 'ef_construction': 30, 'recall': 0.9441019999999486, 'qps': 655.691964547426, 'latency_p50': 1.5316009521484375, 'latency_p95': 1.8057942390441892, 'latency_p99': 2.070908546447754, 'latency_p999': 2.8246006965637322, 'distance_computations': 10337.2286, 'distance_type': 'l2', 'ef_search': 500}
INFO:root:Metrics: {'node_links': 32, 'ef_construction': 30, 'recall': 0.9776989999999445, 'qps': 232.55099106558828, 'latency_p50': 4.312753677368164, 'latency_p95': 5.049717426300049, 'latency_p99': 5.816466808319092, 'latency_p999': 7.652535676956179, 'distance_computations': 26203.8322, 'distance_type': 'l2', 'ef_search': 1000}
INFO:root:Memory: index=6683.4MB, search=3.7MB
INFO:root:Building index_type='flatnav'
INFO:root:Indexing time = 86.30619764328003 seconds
INFO:root:Metrics: {'node_links': 32, 'ef_construction': 40, 'recall': 0.7626839999999876, 'qps': 4737.457800544441, 'latency_p50': 0.20360946655273438, 'latency_p95': 0.2930283546447752, 'latency_p99': 0.3836226463317873, 'latency_p999': 0.6484994888305666, 'distance_computations': 1721.7131, 'distance_type': 'l2', 'ef_search': 3000}
INFO:root:Metrics: {'node_links': 32, 'ef_construction': 40, 'recall': 0.857460999999976, 'qps': 2810.7420732632427, 'latency_p50': 0.3554821014404297, 'latency_p95': 0.431060791015625, 'latency_p99': 0.5242943763732912, 'latency_p999': 0.7753393650054936, 'distance_computations': 2932.9006, 'distance_type': 'l2', 'ef_search': 100}
INFO:root:Metrics: {'node_links': 32, 'ef_construction': 40, 'recall': 0.8978479999999603, 'qps': 1955.8238735254686, 'latency_p50': 0.5145072937011719, 'latency_p95': 0.6177425384521484, 'latency_p99': 0.7429170608520509, 'latency_p999': 0.9710817337036138, 'distance_computations': 4061.8138, 'distance_type': 'l2', 'ef_search': 200}
INFO:root:Metrics: {'node_links': 32, 'ef_construction': 40, 'recall': 0.9347489999999566, 'qps': 1220.8714888662494, 'latency_p50': 0.8263587951660156, 'latency_p95': 0.9889602661132812, 'latency_p99': 1.164934635162354, 'latency_p999': 1.557831048965455, 'distance_computations': 6168.143, 'distance_type': 'l2', 'ef_search': 300}
INFO:root:Metrics: {'node_links': 32, 'ef_construction': 40, 'recall': 0.9657069999999436, 'qps': 635.1431840454752, 'latency_p50': 1.5869140625, 'latency_p95': 1.9004464149475095, 'latency_p99': 2.1703290939331055, 'latency_p999': 2.8853576183319123, 'distance_computations': 10945.0366, 'distance_type': 'l2', 'ef_search': 500}
INFO:root:Metrics: {'node_links': 32, 'ef_construction': 40, 'recall': 0.9882189999999522, 'qps': 228.14968918217772, 'latency_p50': 4.4193267822265625, 'latency_p95': 5.26217222213745, 'latency_p99': 5.86603164672852, 'latency_p999': 7.525707244873052, 'distance_computations': 27260.9759, 'distance_type': 'l2', 'ef_search': 1000}
INFO:root:Memory: index=6171.7MB, search=-0.6MB
INFO:root:Building index_type='flatnav'
INFO:root:Indexing time = 101.74643754959106 seconds
INFO:root:Metrics: {'node_links': 32, 'ef_construction': 50, 'recall': 0.7900319999999853, 'qps': 4711.372939920645, 'latency_p50': 0.2067089080810547, 'latency_p95': 0.28586387634277344, 'latency_p99': 0.34952640533447277, 'latency_p999': 0.6153616905212409, 'distance_computations': 1787.4904, 'distance_type': 'l2', 'ef_search': 3000}
INFO:root:Metrics: {'node_links': 32, 'ef_construction': 50, 'recall': 0.8797179999999687, 'qps': 2762.3551605701787, 'latency_p50': 0.3635883331298828, 'latency_p95': 0.4379749298095703, 'latency_p99': 0.5176091194152832, 'latency_p999': 0.7879772186279305, 'distance_computations': 3060.8384, 'distance_type': 'l2', 'ef_search': 100}
INFO:root:Metrics: {'node_links': 32, 'ef_construction': 50, 'recall': 0.9167629999999559, 'qps': 1918.7046928142672, 'latency_p50': 0.5254745483398438, 'latency_p95': 0.6315708160400391, 'latency_p99': 0.7396006584167486, 'latency_p999': 1.0073258876800553, 'distance_computations': 4244.8384, 'distance_type': 'l2', 'ef_search': 200}
INFO:root:Metrics: {'node_links': 32, 'ef_construction': 50, 'recall': 0.9489859999999473, 'qps': 1181.351357296579, 'latency_p50': 0.8537769317626953, 'latency_p95': 1.0399818420410156, 'latency_p99': 1.2224030494689948, 'latency_p999': 1.6465206146240239, 'distance_computations': 6442.5552, 'distance_type': 'l2', 'ef_search': 300}
INFO:root:Metrics: {'node_links': 32, 'ef_construction': 50, 'recall': 0.9747629999999455, 'qps': 629.5117744089382, 'latency_p50': 1.610398292541504, 'latency_p95': 1.9297719001770017, 'latency_p99': 2.0706677436828613, 'latency_p999': 2.8314599990844727, 'distance_computations': 11395.3818, 'distance_type': 'l2', 'ef_search': 500}
INFO:root:Metrics: {'node_links': 32, 'ef_construction': 50, 'recall': 0.9920859999999597, 'qps': 224.42718764530662, 'latency_p50': 4.489898681640625, 'latency_p95': 5.445253849029541, 'latency_p99': 6.102938652038577, 'latency_p999': 7.93656563758852, 'distance_computations': 28112.542, 'distance_type': 'l2', 'ef_search': 1000}
INFO:root:Memory: index=5181.0MB, search=0.4MB
INFO:root:Building index_type='flatnav'
INFO:root:Indexing time = 181.1270170211792 seconds
INFO:root:Metrics: {'node_links': 32, 'ef_construction': 100, 'recall': 0.8362599999999829, 'qps': 4461.913984065292, 'latency_p50': 0.21982192993164062, 'latency_p95': 0.29921531677246094, 'latency_p99': 0.36692857742309576, 'latency_p999': 0.6432590484619152, 'distance_computations': 1965.5854, 'distance_type': 'l2', 'ef_search': 3000}
INFO:root:Metrics: {'node_links': 32, 'ef_construction': 100, 'recall': 0.9173659999999599, 'qps': 2598.8309825861825, 'latency_p50': 0.38886070251464844, 'latency_p95': 0.46397447586059554, 'latency_p99': 0.5479145050048835, 'latency_p999': 0.8113403320312504, 'distance_computations': 3395.2883, 'distance_type': 'l2', 'ef_search': 100}
INFO:root:Metrics: {'node_links': 32, 'ef_construction': 100, 'recall': 0.9475509999999467, 'qps': 1800.4969852876059, 'latency_p50': 0.5631446838378906, 'latency_p95': 0.6735324859619141, 'latency_p99': 0.7884764671325689, 'latency_p999': 1.044756889343263, 'distance_computations': 4718.915, 'distance_type': 'l2', 'ef_search': 200}
INFO:root:Metrics: {'node_links': 32, 'ef_construction': 100, 'recall': 0.9712069999999445, 'qps': 1126.049561060431, 'latency_p50': 0.9038448333740234, 'latency_p95': 1.0857582092285156, 'latency_p99': 1.2083387374877936, 'latency_p999': 1.6524820327758796, 'distance_computations': 7166.8284, 'distance_type': 'l2', 'ef_search': 300}
INFO:root:Metrics: {'node_links': 32, 'ef_construction': 100, 'recall': 0.9880989999999571, 'qps': 587.9355839756469, 'latency_p50': 1.722097396850586, 'latency_p95': 2.106201648712158, 'latency_p99': 2.3689508438110356, 'latency_p999': 3.2625396251678507, 'distance_computations': 12654.9445, 'distance_type': 'l2', 'ef_search': 500}
INFO:root:Metrics: {'node_links': 32, 'ef_construction': 100, 'recall': 0.9973399999999778, 'qps': 214.21340954950958, 'latency_p50': 4.71186637878418, 'latency_p95': 5.811989307403564, 'latency_p99': 6.406781673431401, 'latency_p999': 8.273898124694837, 'distance_computations': 30956.0221, 'distance_type': 'l2', 'ef_search': 1000}
INFO:root:Memory: index=5361.5MB, search=1.5MB
INFO:root:Building index_type='flatnav'
INFO:root:Indexing time = 325.1273250579834 seconds
INFO:root:Metrics: {'node_links': 32, 'ef_construction': 200, 'recall': 0.8519629999999788, 'qps': 4422.828916413749, 'latency_p50': 0.22292137145996094, 'latency_p95': 0.2918243408203125, 'latency_p99': 0.35858154296875, 'latency_p999': 0.6325299739837658, 'distance_computations': 2050.1557, 'distance_type': 'l2', 'ef_search': 3000}
INFO:root:Metrics: {'node_links': 32, 'ef_construction': 200, 'recall': 0.9299939999999511, 'qps': 2544.8399979565093, 'latency_p50': 0.3974437713623047, 'latency_p95': 0.47206878662109375, 'latency_p99': 0.5459976196289067, 'latency_p999': 0.8151557445526129, 'distance_computations': 3558.8988, 'distance_type': 'l2', 'ef_search': 100}
INFO:root:Metrics: {'node_links': 32, 'ef_construction': 200, 'recall': 0.9575769999999526, 'qps': 1764.4167832587914, 'latency_p50': 0.5762577056884766, 'latency_p95': 0.685465335845947, 'latency_p99': 0.7705736160278321, 'latency_p999': 1.056447982788089, 'distance_computations': 4955.155, 'distance_type': 'l2', 'ef_search': 200}
INFO:root:Metrics: {'node_links': 32, 'ef_construction': 200, 'recall': 0.9786219999999457, 'qps': 1096.7960344152475, 'latency_p50': 0.9289979934692383, 'latency_p95': 1.1188983917236328, 'latency_p99': 1.2576627731323242, 'latency_p999': 1.6977822780609138, 'distance_computations': 7539.7547, 'distance_type': 'l2', 'ef_search': 300}
INFO:root:Metrics: {'node_links': 32, 'ef_construction': 200, 'recall': 0.9923149999999635, 'qps': 579.0685508381196, 'latency_p50': 1.7565488815307617, 'latency_p95': 2.1333813667297363, 'latency_p99': 2.3131394386291504, 'latency_p999': 3.1318876743316695, 'distance_computations': 13327.8891, 'distance_type': 'l2', 'ef_search': 500}
INFO:root:Metrics: {'node_links': 32, 'ef_construction': 200, 'recall': 0.9987259999999872, 'qps': 210.8636212689264, 'latency_p50': 4.792213439941406, 'latency_p95': 5.944526195526122, 'latency_p99': 6.402513980865479, 'latency_p999': 8.407879114151012, 'distance_computations': 32568.442, 'distance_type': 'l2', 'ef_search': 1000}
INFO:root:Memory: index=5151.9MB, search=-1.0MB
INFO:root:Building index_type='flatnav'
INFO:root:Indexing time = 456.97532868385315 seconds
INFO:root:Metrics: {'node_links': 32, 'ef_construction': 300, 'recall': 0.8554569999999765, 'qps': 4396.360278776542, 'latency_p50': 0.22482872009277344, 'latency_p95': 0.2930164337158203, 'latency_p99': 0.35119056701660156, 'latency_p999': 0.6291918754577648, 'distance_computations': 2075.3955, 'distance_type': 'l2', 'ef_search': 3000}
INFO:root:Metrics: {'node_links': 32, 'ef_construction': 300, 'recall': 0.9327389999999497, 'qps': 2521.858278830811, 'latency_p50': 0.4017353057861328, 'latency_p95': 0.4761338233947752, 'latency_p99': 0.5483698844909669, 'latency_p999': 0.8254075050354008, 'distance_computations': 3605.9215, 'distance_type': 'l2', 'ef_search': 100}
INFO:root:Metrics: {'node_links': 32, 'ef_construction': 300, 'recall': 0.9598829999999458, 'qps': 1749.8350313860687, 'latency_p50': 0.5805492401123047, 'latency_p95': 0.6916522979736328, 'latency_p99': 0.7801389694213875, 'latency_p999': 1.0433294773101827, 'distance_computations': 5023.4767, 'distance_type': 'l2', 'ef_search': 200}
INFO:root:Metrics: {'node_links': 32, 'ef_construction': 300, 'recall': 0.9803949999999487, 'qps': 1084.5265643853484, 'latency_p50': 0.9371042251586914, 'latency_p95': 1.1320114135742188, 'latency_p99': 1.281518936157227, 'latency_p999': 1.617458581924444, 'distance_computations': 7649.5599, 'distance_type': 'l2', 'ef_search': 300}
INFO:root:Metrics: {'node_links': 32, 'ef_construction': 300, 'recall': 0.9931789999999664, 'qps': 574.9388633709532, 'latency_p50': 1.7697811126708984, 'latency_p95': 2.149343490600586, 'latency_p99': 2.3317432403564453, 'latency_p999': 3.0253040790557884, 'distance_computations': 13523.7713, 'distance_type': 'l2', 'ef_search': 500}
INFO:root:Metrics: {'node_links': 32, 'ef_construction': 300, 'recall': 0.9989939999999895, 'qps': 209.30753485397793, 'latency_p50': 4.8302412033081055, 'latency_p95': 5.991995334625243, 'latency_p99': 6.464273929595948, 'latency_p999': 7.729664802551297, 'distance_computations': 33035.1098, 'distance_type': 'l2', 'ef_search': 1000}
INFO:root:Memory: index=4994.9MB, search=0.0MB
/cluster/home/emmanueq/code/flatnav/venv/lib/python3.11/site-packages/numpy/core/getlimits.py:549: UserWarning: The value of the smallest subnormal for <class 'numpy.float64'> type is zero.
  setattr(self, word, getattr(machar, word).flat[0])
/cluster/home/emmanueq/code/flatnav/venv/lib/python3.11/site-packages/numpy/core/getlimits.py:89: UserWarning: The value of the smallest subnormal for <class 'numpy.float64'> type is zero.
  return self._float_to_str(self.smallest_subnormal)
