INFO:root:Building index_type='hnsw'
INFO:root:Indexing time = 70.67200899124146 seconds
INFO:root:Metrics: {'node_links': 32, 'ef_construction': 30, 'recall': 0.748560999999989, 'qps': 5029.943624103124, 'latency_p50': 0.20122528076171875, 'latency_p95': 0.25272369384765625, 'latency_p99': 0.2779960632324219, 'latency_p999': 0.3168594837188723, 'distance_computations': 1971.3605}
INFO:root:Memory: index=6237.3MB, search=29.9MB, construction_time=70.73s
INFO:root:Building index_type='hnsw'
INFO:root:Indexing time = 62.80884647369385 seconds
INFO:root:Metrics: {'node_links': 32, 'ef_construction': 40, 'recall': 0.784373999999989, 'qps': 6379.688689497929, 'latency_p50': 0.15878677368164062, 'latency_p95': 0.1957416534423828, 'latency_p99': 0.21314620971679688, 'latency_p999': 0.24176883697510018, 'distance_computations': 2137.6564, 'distance_type': 'l2', 'ef_search': 100}
INFO:root:Memory: index=5885.5MB, search=0.9MB, construction_time=62.86s
INFO:root:Building index_type='hnsw'
INFO:root:Indexing time = 88.93438410758972 seconds
INFO:root:Metrics: {'node_links': 32, 'ef_construction': 50, 'recall': 0.8044469999999851, 'qps': 5138.983248545439, 'latency_p50': 0.19812583923339844, 'latency_p95': 0.24437904357910156, 'latency_p99': 0.26393175125122076, 'latency_p999': 0.2961161136627198, 'distance_computations': 2252.08, 'distance_type': 'l2', 'ef_search': 100}
INFO:root:Memory: index=5698.8MB, search=0.7MB, construction_time=88.99s
INFO:root:Building index_type='hnsw'
INFO:root:Indexing time = 175.8165521621704 seconds
INFO:root:Metrics: {'node_links': 32, 'ef_construction': 100, 'recall': 0.8409769999999837, 'qps': 4381.247447330129, 'latency_p50': 0.2334117889404297, 'latency_p95': 0.28443336486816406, 'latency_p99': 0.3070831298828125, 'latency_p999': 0.3473763465881349, 'distance_computations': 2489.6027, 'distance_type': 'l2', 'ef_search': 100}
INFO:root:Memory: index=5667.9MB, search=-0.3MB, construction_time=175.87s
INFO:root:Building index_type='hnsw'
INFO:root:Indexing time = 321.13326144218445 seconds
INFO:root:Metrics: {'node_links': 32, 'ef_construction': 200, 'recall': 0.8541109999999773, 'qps': 4229.652901156122, 'latency_p50': 0.24127960205078125, 'latency_p95': 0.2906322479248047, 'latency_p99': 0.31113624572753906, 'latency_p999': 0.34046173095703125, 'distance_computations': 2591.8534, 'distance_type': 'l2', 'ef_search': 100}
INFO:root:Memory: index=5633.0MB, search=-0.4MB, construction_time=321.19s
INFO:root:Building index_type='hnsw'
INFO:root:Indexing time = 446.4590289592743 seconds
INFO:root:Metrics: {'node_links': 32, 'ef_construction': 300, 'recall': 0.8567149999999736, 'qps': 4463.261475491564, 'latency_p50': 0.2288818359375, 'latency_p95': 0.2739429473876953, 'latency_p99': 0.29325723648071295, 'latency_p999': 0.3223419189453125, 'distance_computations': 2623.0107, 'distance_type': 'l2', 'ef_search': 100}
INFO:root:Memory: index=5602.2MB, search=-0.0MB, construction_time=446.51s
/cluster/home/emmanueq/code/flatnav/venv/lib/python3.11/site-packages/numpy/core/getlimits.py:549: UserWarning: The value of the smallest subnormal for <class 'numpy.float64'> type is zero.
  setattr(self, word, getattr(machar, word).flat[0])
/cluster/home/emmanueq/code/flatnav/venv/lib/python3.11/site-packages/numpy/core/getlimits.py:89: UserWarning: The value of the smallest subnormal for <class 'numpy.float64'> type is zero.
  return self._float_to_str(self.smallest_subnormal)
