2026-01-04 16:47:01,506 - INFO - Loading dataset from ../data/sift-128-euclidean/sift-128-euclidean.train.npy
2026-01-04 16:47:01,937 - INFO - Dataset shape: (1000000, 128)
2026-01-04 16:47:01,937 - INFO - Output file: ../metrics/indegree_stats_sift.json
2026-01-04 16:47:01,937 - INFO - Parameters:
2026-01-04 16:47:01,937 - INFO -   Dataset: sift
2026-01-04 16:47:01,937 - INFO -   Metric: l2
2026-01-04 16:47:01,937 - INFO -   M values: [32]
2026-01-04 16:47:01,937 - INFO -   ef_construction values: [100, 200, 400]
2026-01-04 16:47:01,937 - INFO -   Use HNSW base layer: False
2026-01-04 16:47:01,938 - INFO -   Hub percentile: 10.0%
2026-01-04 16:47:01,938 - INFO - ================================================================================
2026-01-04 16:47:01,938 - INFO - Run 1/3: sift_flatnav-native_M32_ef100
2026-01-04 16:47:01,938 - INFO -   M=32, ef_construction=100
2026-01-04 16:47:01,938 - INFO - ================================================================================
2026-01-04 16:48:30,199 - INFO - FlatNav indexing time = 88.25 seconds
2026-01-04 16:48:30,199 - INFO - 
Computing in-degree distribution...
2026-01-04 16:48:30,345 - INFO - ================================================================================
2026-01-04 16:48:30,345 - INFO - In-Degree Distribution
2026-01-04 16:48:30,345 - INFO - ================================================================================
2026-01-04 16:48:30,345 - INFO - In-Degree       Percentage      Bar
2026-01-04 16:48:30,345 - INFO - --------------------------------------------------------------------------------
2026-01-04 16:48:30,345 - INFO - 0                   0.1759%    
2026-01-04 16:48:30,345 - INFO - 1                   0.0865%    
2026-01-04 16:48:30,345 - INFO - 2                   0.0899%    
2026-01-04 16:48:30,345 - INFO - 3                   0.1769%    
2026-01-04 16:48:30,345 - INFO - 4                   0.3925%    
2026-01-04 16:48:30,345 - INFO - 5                   0.7706%    
2026-01-04 16:48:30,345 - INFO - 6                   1.2787%    
2026-01-04 16:48:30,345 - INFO - 7                   1.9125%    
2026-01-04 16:48:30,345 - INFO - 8                   2.5726%    █
2026-01-04 16:48:30,345 - INFO - 9                   3.2425%    █
2026-01-04 16:48:30,345 - INFO - 10                  3.8652%    █
2026-01-04 16:48:30,345 - INFO - 11                  4.3202%    ██
2026-01-04 16:48:30,345 - INFO - 12                  4.7059%    ██
2026-01-04 16:48:30,345 - INFO - 13                  5.0203%    ██
2026-01-04 16:48:30,345 - INFO - 14                  5.1930%    ██
2026-01-04 16:48:30,345 - INFO - 15                  5.4648%    ██
2026-01-04 16:48:30,345 - INFO - 16                  5.9732%    ██
2026-01-04 16:48:30,345 - INFO - 17                  5.7468%    ██
2026-01-04 16:48:30,345 - INFO - 18                  5.2537%    ██
2026-01-04 16:48:30,345 - INFO - 19                  4.7051%    ██
2026-01-04 16:48:30,345 - INFO - 20                  4.1897%    ██
2026-01-04 16:48:30,345 - INFO - 21                  3.7544%    █
2026-01-04 16:48:30,345 - INFO - 22                  3.3529%    █
2026-01-04 16:48:30,345 - INFO - 23                  2.9772%    █
2026-01-04 16:48:30,345 - INFO - 24                  2.6745%    █
2026-01-04 16:48:30,345 - INFO - 25                  2.3903%    █
2026-01-04 16:48:30,346 - INFO - 26                  2.1271%    █
2026-01-04 16:48:30,346 - INFO - 27                  1.9076%    
2026-01-04 16:48:30,346 - INFO - 28                  1.7153%    
2026-01-04 16:48:30,346 - INFO - 29                  1.5222%    
2026-01-04 16:48:30,346 - INFO - ... (92 more entries)
2026-01-04 16:48:30,346 - INFO - ================================================================================
2026-01-04 16:48:30,346 - INFO - Total unique in-degree values: 122
2026-01-04 16:48:30,346 - INFO - ================================================================================
2026-01-04 16:48:30,346 - INFO - 
Computing hub statistics...
2026-01-04 16:48:30,648 - INFO - ================================================================================
2026-01-04 16:48:30,648 - INFO - Hub Node Statistics
2026-01-04 16:48:30,648 - INFO - ================================================================================
2026-01-04 16:48:30,648 - INFO - Hub Percentile: 10.0%
2026-01-04 16:48:30,648 - INFO - --------------------------------------------------------------------------------
2026-01-04 16:48:30,648 - INFO - NODE CLASSIFICATION:
2026-01-04 16:48:30,648 - INFO -   Number of Hubs: 110952 (10.0%)
2026-01-04 16:48:30,648 - INFO -   Number of Regular Nodes: 889048 (90.0%)
2026-01-04 16:48:30,648 - INFO -   Hub Threshold (min in-degree): 31
2026-01-04 16:48:30,648 - INFO - --------------------------------------------------------------------------------
2026-01-04 16:48:30,648 - INFO - IN-DEGREE STATISTICS:
2026-01-04 16:48:30,649 - INFO -   Average Hub In-Degree: 38.94
2026-01-04 16:48:30,649 - INFO -   Average Regular In-Degree: 16.70
2026-01-04 16:48:30,649 - INFO -   Overall Average In-Degree: 19.17
2026-01-04 16:48:30,649 - INFO -   Median In-Degree: 17.00
2026-01-04 16:48:30,649 - INFO -   Max In-Degree: 156
2026-01-04 16:48:30,649 - INFO -   Min In-Degree: 0
2026-01-04 16:48:30,649 - INFO - --------------------------------------------------------------------------------
2026-01-04 16:48:30,649 - INFO - CONNECTIVITY PATTERNS:
2026-01-04 16:48:30,649 - INFO -   Hub → Hub: 3.74%
2026-01-04 16:48:30,649 - INFO -   Hub → Regular: 11.65%
2026-01-04 16:48:30,649 - INFO -   Regular → Hub: 18.80%
2026-01-04 16:48:30,649 - INFO -   Regular → Regular: 65.81%
2026-01-04 16:48:30,649 - INFO - ================================================================================
2026-01-04 16:48:30,649 - INFO - Added new entry for sift_flatnav-native_M32_ef100
2026-01-04 16:48:30,651 - INFO - Saved to ../metrics/indegree_stats_sift.json
2026-01-04 16:48:30,653 - INFO - Completed sift_flatnav-native_M32_ef100

2026-01-04 16:48:30,653 - INFO - ================================================================================
2026-01-04 16:48:30,653 - INFO - Run 2/3: sift_flatnav-native_M32_ef200
2026-01-04 16:48:30,653 - INFO -   M=32, ef_construction=200
2026-01-04 16:48:30,653 - INFO - ================================================================================
2026-01-04 16:51:04,901 - INFO - FlatNav indexing time = 154.24 seconds
2026-01-04 16:51:04,901 - INFO - 
Computing in-degree distribution...
2026-01-04 16:51:05,046 - INFO - ================================================================================
2026-01-04 16:51:05,047 - INFO - In-Degree Distribution
2026-01-04 16:51:05,047 - INFO - ================================================================================
2026-01-04 16:51:05,047 - INFO - In-Degree       Percentage      Bar
2026-01-04 16:51:05,047 - INFO - --------------------------------------------------------------------------------
2026-01-04 16:51:05,047 - INFO - 0                   0.1800%    
2026-01-04 16:51:05,047 - INFO - 1                   0.0857%    
2026-01-04 16:51:05,047 - INFO - 2                   0.0562%    
2026-01-04 16:51:05,047 - INFO - 3                   0.0763%    
2026-01-04 16:51:05,047 - INFO - 4                   0.1665%    
2026-01-04 16:51:05,047 - INFO - 5                   0.3160%    
2026-01-04 16:51:05,047 - INFO - 6                   0.5495%    
2026-01-04 16:51:05,047 - INFO - 7                   0.8433%    
2026-01-04 16:51:05,047 - INFO - 8                   1.2076%    
2026-01-04 16:51:05,047 - INFO - 9                   1.6153%    
2026-01-04 16:51:05,047 - INFO - 10                  2.0741%    █
2026-01-04 16:51:05,047 - INFO - 11                  2.5541%    █
2026-01-04 16:51:05,047 - INFO - 12                  3.0524%    █
2026-01-04 16:51:05,047 - INFO - 13                  3.5467%    █
2026-01-04 16:51:05,047 - INFO - 14                  4.1480%    ██
2026-01-04 16:51:05,047 - INFO - 15                  5.1320%    ██
2026-01-04 16:51:05,047 - INFO - 16                  6.6885%    ███
2026-01-04 16:51:05,047 - INFO - 17                  6.8791%    ███
2026-01-04 16:51:05,047 - INFO - 18                  6.4187%    ███
2026-01-04 16:51:05,047 - INFO - 19                  5.8007%    ██
2026-01-04 16:51:05,047 - INFO - 20                  5.2328%    ██
2026-01-04 16:51:05,047 - INFO - 21                  4.6555%    ██
2026-01-04 16:51:05,047 - INFO - 22                  4.1587%    ██
2026-01-04 16:51:05,047 - INFO - 23                  3.7188%    █
2026-01-04 16:51:05,047 - INFO - 24                  3.3160%    █
2026-01-04 16:51:05,047 - INFO - 25                  2.9795%    █
2026-01-04 16:51:05,047 - INFO - 26                  2.7053%    █
2026-01-04 16:51:05,047 - INFO - 27                  2.4113%    █
2026-01-04 16:51:05,047 - INFO - 28                  2.1334%    █
2026-01-04 16:51:05,047 - INFO - 29                  1.9622%    
2026-01-04 16:51:05,047 - INFO - ... (86 more entries)
2026-01-04 16:51:05,047 - INFO - ================================================================================
2026-01-04 16:51:05,047 - INFO - Total unique in-degree values: 116
2026-01-04 16:51:05,047 - INFO - ================================================================================
2026-01-04 16:51:05,047 - INFO - 
Computing hub statistics...
2026-01-04 16:51:05,355 - INFO - ================================================================================
2026-01-04 16:51:05,355 - INFO - Hub Node Statistics
2026-01-04 16:51:05,355 - INFO - ================================================================================
2026-01-04 16:51:05,355 - INFO - Hub Percentile: 10.0%
2026-01-04 16:51:05,355 - INFO - --------------------------------------------------------------------------------
2026-01-04 16:51:05,355 - INFO - NODE CLASSIFICATION:
2026-01-04 16:51:05,355 - INFO -   Number of Hubs: 106868 (10.0%)
2026-01-04 16:51:05,355 - INFO -   Number of Regular Nodes: 893132 (90.0%)
2026-01-04 16:51:05,355 - INFO -   Hub Threshold (min in-degree): 33
2026-01-04 16:51:05,355 - INFO - --------------------------------------------------------------------------------
2026-01-04 16:51:05,355 - INFO - IN-DEGREE STATISTICS:
2026-01-04 16:51:05,355 - INFO -   Average Hub In-Degree: 40.44
2026-01-04 16:51:05,355 - INFO -   Average Regular In-Degree: 18.83
2026-01-04 16:51:05,355 - INFO -   Overall Average In-Degree: 21.14
2026-01-04 16:51:05,355 - INFO -   Median In-Degree: 19.00
2026-01-04 16:51:05,355 - INFO -   Max In-Degree: 150
2026-01-04 16:51:05,355 - INFO -   Min In-Degree: 0
2026-01-04 16:51:05,355 - INFO - --------------------------------------------------------------------------------
2026-01-04 16:51:05,355 - INFO - CONNECTIVITY PATTERNS:
2026-01-04 16:51:05,355 - INFO -   Hub → Hub: 3.10%
2026-01-04 16:51:05,355 - INFO -   Hub → Regular: 10.72%
2026-01-04 16:51:05,355 - INFO -   Regular → Hub: 17.34%
2026-01-04 16:51:05,355 - INFO -   Regular → Regular: 68.84%
2026-01-04 16:51:05,355 - INFO - ================================================================================
2026-01-04 16:51:05,357 - INFO - Added new entry for sift_flatnav-native_M32_ef200
2026-01-04 16:51:05,358 - INFO - Saved to ../metrics/indegree_stats_sift.json
2026-01-04 16:51:05,360 - INFO - Completed sift_flatnav-native_M32_ef200

2026-01-04 16:51:05,360 - INFO - ================================================================================
2026-01-04 16:51:05,360 - INFO - Run 3/3: sift_flatnav-native_M32_ef400
2026-01-04 16:51:05,360 - INFO -   M=32, ef_construction=400
2026-01-04 16:51:05,360 - INFO - ================================================================================
2026-01-04 16:55:47,613 - INFO - FlatNav indexing time = 282.25 seconds
2026-01-04 16:55:47,613 - INFO - 
Computing in-degree distribution...
2026-01-04 16:55:47,762 - INFO - ================================================================================
2026-01-04 16:55:47,762 - INFO - In-Degree Distribution
2026-01-04 16:55:47,762 - INFO - ================================================================================
2026-01-04 16:55:47,762 - INFO - In-Degree       Percentage      Bar
2026-01-04 16:55:47,762 - INFO - --------------------------------------------------------------------------------
2026-01-04 16:55:47,762 - INFO - 0                   0.1807%    
2026-01-04 16:55:47,762 - INFO - 1                   0.0852%    
2026-01-04 16:55:47,762 - INFO - 2                   0.0506%    
2026-01-04 16:55:47,762 - INFO - 3                   0.0633%    
2026-01-04 16:55:47,762 - INFO - 4                   0.1152%    
2026-01-04 16:55:47,762 - INFO - 5                   0.2064%    
2026-01-04 16:55:47,762 - INFO - 6                   0.3275%    
2026-01-04 16:55:47,762 - INFO - 7                   0.4818%    
2026-01-04 16:55:47,762 - INFO - 8                   0.6693%    
2026-01-04 16:55:47,762 - INFO - 9                   0.9104%    
2026-01-04 16:55:47,762 - INFO - 10                  1.2118%    
2026-01-04 16:55:47,762 - INFO - 11                  1.5538%    
2026-01-04 16:55:47,762 - INFO - 12                  1.9682%    
2026-01-04 16:55:47,762 - INFO - 13                  2.5022%    █
2026-01-04 16:55:47,762 - INFO - 14                  3.3347%    █
2026-01-04 16:55:47,762 - INFO - 15                  4.7495%    ██
2026-01-04 16:55:47,762 - INFO - 16                  7.0064%    ███
2026-01-04 16:55:47,762 - INFO - 17                  7.5291%    ███
2026-01-04 16:55:47,762 - INFO - 18                  7.0449%    ███
2026-01-04 16:55:47,762 - INFO - 19                  6.4187%    ███
2026-01-04 16:55:47,762 - INFO - 20                  5.7412%    ██
2026-01-04 16:55:47,762 - INFO - 21                  5.1395%    ██
2026-01-04 16:55:47,762 - INFO - 22                  4.6108%    ██
2026-01-04 16:55:47,762 - INFO - 23                  4.1208%    ██
2026-01-04 16:55:47,762 - INFO - 24                  3.6976%    █
2026-01-04 16:55:47,762 - INFO - 25                  3.3300%    █
2026-01-04 16:55:47,762 - INFO - 26                  2.9711%    █
2026-01-04 16:55:47,762 - INFO - 27                  2.6887%    █
2026-01-04 16:55:47,762 - INFO - 28                  2.3864%    █
2026-01-04 16:55:47,762 - INFO - 29                  2.1397%    █
2026-01-04 16:55:47,763 - INFO - ... (84 more entries)
2026-01-04 16:55:47,763 - INFO - ================================================================================
2026-01-04 16:55:47,763 - INFO - Total unique in-degree values: 114
2026-01-04 16:55:47,763 - INFO - ================================================================================
2026-01-04 16:55:47,763 - INFO - 
Computing hub statistics...
2026-01-04 16:55:48,074 - INFO - ================================================================================
2026-01-04 16:55:48,074 - INFO - Hub Node Statistics
2026-01-04 16:55:48,074 - INFO - ================================================================================
2026-01-04 16:55:48,074 - INFO - Hub Percentile: 10.0%
2026-01-04 16:55:48,074 - INFO - --------------------------------------------------------------------------------
2026-01-04 16:55:48,075 - INFO - NODE CLASSIFICATION:
2026-01-04 16:55:48,075 - INFO -   Number of Hubs: 102476 (10.0%)
2026-01-04 16:55:48,075 - INFO -   Number of Regular Nodes: 897524 (90.0%)
2026-01-04 16:55:48,075 - INFO -   Hub Threshold (min in-degree): 34
2026-01-04 16:55:48,075 - INFO - --------------------------------------------------------------------------------
2026-01-04 16:55:48,075 - INFO - IN-DEGREE STATISTICS:
2026-01-04 16:55:48,075 - INFO -   Average Hub In-Degree: 41.11
2026-01-04 16:55:48,075 - INFO -   Average Regular In-Degree: 19.91
2026-01-04 16:55:48,075 - INFO -   Overall Average In-Degree: 22.08
2026-01-04 16:55:48,075 - INFO -   Median In-Degree: 20.00
2026-01-04 16:55:48,075 - INFO -   Max In-Degree: 145
2026-01-04 16:55:48,075 - INFO -   Min In-Degree: 0
2026-01-04 16:55:48,075 - INFO - --------------------------------------------------------------------------------
2026-01-04 16:55:48,075 - INFO - CONNECTIVITY PATTERNS:
2026-01-04 16:55:48,075 - INFO -   Hub → Hub: 2.72%
2026-01-04 16:55:48,075 - INFO -   Hub → Regular: 10.07%
2026-01-04 16:55:48,075 - INFO -   Regular → Hub: 16.36%
2026-01-04 16:55:48,075 - INFO -   Regular → Regular: 70.85%
2026-01-04 16:55:48,075 - INFO - ================================================================================
2026-01-04 16:55:48,076 - INFO - Added new entry for sift_flatnav-native_M32_ef400
2026-01-04 16:55:48,077 - INFO - Saved to ../metrics/indegree_stats_sift.json
2026-01-04 16:55:48,079 - INFO - Completed sift_flatnav-native_M32_ef400

2026-01-04 16:55:48,079 - INFO - Analysis complete!
