INFO:root:Building index_type='flatnav'
INFO:root:Indexing time = 1.323131799697876 seconds
INFO:root:Metrics: {'node_links': 32, 'ef_construction': 100, 'recall': 0.9873839999999318, 'qps': 3534.827494548552, 'latency_p50': 0.28395652770996094, 'latency_p95': 0.3845691680908203, 'latency_p99': 0.42844295501708995, 'latency_p999': 0.4718403816223165, 'distance_computations': 0.0}
INFO:root:Metrics: {'node_links': 32, 'ef_construction': 100, 'recall': 0.9958039999999557, 'qps': 2129.1908935105553, 'latency_p50': 0.469207763671875, 'latency_p95': 0.6504178047180174, 'latency_p99': 0.720980167388916, 'latency_p999': 0.8027563095092776, 'distance_computations': 0.0, 'distance_type': 'l2', 'ef_search': 100}
INFO:root:Metrics: {'node_links': 32, 'ef_construction': 100, 'recall': 0.9971879999999628, 'qps': 1592.2669268977713, 'latency_p50': 0.6265640258789062, 'latency_p95': 0.8764266967773438, 'latency_p99': 0.9694170951843263, 'latency_p999': 1.0731234550476076, 'distance_computations': 0.0, 'distance_type': 'l2', 'ef_search': 200}
INFO:root:Metrics: {'node_links': 32, 'ef_construction': 100, 'recall': 0.9977779999999659, 'qps': 1067.4355853514373, 'latency_p50': 0.934600830078125, 'latency_p95': 1.3117909431457517, 'latency_p99': 1.4555883407592782, 'latency_p999': 1.610760211944581, 'distance_computations': 0.0, 'distance_type': 'l2', 'ef_search': 300}
INFO:root:Metrics: {'node_links': 32, 'ef_construction': 100, 'recall': 0.9981189999999689, 'qps': 608.1967818571779, 'latency_p50': 1.6521215438842773, 'latency_p95': 2.2847652435302734, 'latency_p99': 2.524139881134033, 'latency_p999': 2.763519525527956, 'distance_computations': 0.0, 'distance_type': 'l2', 'ef_search': 500}
INFO:root:Metrics: {'node_links': 32, 'ef_construction': 100, 'recall': 0.9982369999999703, 'qps': 236.91738483516102, 'latency_p50': 4.2542219161987305, 'latency_p95': 5.53373098373413, 'latency_p99': 5.989084243774414, 'latency_p999': 6.485700845718384, 'distance_computations': 0.0, 'distance_type': 'l2', 'ef_search': 1000}
INFO:root:Building index_type='flatnav'
INFO:root:Indexing time = 2.122645139694214 seconds
INFO:root:Metrics: {'node_links': 32, 'ef_construction': 200, 'recall': 0.9893939999999309, 'qps': 3304.6535825316414, 'latency_p50': 0.30493736267089844, 'latency_p95': 0.40912628173828125, 'latency_p99': 0.4482269287109375, 'latency_p999': 0.49424362182617226, 'distance_computations': 0.0, 'distance_type': 'l2', 'ef_search': 3000}
INFO:root:Metrics: {'node_links': 32, 'ef_construction': 200, 'recall': 0.9962809999999541, 'qps': 1973.3683275791122, 'latency_p50': 0.5095005035400391, 'latency_p95': 0.6997704505920408, 'latency_p99': 0.7722473144531252, 'latency_p999': 0.8447175025939943, 'distance_computations': 0.0, 'distance_type': 'l2', 'ef_search': 100}
INFO:root:Metrics: {'node_links': 32, 'ef_construction': 200, 'recall': 0.9971989999999589, 'qps': 1450.7645708431291, 'latency_p50': 0.6916522979736328, 'latency_p95': 0.9610652923583984, 'latency_p99': 1.0595369338989258, 'latency_p999': 1.1627697944641118, 'distance_computations': 0.0, 'distance_type': 'l2', 'ef_search': 200}
INFO:root:Metrics: {'node_links': 32, 'ef_construction': 200, 'recall': 0.9975439999999614, 'qps': 973.9824803608369, 'latency_p50': 1.0306835174560547, 'latency_p95': 1.4395833015441892, 'latency_p99': 1.5978884696960451, 'latency_p999': 1.7690775394439722, 'distance_computations': 0.0, 'distance_type': 'l2', 'ef_search': 300}
INFO:root:Metrics: {'node_links': 32, 'ef_construction': 200, 'recall': 0.9976969999999626, 'qps': 562.1894342961311, 'latency_p50': 1.7919540405273438, 'latency_p95': 2.480757236480713, 'latency_p99': 2.7360963821411133, 'latency_p999': 2.977856159210207, 'distance_computations': 0.0, 'distance_type': 'l2', 'ef_search': 500}
INFO:root:Metrics: {'node_links': 32, 'ef_construction': 200, 'recall': 0.9977289999999628, 'qps': 221.81092105861927, 'latency_p50': 4.551529884338379, 'latency_p95': 5.923032760620117, 'latency_p99': 6.401782035827637, 'latency_p999': 6.935134649276736, 'distance_computations': 0.0, 'distance_type': 'l2', 'ef_search': 1000}
/cluster/home/emmanueq/code/flatnav/venv/lib/python3.11/site-packages/numpy/core/getlimits.py:549: UserWarning: The value of the smallest subnormal for <class 'numpy.float64'> type is zero.
  setattr(self, word, getattr(machar, word).flat[0])
/cluster/home/emmanueq/code/flatnav/venv/lib/python3.11/site-packages/numpy/core/getlimits.py:89: UserWarning: The value of the smallest subnormal for <class 'numpy.float64'> type is zero.
  return self._float_to_str(self.smallest_subnormal)
/cluster/home/emmanueq/code/flatnav/experiments/plotting/plot.py:189: RuntimeWarning: Mean of empty slice.
  return -np.log(np.array(y_values)).mean()
/cluster/home/emmanueq/code/flatnav/venv/lib/python3.11/site-packages/numpy/core/_methods.py:129: RuntimeWarning: invalid value encountered in scalar divide
  ret = ret.dtype.type(ret / rcount)
