INFO:root:Building index_type='hnsw'
INFO:root:Indexing time = 0.5311758518218994 seconds
INFO:root:Metrics: {'node_links': 32, 'ef_construction': 30, 'recall': 0.970091999999926, 'qps': 3702.835854166161, 'latency_p50': 0.2715587615966797, 'latency_p95': 0.3674030303955078, 'latency_p99': 0.4246258735656739, 'latency_p999': 0.5412187576293963, 'distance_computations': 1503.0889}
INFO:root:Metrics: {'node_links': 32, 'ef_construction': 30, 'recall': 0.9881809999999525, 'qps': 2525.0997128373833, 'latency_p50': 0.3871917724609375, 'latency_p95': 0.5581378936767578, 'latency_p99': 0.651369094848633, 'latency_p999': 0.7433900833129885, 'distance_computations': 4377.0547, 'distance_type': 'l2', 'ef_search': 100}
INFO:root:Metrics: {'node_links': 32, 'ef_construction': 30, 'recall': 0.992347999999957, 'qps': 1959.6908566442862, 'latency_p50': 0.5105733871459961, 'latency_p95': 0.6947517395019531, 'latency_p99': 0.7674717903137207, 'latency_p999': 0.8406679630279549, 'distance_computations': 8606.8169, 'distance_type': 'l2', 'ef_search': 200}
INFO:root:Metrics: {'node_links': 32, 'ef_construction': 30, 'recall': 0.9948759999999629, 'qps': 1311.574572807595, 'latency_p50': 0.7609128952026367, 'latency_p95': 1.0411739349365234, 'latency_p99': 1.1508536338806155, 'latency_p999': 1.2598044872283938, 'distance_computations': 15517.5273, 'distance_type': 'l2', 'ef_search': 300}
INFO:root:Metrics: {'node_links': 32, 'ef_construction': 30, 'recall': 0.9969369999999692, 'qps': 745.0633185088203, 'latency_p50': 1.343846321105957, 'latency_p95': 1.8258452415466304, 'latency_p99': 2.012968063354492, 'latency_p999': 2.1746332645416295, 'distance_computations': 29015.0866, 'distance_type': 'l2', 'ef_search': 500}
INFO:root:Metrics: {'node_links': 32, 'ef_construction': 30, 'recall': 0.9987369999999827, 'qps': 289.08610996016523, 'latency_p50': 3.481149673461914, 'latency_p95': 4.482626914978026, 'latency_p99': 4.854927062988281, 'latency_p999': 5.217573642730717, 'distance_computations': 68064.995, 'distance_type': 'l2', 'ef_search': 1000}
INFO:root:Building index_type='hnsw'
INFO:root:Indexing time = 0.6273350715637207 seconds
INFO:root:Metrics: {'node_links': 32, 'ef_construction': 40, 'recall': 0.9788679999999369, 'qps': 3570.164913661726, 'latency_p50': 0.28133392333984375, 'latency_p95': 0.3814697265625, 'latency_p99': 0.4284405708312989, 'latency_p999': 0.4990310668945355, 'distance_computations': 1593.6237, 'distance_type': 'l2', 'ef_search': 3000}
INFO:root:Metrics: {'node_links': 32, 'ef_construction': 40, 'recall': 0.9931479999999656, 'qps': 2125.610631661468, 'latency_p50': 0.47016143798828125, 'latency_p95': 0.6463527679443359, 'latency_p99': 0.7178783416748047, 'latency_p999': 0.7972784042358412, 'distance_computations': 4659.3414, 'distance_type': 'l2', 'ef_search': 100}
INFO:root:Metrics: {'node_links': 32, 'ef_construction': 40, 'recall': 0.9960729999999745, 'qps': 1667.4108647836547, 'latency_p50': 0.5872249603271484, 'latency_p95': 0.8728504180908203, 'latency_p99': 0.9749054908752444, 'latency_p999': 1.0917308330535913, 'distance_computations': 9184.227, 'distance_type': 'l2', 'ef_search': 200}
INFO:root:Metrics: {'node_links': 32, 'ef_construction': 40, 'recall': 0.9977309999999807, 'qps': 1249.0005964930283, 'latency_p50': 0.7991790771484375, 'latency_p95': 1.1076927185058594, 'latency_p99': 1.2259531021118164, 'latency_p999': 1.3518383502960216, 'distance_computations': 16598.9102, 'distance_type': 'l2', 'ef_search': 300}
INFO:root:Metrics: {'node_links': 32, 'ef_construction': 40, 'recall': 0.9988809999999868, 'qps': 711.3326427767464, 'latency_p50': 1.4116764068603516, 'latency_p95': 1.9309759140014644, 'latency_p99': 2.1348094940185547, 'latency_p999': 2.303842306137086, 'distance_computations': 31123.5192, 'distance_type': 'l2', 'ef_search': 500}
INFO:root:Metrics: {'node_links': 32, 'ef_construction': 40, 'recall': 0.999624999999994, 'qps': 277.4602185184181, 'latency_p50': 3.627657890319824, 'latency_p95': 4.707098007202148, 'latency_p99': 5.104548931121826, 'latency_p999': 5.499368906021119, 'distance_computations': 73318.0764, 'distance_type': 'l2', 'ef_search': 1000}
INFO:root:Building index_type='hnsw'
INFO:root:Indexing time = 0.7435102462768555 seconds
INFO:root:Metrics: {'node_links': 32, 'ef_construction': 50, 'recall': 0.9825769999999415, 'qps': 3564.272802958013, 'latency_p50': 0.2770423889160156, 'latency_p95': 0.3886222839355469, 'latency_p99': 0.4343986511230469, 'latency_p999': 0.4928188323974625, 'distance_computations': 1665.1495, 'distance_type': 'l2', 'ef_search': 3000}
INFO:root:Metrics: {'node_links': 32, 'ef_construction': 50, 'recall': 0.9949899999999714, 'qps': 2423.792310501235, 'latency_p50': 0.4131793975830078, 'latency_p95': 0.5621910095214844, 'latency_p99': 0.6268048286437988, 'latency_p999': 0.7054824829101567, 'distance_computations': 4875.7701, 'distance_type': 'l2', 'ef_search': 100}
INFO:root:Metrics: {'node_links': 32, 'ef_construction': 50, 'recall': 0.9973609999999797, 'qps': 1783.479357701419, 'latency_p50': 0.5600452423095703, 'latency_p95': 0.7736921310424801, 'latency_p99': 0.8592629432678223, 'latency_p999': 0.9534375667572025, 'distance_computations': 9619.4574, 'distance_type': 'l2', 'ef_search': 200}
INFO:root:Metrics: {'node_links': 32, 'ef_construction': 50, 'recall': 0.9986569999999864, 'qps': 1197.4434237570745, 'latency_p50': 0.8347034454345703, 'latency_p95': 1.1608839035034175, 'latency_p99': 1.2924695014953613, 'latency_p999': 1.4297966957092285, 'distance_computations': 17401.8677, 'distance_type': 'l2', 'ef_search': 300}
INFO:root:Metrics: {'node_links': 32, 'ef_construction': 50, 'recall': 0.9993759999999918, 'qps': 684.3030352578633, 'latency_p50': 1.467585563659668, 'latency_p95': 2.0184993743896475, 'latency_p99': 2.235896587371826, 'latency_p999': 2.425195455551148, 'distance_computations': 32672.3821, 'distance_type': 'l2', 'ef_search': 500}
INFO:root:Metrics: {'node_links': 32, 'ef_construction': 50, 'recall': 0.9998169999999971, 'qps': 268.17447975236337, 'latency_p50': 3.7539005279541016, 'latency_p95': 4.891395568847656, 'latency_p99': 5.307939052581787, 'latency_p999': 5.7220520973205575, 'distance_computations': 77157.6085, 'distance_type': 'l2', 'ef_search': 1000}
INFO:root:Building index_type='hnsw'
INFO:root:Indexing time = 1.2824187278747559 seconds
INFO:root:Metrics: {'node_links': 32, 'ef_construction': 100, 'recall': 0.9887849999999491, 'qps': 3107.9269066201605, 'latency_p50': 0.3235340118408203, 'latency_p95': 0.438690185546875, 'latency_p99': 0.48733472824096696, 'latency_p999': 0.5350120067596437, 'distance_computations': 1829.7238, 'distance_type': 'l2', 'ef_search': 3000}
INFO:root:Metrics: {'node_links': 32, 'ef_construction': 100, 'recall': 0.9975519999999819, 'qps': 1847.280442254627, 'latency_p50': 0.5433559417724609, 'latency_p95': 0.7555484771728516, 'latency_p99': 0.8366131782531738, 'latency_p999': 0.9391310214996338, 'distance_computations': 5376.2865, 'distance_type': 'l2', 'ef_search': 100}
INFO:root:Metrics: {'node_links': 32, 'ef_construction': 100, 'recall': 0.9989239999999899, 'qps': 1357.8219964169564, 'latency_p50': 0.7374286651611328, 'latency_p95': 1.038599014282226, 'latency_p99': 1.1494159698486328, 'latency_p999': 1.279602289199831, 'distance_computations': 10629.5773, 'distance_type': 'l2', 'ef_search': 200}
INFO:root:Metrics: {'node_links': 32, 'ef_construction': 100, 'recall': 0.9995249999999942, 'qps': 913.1465701498172, 'latency_p50': 1.0963678359985352, 'latency_p95': 1.5521287918090816, 'latency_p99': 1.726641654968262, 'latency_p999': 1.8894703388214118, 'distance_computations': 19275.3523, 'distance_type': 'l2', 'ef_search': 300}
INFO:root:Metrics: {'node_links': 32, 'ef_construction': 100, 'recall': 0.9998589999999978, 'qps': 620.1032635130024, 'latency_p50': 1.620650291442871, 'latency_p95': 2.2528409957885738, 'latency_p99': 2.4950528144836426, 'latency_p999': 2.7291939258575475, 'distance_computations': 36314.1257, 'distance_type': 'l2', 'ef_search': 500}
INFO:root:Metrics: {'node_links': 32, 'ef_construction': 100, 'recall': 0.9999669999999993, 'qps': 246.9094769427605, 'latency_p50': 4.084110260009766, 'latency_p95': 5.345368385314941, 'latency_p99': 5.795271396636964, 'latency_p999': 6.273036718368531, 'distance_computations': 86316.8494, 'distance_type': 'l2', 'ef_search': 1000}
INFO:root:Building index_type='hnsw'
INFO:root:Indexing time = 2.254795789718628 seconds
INFO:root:Metrics: {'node_links': 32, 'ef_construction': 200, 'recall': 0.9914459999999559, 'qps': 2971.2357900711245, 'latency_p50': 0.3399848937988281, 'latency_p95': 0.45752525329589844, 'latency_p99': 0.5042576789855957, 'latency_p999': 0.5548021793365483, 'distance_computations': 1938.8859, 'distance_type': 'l2', 'ef_search': 3000}
INFO:root:Metrics: {'node_links': 32, 'ef_construction': 200, 'recall': 0.998519999999987, 'qps': 1764.2736174065071, 'latency_p50': 0.5702972412109375, 'latency_p95': 0.7896542549133299, 'latency_p99': 0.8683252334594728, 'latency_p999': 0.9596359729766848, 'distance_computations': 5710.0164, 'distance_type': 'l2', 'ef_search': 100}
INFO:root:Metrics: {'node_links': 32, 'ef_construction': 200, 'recall': 0.9994689999999944, 'qps': 1296.6355395705782, 'latency_p50': 0.7750988006591797, 'latency_p95': 1.0848164558410642, 'latency_p99': 1.2013959884643555, 'latency_p999': 1.313926458358765, 'distance_computations': 11306.2478, 'distance_type': 'l2', 'ef_search': 200}
INFO:root:Metrics: {'node_links': 32, 'ef_construction': 200, 'recall': 0.9998059999999978, 'qps': 873.5086971751934, 'latency_p50': 1.1521577835083008, 'latency_p95': 1.6179084777832031, 'latency_p99': 1.7971992492675781, 'latency_p999': 1.9645695686340332, 'distance_computations': 20535.5513, 'distance_type': 'l2', 'ef_search': 300}
INFO:root:Metrics: {'node_links': 32, 'ef_construction': 200, 'recall': 0.9999609999999993, 'qps': 504.35676626610046, 'latency_p50': 2.005457878112793, 'latency_p95': 2.7957201004028316, 'latency_p99': 3.085646629333497, 'latency_p999': 3.3528869152069105, 'distance_computations': 38778.1152, 'distance_type': 'l2', 'ef_search': 500}
INFO:root:Metrics: {'node_links': 32, 'ef_construction': 200, 'recall': 0.9999909999999999, 'qps': 202.13564688010388, 'latency_p50': 5.013108253479004, 'latency_p95': 6.561779975891113, 'latency_p99': 7.1044564247131365, 'latency_p999': 7.6711802482605105, 'distance_computations': 92585.8127, 'distance_type': 'l2', 'ef_search': 1000}
INFO:root:Building index_type='hnsw'
INFO:root:Indexing time = 3.1812684535980225 seconds
INFO:root:Metrics: {'node_links': 32, 'ef_construction': 300, 'recall': 0.9922249999999571, 'qps': 2923.152245538143, 'latency_p50': 0.34689903259277344, 'latency_p95': 0.4620552062988281, 'latency_p99': 0.5075979232788087, 'latency_p999': 0.5528926849365234, 'distance_computations': 1988.083, 'distance_type': 'l2', 'ef_search': 3000}
INFO:root:Metrics: {'node_links': 32, 'ef_construction': 300, 'recall': 0.9988259999999883, 'qps': 1731.3838335145363, 'latency_p50': 0.5831718444824219, 'latency_p95': 0.7987022399902344, 'latency_p99': 0.882866382598877, 'latency_p999': 0.9667901992797857, 'distance_computations': 5859.552, 'distance_type': 'l2', 'ef_search': 100}
INFO:root:Metrics: {'node_links': 32, 'ef_construction': 300, 'recall': 0.9996119999999955, 'qps': 1273.2545253799003, 'latency_p50': 0.7927417755126953, 'latency_p95': 1.099598407745361, 'latency_p99': 1.2161803245544436, 'latency_p999': 1.3299000263214114, 'distance_computations': 11608.0814, 'distance_type': 'l2', 'ef_search': 200}
INFO:root:Metrics: {'node_links': 32, 'ef_construction': 300, 'recall': 0.9999049999999988, 'qps': 857.4700085620168, 'latency_p50': 1.178145408630371, 'latency_p95': 1.636993885040283, 'latency_p99': 1.8200945854187014, 'latency_p999': 1.998425006866455, 'distance_computations': 21096.4955, 'distance_type': 'l2', 'ef_search': 300}
INFO:root:Metrics: {'node_links': 32, 'ef_construction': 300, 'recall': 0.9999769999999997, 'qps': 529.4334712562824, 'latency_p50': 1.8944740295410156, 'latency_p95': 2.6979565620422363, 'latency_p99': 3.0298256874084473, 'latency_p999': 3.341438531875611, 'distance_computations': 39874.8415, 'distance_type': 'l2', 'ef_search': 500}
INFO:root:Metrics: {'node_links': 32, 'ef_construction': 300, 'recall': 0.9999959999999999, 'qps': 224.28403607398045, 'latency_p50': 4.519820213317871, 'latency_p95': 5.876815319061278, 'latency_p99': 6.340293884277345, 'latency_p999': 6.849329948425301, 'distance_computations': 95402.3807, 'distance_type': 'l2', 'ef_search': 1000}
/cluster/home/emmanueq/code/flatnav/venv/lib/python3.11/site-packages/numpy/core/getlimits.py:549: UserWarning: The value of the smallest subnormal for <class 'numpy.float64'> type is zero.
  setattr(self, word, getattr(machar, word).flat[0])
/cluster/home/emmanueq/code/flatnav/venv/lib/python3.11/site-packages/numpy/core/getlimits.py:89: UserWarning: The value of the smallest subnormal for <class 'numpy.float64'> type is zero.
  return self._float_to_str(self.smallest_subnormal)
